07-11 16:21:16.057     0     0 I [  421.962467@3]  MUA: meta data size: 0 is invalid.
07-11 16:21:16.065     0     0 I [  421.962482@3]  MUA: get meta data fail.
07-11 16:21:16.065     0     0 I [  421.962608@3]  MUA: meta data size: 0 is invalid.
07-11 16:21:16.065     0     0 I [  421.962614@3]  MUA: get meta data fail.
07-11 16:21:16.065     0     0 I [  421.962720@3]  MUA: meta data size: 0 is invalid.
07-11 16:21:16.065     0     0 I [  421.963037@3]  MUA: get meta data fail.
07-11 16:21:16.065     0     0 I [  421.969585@3]  MUA: meta data size: 0 is invalid.
07-11 16:21:16.065     0     0 I [  421.969614@3]  MUA: get meta data fail.
07-11 16:21:16.065     0     0 I [  421.977155@3]  MUA: meta data size: 0 is invalid.
07-11 16:21:16.065     0     0 I [  421.977167@3]  MUA: get meta data fail.
07-11 16:21:16.065     0     0 I [  421.977308@3]  MUA: meta data size: 0 is invalid.
07-11 16:21:16.065     0     0 I [  421.977314@3]  MUA: get meta data fail.
07-11 16:21:17.585     0     0 I [  423.504004@3]  [1]: reset mode: 1, es frames buffering: 22
07-11 16:21:17.585     0     0 D         : [  423.504016@3]  vdec_v4l2_reset 1
07-11 16:21:17.589     0     0 W [  423.504921@3]  vp9: ver (201602101,0) decinfo: 1920x1088 rate=3200
07-11 16:21:17.589     0     0 D         : [  423.505079@3]  After vp9_bufmgr_init, prev_fb_idx : -1, new_fb_idx : -1
07-11 16:21:17.589     0     0 W         : [  423.506008@3]  set pts unstable
07-11 16:21:17.589     0     0 D         : [  423.506029@3]  [0]reset
07-11 16:21:17.589     0     0 I [  423.508121@3]  [1]: fb_map_table_clean done
07-11 16:21:17.589     0     0 I [  423.508132@3]  [1]: fb_token_clean done
07-11 16:21:17.617     0     0 I [  423.535632@3]  [1]: release decoder ffffff804577c000
07-11 16:21:17.621     0     0 I [  423.537725@2]  [1]: reset mode: 1, es frames buffering: 0
07-11 16:21:17.621     0     0 D         : [  423.537736@2]  vdec_v4l2_reset 1
07-11 16:21:17.621     0     0 W [  423.537855@2]  vp9: ver (201602101,0) decinfo: 1920x1088 rate=3200
07-11 16:21:17.621     0     0 D         : [  423.538039@2]  After vp9_bufmgr_init, prev_fb_idx : -1, new_fb_idx : -1
07-11 16:21:17.621     0     0 W         : [  423.539034@2]  set pts unstable
07-11 16:21:17.621     0     0 D         : [  423.539051@2]  [0]reset
07-11 16:21:17.629     0     0 I [  423.548302@1]  vframe_rate_uevent: sent uevent FRAME_RATE_HINT=0
07-11 16:21:17.629     0     0 D         : [  423.548397@1]  vdec_disable_DMC input->target= 0x1
07-11 16:21:17.633     0     0 D         : [  423.549359@1]  vdec_release instance 00000000966ab51a, total 1
07-11 16:21:17.633     0     0 D         : [  423.549636@1]  the clk_hevcf_mux   clock off, ref cnt: 0
07-11 16:21:17.633     0     0 D         : [  423.549676@1]  the pwrc-hevc       power off
07-11 16:21:17.633     0     0 D         : [  423.549692@1]  the vdec            clock off, ref cnt: 0
07-11 16:21:17.637     0     0 E         : [  423.553726@0]  disalbe fastplay
07-11 16:21:17.974     0     0 I         : [  423.869882@1]  show_ctx_mem_pool_size
07-11 16:21:19.407   569   646 I chatty  : uid=1000(system) ConnectivitySer expire 1 line
07-11 16:21:24.091   569  1898 I chatty  : uid=1000(system) Binder:569_1F expire 2 lines
07-11 16:21:27.949     0     0 I         : [  423.888911@2]  show_ctx_mem_pool_size
07-11 16:21:38.924   569   631 I chatty  : uid=1000(system) InputReader expire 125 lines
07-11 16:21:38.925   569   630 I chatty  : uid=1000(system) InputDispatcher expire 107 lines
07-11 16:21:39.200   569   629 I chatty  : uid=1000(system) AlarmManager expire 5 lines
07-11 16:21:39.205   569   569 I chatty  : uid=1000(system) Binder:569_3 expire 9 lines
07-11 16:21:39.265     0     0 I         : [  433.866402@1]  show_ctx_mem_pool_size
07-11 16:21:39.281     0     0 I         : [  445.182010@3]  show_ctx_mem_pool_size
07-11 16:22:09.293   569  1870 I chatty  : uid=1000(system) Binder:569_13 expire 4 lines
07-11 16:22:09.308   569  1886 I chatty  : uid=1000(system) Binder:569_1A expire 3 lines
07-11 16:22:22.549   569  1891 I chatty  : uid=1000(system) Binder:569_1C expire 3 lines
07-11 16:22:36.086   569   631 I chatty  : uid=1000(system) InputReader expire 84 lines
07-11 16:22:36.087   569   630 I chatty  : uid=1000(system) InputDispatcher expire 82 lines
07-11 16:22:39.190   569  1886 I chatty  : uid=1000(system) Binder:569_1A expire 3 lines
07-11 16:22:39.283   569   629 I chatty  : uid=1000(system) AlarmManager expire 4 lines
07-11 16:22:39.286   569   569 I chatty  : uid=1000(system) Binder:569_3 expire 19 lines
07-11 16:22:39.341     0     0 I         : [  445.199366@3]  show_ctx_mem_pool_size
07-11 16:22:58.421     0     0 I         : [  505.259037@0]  show_ctx_mem_pool_size
07-11 16:23:06.637   569  1879 I chatty  : uid=1000(system) Binder:569_16 expire 3 lines
07-11 16:23:07.008   569  1898 I chatty  : uid=1000(system) Binder:569_1F expire 6 lines
07-11 16:23:11.754   569   646 I chatty  : uid=1000(system) ConnectivitySer expire 2 lines
07-11 16:23:13.040   569   609 I chatty  : uid=1000(system) PackageManager expire 9 lines
07-11 16:23:14.347   569   584 I chatty  : uid=1000(system) android.fg expire 1 line
07-11 16:23:14.363   569   593 I chatty  : uid=1000(system) ActivityManager expire 8 lines
07-11 16:23:14.399   569   594 I chatty  : uid=1000(system) ActivityManager expire 11 lines
07-11 16:23:14.512   569  1876 I chatty  : uid=1000(system) Binder:569_15 expire 5 lines
07-11 16:23:14.514   569   896 I chatty  : uid=1000(system) Binder:569_9 expire 1 line
07-11 16:23:14.694   569  1874 I chatty  : uid=1000(system) Binder:569_14 expire 4 lines
07-11 16:23:15.351   569   592 I chatty  : uid=1000(system) android.bg expire 2 lines
07-11 16:23:15.745  1266  4806 D ActivityThread: Loading provider com.google.android.gms.games.background: com.google.android.gms.games.chimera.GamesContentProviderProxy
07-11 16:23:25.383   569   569 I chatty  : uid=1000(system) Binder:569_3 expire 2 lines
07-11 16:23:29.185   569   631 I chatty  : uid=1000(system) InputReader expire 2 lines
07-11 16:23:29.188   569   630 I chatty  : uid=1000(system) InputDispatcher expire 2 lines
07-11 16:23:29.390   569  1897 I chatty  : uid=1000(system) Binder:569_1E expire 2 lines
07-11 16:23:29.419   569   587 I chatty  : uid=1000(system) android.display expire 2 lines
07-11 16:23:29.479   569   594 I chatty  : uid=1000(system) ActivityManager expire 2 lines
07-11 16:23:29.493     0     0 I         : [  524.339266@2]  show_ctx_mem_pool_size
07-11 16:23:29.542   569   592 I chatty  : uid=1000(system) android.bg expire 9 lines
07-11 16:23:29.546  1375  1582 W ContextImpl: Calling a method in the system process without a qualified user: android.app.ContextImpl.sendBroadcast:1126 android.content.ContextWrapper.sendBroadcast:473 mitv.internal.PackageUsagePolicy.handleUsageEvent:50 mitv.internal.TvServiceDefaultImpl$EventHandler.handleMessage:1903 android.os.Handler.dispatchMessage:106 
07-11 16:23:29.613   569   585 I chatty  : uid=1000(system) android.ui expire 13 lines
07-11 16:23:30.048   569  1897 I chatty  : uid=1000(system) Binder:569_1E expire 2 lines
07-11 16:23:30.531   569  1891 I chatty  : uid=1000(system) Binder:569_1C expire 6 lines
07-11 16:23:30.531   569   646 I chatty  : uid=1000(system) ConnectivitySer expire 3 lines
07-11 16:23:30.532   569  1879 I chatty  : uid=1000(system) Binder:569_16 expire 3 lines
07-11 16:23:31.460   569   631 I chatty  : uid=1000(system) InputReader expire 48 lines
07-11 16:23:31.462   569   630 I chatty  : uid=1000(system) InputDispatcher expire 60 lines
07-11 16:23:32.443   569  1299 I chatty  : uid=1000(system) LazyTaskWriterT expire 2 lines
07-11 16:23:34.901  1375  1582 W ContextImpl: Calling a method in the system process without a qualified user: android.app.ContextImpl.sendBroadcast:1126 android.content.ContextWrapper.sendBroadcast:473 mitv.internal.PackageUsagePolicy.handleUsageEvent:50 mitv.internal.TvServiceDefaultImpl$EventHandler.handleMessage:1903 android.os.Handler.dispatchMessage:106 
07-11 16:23:35.705     0     0 I         : [  555.410072@1]  show_ctx_mem_pool_size
07-11 16:23:39.347   569   629 I chatty  : uid=1000(system) AlarmManager expire 1 line
07-11 16:23:39.356   569   569 I chatty  : uid=1000(system) Binder:569_3 expire 8 lines
07-11 16:23:39.441   569  1886 I chatty  : uid=1000(system) Binder:569_1A expire 1 line
07-11 16:23:40.538   569   672 I chatty  : uid=1000(system) Hdmi Control Io expire 7 lines
07-11 16:23:40.599  1375  1582 W ContextImpl: Calling a method in the system process without a qualified user: android.app.ContextImpl.sendBroadcast:1126 android.content.ContextWrapper.sendBroadcast:473 mitv.internal.PackageUsagePolicy.handleUsageEvent:50 mitv.internal.TvServiceDefaultImpl$EventHandler.handleMessage:1903 android.os.Handler.dispatchMessage:106 
07-11 16:23:40.721  1495  4885 E ActivityThread: Failed to find provider info for tvlauncher.mic
07-11 16:23:40.902   569  1595 I chatty  : uid=1000(system) Binder:569_F expire 5 lines
07-11 16:23:48.642   569  1869 I chatty  : uid=1000(system) Binder:569_12 expire 2 lines
07-11 16:23:48.654  1375  1582 W ContextImpl: Calling a method in the system process without a qualified user: android.app.ContextImpl.sendBroadcast:1126 android.content.ContextWrapper.sendBroadcast:473 mitv.internal.PackageUsagePolicy.handleUsageEvent:50 mitv.internal.TvServiceDefaultImpl$EventHandler.handleMessage:1903 android.os.Handler.dispatchMessage:106 
07-11 16:23:50.222   569   631 I chatty  : uid=1000(system) InputReader expire 40 lines
07-11 16:23:50.224   569   630 I chatty  : uid=1000(system) InputDispatcher expire 53 lines
07-11 16:23:55.917   569   592 I chatty  : uid=1000(system) android.bg expire 11 lines
07-11 16:23:55.919  1375  1582 W ContextImpl: Calling a method in the system process without a qualified user: android.app.ContextImpl.sendBroadcast:1126 android.content.ContextWrapper.sendBroadcast:473 mitv.internal.PackageUsagePolicy.handleUsageEvent:50 mitv.internal.TvServiceDefaultImpl$EventHandler.handleMessage:1903 android.os.Handler.dispatchMessage:106 
07-11 16:23:55.961     0     0 I         : [  561.622233@0]  show_ctx_mem_pool_size
07-11 16:23:55.972   569  1886 I chatty  : uid=1000(system) Binder:569_1A expire 10 lines
07-11 16:23:55.989     0     0 I         : [  581.878704@1]  show_ctx_mem_pool_size
07-11 16:23:55.999     0     0 I         : [  581.906613@1]  show_ctx_mem_pool_size
07-11 16:23:56.975   569  1869 I chatty  : uid=1000(system) Binder:569_12 expire 5 lines
07-11 16:23:59.372   569   631 I chatty  : uid=1000(system) InputReader expire 60 lines
07-11 16:23:59.583  1375  1582 W ContextImpl: Calling a method in the system process without a qualified user: android.app.ContextImpl.sendBroadcast:1126 android.content.ContextWrapper.sendBroadcast:473 mitv.internal.PackageUsagePolicy.handleUsageEvent:50 mitv.internal.TvServiceDefaultImpl$EventHandler.handleMessage:1903 android.os.Handler.dispatchMessage:106 
07-11 16:24:00.004   569   629 I chatty  : uid=1000(system) AlarmManager expire 4 lines
07-11 16:24:00.006   569   569 I chatty  : uid=1000(system) Binder:569_3 expire 8 lines
07-11 16:24:03.273   569  1595 I chatty  : uid=1000(system) Binder:569_F expire 8 lines
07-11 16:24:03.299  1375  1582 W ContextImpl: Calling a method in the system process without a qualified user: android.app.ContextImpl.sendBroadcast:1126 android.content.ContextWrapper.sendBroadcast:473 mitv.internal.PackageUsagePolicy.handleUsageEvent:50 mitv.internal.TvServiceDefaultImpl$EventHandler.handleMessage:1903 android.os.Handler.dispatchMessage:106 
07-11 16:24:03.355     0     0 I         : [  581.915694@3]  show_ctx_mem_pool_size
07-11 16:24:03.365     0     0 I         : [  589.269486@0]  show_ctx_mem_pool_size
07-11 16:24:03.461   569   630 I chatty  : uid=1000(system) InputDispatcher expire 36 lines
07-11 16:24:10.145   569  1299 I chatty  : uid=1000(system) LazyTaskWriterT expire 4 lines
07-11 16:24:17.212  1375  1582 W ContextImpl: Calling a method in the system process without a qualified user: android.app.ContextImpl.sendBroadcast:1126 android.content.ContextWrapper.sendBroadcast:473 mitv.internal.PackageUsagePolicy.handleUsageEvent:50 mitv.internal.TvServiceDefaultImpl$EventHandler.handleMessage:1903 android.os.Handler.dispatchMessage:106 
07-11 16:24:17.234     0     0 I         : [  589.282126@0]  show_ctx_mem_pool_size
07-11 16:24:17.343   569  1898 I chatty  : uid=1000(system) Binder:569_1F expire 2 lines
07-11 16:24:22.959   569   631 I chatty  : uid=1000(system) InputReader expire 12 lines
07-11 16:24:22.961   569   630 I chatty  : uid=1000(system) InputDispatcher expire 12 lines
07-11 16:24:27.315  1375  1582 W ContextImpl: Calling a method in the system process without a qualified user: android.app.ContextImpl.sendBroadcast:1126 android.content.ContextWrapper.sendBroadcast:473 mitv.internal.PackageUsagePolicy.handleUsageEvent:50 mitv.internal.TvServiceDefaultImpl$EventHandler.handleMessage:1903 android.os.Handler.dispatchMessage:106 
07-11 16:24:32.745     0     0 I         : [  603.148847@1]  show_ctx_mem_pool_size
07-11 16:24:32.819   569  1891 I chatty  : uid=1000(system) Binder:569_1C expire 6 lines
07-11 16:24:32.855  1375  1582 W ContextImpl: Calling a method in the system process without a qualified user: android.app.ContextImpl.sendBroadcast:1126 android.content.ContextWrapper.sendBroadcast:473 mitv.internal.PackageUsagePolicy.handleUsageEvent:50 mitv.internal.TvServiceDefaultImpl$EventHandler.handleMessage:1903 android.os.Handler.dispatchMessage:106 
07-11 16:24:32.876   569   646 I chatty  : uid=1000(system) ConnectivitySer expire 3 lines
--------- beginning of crash
07-11 16:24:32.938  4179  4179 E AndroidRuntime: FATAL EXCEPTION: main
07-11 16:24:32.938  4179  4179 E AndroidRuntime: Process: com.guzelboard.infoboard, PID: 4179
07-11 16:24:32.938  4179  4179 E AndroidRuntime: java.lang.IllegalStateException: View with id -1: crc640ec207abc449b2ca.ShellPageContainer#onMeasure() did not set the measured dimension by calling setMeasuredDimension()
07-11 16:24:32.938  4179  4179 E AndroidRuntime: 	at android.view.View.measure(View.java:25479)
07-11 16:24:32.938  4179  4179 E AndroidRuntime: 	at android.view.ViewGroup.measureChildWithMargins(ViewGroup.java:6957)
07-11 16:24:32.938  4179  4179 E AndroidRuntime: 	at android.widget.FrameLayout.onMeasure(FrameLayout.java:194)
07-11 16:24:32.938  4179  4179 E AndroidRuntime: 	at android.view.View.measure(View.java:25466)
07-11 16:24:32.938  4179  4179 E AndroidRuntime: 	at androidx.recyclerview.widget.RecyclerView$LayoutManager.measureChildWithMargins(RecyclerView.java:9681)
07-11 16:24:32.938  4179  4179 E AndroidRuntime: 	at androidx.recyclerview.widget.LinearLayoutManager.layoutChunk(LinearLayoutManager.java:1657)
07-11 16:24:32.938  4179  4179 E AndroidRuntime: 	at androidx.recyclerview.widget.LinearLayoutManager.fill(LinearLayoutManager.java:1591)
07-11 16:24:32.938  4179  4179 E AndroidRuntime: 	at androidx.recyclerview.widget.LinearLayoutManager.onLayoutChildren(LinearLayoutManager.java:668)
07-11 16:24:32.938  4179  4179 E AndroidRuntime: 	at androidx.recyclerview.widget.RecyclerView.dispatchLayoutStep2(RecyclerView.java:4309)
07-11 16:24:32.938  4179  4179 E AndroidRuntime: 	at androidx.recyclerview.widget.RecyclerView.dispatchLayout(RecyclerView.java:4012)
07-11 16:24:32.938  4179  4179 E AndroidRuntime: 	at androidx.recyclerview.widget.RecyclerView.onLayout(RecyclerView.java:4578)
07-11 16:24:32.938  4179  4179 E AndroidRuntime: 	at android.view.View.layout(View.java:22844)
07-11 16:24:32.938  4179  4179 E AndroidRuntime: 	at android.view.ViewGroup.layout(ViewGroup.java:6389)
07-11 16:24:32.938  4179  4179 E AndroidRuntime: 	at androidx.viewpager2.widget.ViewPager2.onLayout(ViewPager2.java:527)
07-11 16:24:32.938  4179  4179 E AndroidRuntime: 	at android.view.View.layout(View.java:22844)
07-11 16:24:32.938  4179  4179 E AndroidRuntime: 	at android.view.ViewGroup.layout(ViewGroup.java:6389)
07-11 16:24:32.938  4179  4179 E AndroidRuntime: 	at com.google.android.material.appbar.HeaderScrollingViewBehavior.layoutChild(HeaderScrollingViewBehavior.java:149)
07-11 16:24:32.938  4179  4179 E AndroidRuntime: 	at com.google.android.material.appbar.ViewOffsetBehavior.onLayoutChild(ViewOffsetBehavior.java:43)
07-11 16:24:32.938  4179  4179 E AndroidRuntime: 	at com.google.android.material.appbar.AppBarLayout$ScrollingViewBehavior.onLayoutChild(AppBarLayout.java:2253)
07-11 16:24:32.938  4179  4179 E AndroidRuntime: 	at androidx.coordinatorlayout.widget.CoordinatorLayout.onLayout(CoordinatorLayout.java:953)
07-11 16:24:32.938  4179  4179 E AndroidRuntime: 	at android.view.View.layout(View.java:22844)
07-11 16:24:32.938  4179  4179 E AndroidRuntime: 	at android.view.ViewGroup.layout(ViewGroup.java:6389)
07-11 16:24:32.938  4179  4179 E AndroidRuntime: 	at android.widget.FrameLayout.layoutChildren(FrameLayout.java:332)
07-11 16:24:32.938  4179  4179 E AndroidRuntime: 	at android.widget.FrameLayout.onLayout(FrameLayout.java:270)
07-11 16:24:32.938  4179  4179 E AndroidRuntime: 	at android.view.View.layout(View.java:22844)
07-11 16:24:32.938  4179  4179 E AndroidRuntime: 	at android.view.ViewGroup.layout(ViewGroup.java:6389)
07-11 16:24:32.938  4179  4179 E AndroidRuntime: 	at android.widget.LinearLayout.setChildFrame(LinearLayout.java:1829)
07-11 16:24:32.938  4179  4179 E AndroidRuntime: 	at android.widget.LinearLayout.layoutVertical(LinearLayout.java:1673)
07-11 16:24:32.938  4179  4179 E AndroidRuntime: 	at android.widget.LinearLayout.onLayout(LinearLayout.java:1582)
07-11 16:24:32.938  4179  4179 E AndroidRuntime: 	at android.view.View.layout(View.java:22844)
07-11 16:24:32.938  4179  4179 E AndroidRuntime: 	at android.view.ViewGroup.layout(ViewGroup.java:6389)
07-11 16:24:32.938  4179  4179 E AndroidRuntime: 	at android.widget.FrameLayout.layoutChildren(FrameLayout.java:332)
07-11 16:24:32.938  4179  4179 E AndroidRuntime: 	at android.widget.FrameLayout.onLayout(FrameLayout.java:270)
07-11 16:24:32.938  4179  4179 E AndroidRuntime: 	at android.view.View.layout(View.java:22844)
07-11 16:24:32.938  4179  4179 E AndroidRuntime: 	at android.view.ViewGroup.layout(ViewGroup.java:6389)
07-11 16:24:32.938  4179  4179 E AndroidRuntime: 	at androidx.drawerlayout.widget.DrawerLayout.onLayout(DrawerLayout.java:1263)
07-11 16:24:32.938  4179  4179 E AndroidRuntime: 	at android.view.View.layout(View.java:22844)
07-11 16:24:32.938  4179  4179 E AndroidRuntime: 	at android.view.ViewGroup.layout(ViewGroup.java:6389)
07-11 16:24:32.938  4179  4179 E AndroidRuntime: 	at android.widget.LinearLayout.setChildFrame(LinearLayout.java:1829)
07-11 16:24:32.938  4179  4179 E AndroidRuntime: 	at android.widget.LinearLayout.layoutHorizontal(LinearLayout.java:1818)
07-11 16:24:32.938  4179  4179 E AndroidRuntime: 	at android.widget.LinearLayout.onLayout(LinearLayout.java:1584)
07-11 16:24:32.938  4179  4179 E AndroidRuntime: 	at android.view.View.layout(View.java:22844)
07-11 16:24:32.938  4179  4179 E AndroidRuntime: 	at android.view.ViewGroup.layout(ViewGroup.java:6389)
07-11 16:24:32.938  4179  4179 E AndroidRuntime: 	at android.widget.FrameLayout.layoutChildren(FrameLayout.java:332)
07-11 16:24:32.938  4179  4179 E AndroidRuntime: 	at android.widget.FrameLayout.onLayout(FrameLayout.java:270)
07-11 16:24:32.938  4179  4179 E AndroidRuntime: 	at android.view.View.layout(View.java:22844)
07-11 16:24:32.938  4179  4179 E AndroidRuntime: 	at android.view.ViewGroup.layout(ViewGroup.java:6389)
07-11 16:24:32.938  4179  4179 E AndroidRuntime: 	at android.widget.FrameLayout.layoutChildren(FrameLayout.java:332)
07-11 16:24:32.938  4179  4179 E AndroidRuntime: 	at android.widget.FrameLayout.onLayout(FrameLayout.java:270)
07-11 16:24:32.938  4179  4179 E AndroidRuntime: 	at android.view.View.layout(View.java:22844)
07-11 16:24:32.938  4179  4179 E AndroidRuntime: 	at android.view.ViewGroup.layout(ViewGroup.java:6389)
07-11 16:24:32.938  4179  4179 E AndroidRuntime: 	at android.widget.FrameLayout.layoutChildren(FrameLayout.java:332)
07-11 16:24:32.938  4179  4179 E AndroidRuntime: 	at android.widget.FrameLayout.onLayout(FrameLayout.java:270)
07-11 16:24:32.938  4179  4179 E AndroidRuntime: 	at android.view.View.layout(View.java:22844)
07-11 16:24:32.938  4179  4179 E AndroidRuntime: 	at android.view.ViewGroup.layout(ViewGroup.java:6389)
07-11 16:24:32.938  4179  4179 E AndroidRuntime: 	at android.widget.LinearLayout.setChildFrame(LinearLayout.java:1829)
07-11 16:24:32.938  4179  4179 E AndroidRuntime: 	at android.widget.LinearLayout.layoutVertical(LinearLayout.java:1673)
07-11 16:24:32.938  4179  4179 E AndroidRuntime: 	at android.widget.LinearLayout.onLayout(LinearLayout.java:1582)
07-11 16:24:32.938  4179  4179 E AndroidRuntime: 	at android.view.View.layout(View.java:22844)
07-11 16:24:32.938  4179  4179 E AndroidRuntime: 	at android.view.ViewGroup.layout(ViewGroup.java:6389)
07-11 16:24:32.938  4179  4179 E AndroidRuntime: 	at android.widget.FrameLayout.layoutChildren(FrameLayout.java:332)
07-11 16:24:32.938  4179  4179 E AndroidRuntime: 	at android.widget.FrameLayout.onLayout(FrameLayout.java:270)
07-11 16:24:32.938  4179  4179 E AndroidRuntime: 	at com.android.internal.policy.DecorView.onLayout(DecorView.java:784)
07-11 16:24:32.938  4179  4179 E AndroidRuntime: 	at android.view.View.layout(View.java:22844)
07-11 16:24:32.938  4179  4179 E AndroidRuntime: 	at android.view.ViewGroup.layout(ViewGroup.java:6389)
07-11 16:24:32.938  4179  4179 E AndroidRuntime: 	at android.view.ViewRootImpl.performLayout(ViewRootImpl.java:3470)
07-11 16:24:32.938  4179  4179 E AndroidRuntime: 	at android.view.ViewRootImpl.performTraversals(ViewRootImpl.java:2938)
07-11 16:24:32.938  4179  4179 E AndroidRuntime: 	at android.view.ViewRootImpl.doTraversal(ViewRootImpl.java:1952)
07-11 16:24:32.938  4179  4179 E AndroidRuntime: 	at android.view.ViewRootImpl$TraversalRunnable.run(ViewRootImpl.java:8184)
07-11 16:24:32.938  4179  4179 E AndroidRuntime: 	at android.view.Choreographer$CallbackRecord.run(Choreographer.java:972)
07-11 16:24:32.938  4179  4179 E AndroidRuntime: 	at android.view.Choreographer.doCallbacks(Choreographer.java:796)
07-11 16:24:32.938  4179  4179 E AndroidRuntime: 	at android.view.Choreographer.doFrame(Choreographer.java:731)
07-11 16:24:32.938  4179  4179 E AndroidRuntime: 	at android.view.Choreographer$FrameDisplayEventReceiver.run(Choreographer.java:957)
07-11 16:24:32.938  4179  4179 E AndroidRuntime: 	at android.os.Handler.handleCallback(Handler.java:938)
07-11 16:24:32.938  4179  4179 E AndroidRuntime: 	at android.os.Handler.dispatchMessage(Handler.java:99)
07-11 16:24:32.938  4179  4179 E AndroidRuntime: 	at android.os.Looper.loop(Looper.java:223)
07-11 16:24:32.938  4179  4179 E AndroidRuntime: 	at android.app.ActivityThread.main(ActivityThread.java:7656)
07-11 16:24:32.938  4179  4179 E AndroidRuntime: 	at java.lang.reflect.Method.invoke(Native Method)
07-11 16:24:32.938  4179  4179 E AndroidRuntime: 	at com.android.internal.os.RuntimeInit$MethodAndArgsCaller.run(RuntimeInit.java:592)
07-11 16:24:32.938  4179  4179 E AndroidRuntime: 	at com.android.internal.os.ZygoteInit.main(ZygoteInit.java:947)
07-11 16:24:33.071   569  4915 I chatty  : uid=1000(system) Binder:569_3 expire 1 line
07-11 16:24:33.099   569   593 I chatty  : uid=1000(system) ActivityManager expire 2 lines
07-11 16:24:33.282   569  1874 I chatty  : uid=1000(system) Binder:569_14 expire 1 line
07-11 16:24:33.283   569  1870 I chatty  : uid=1000(system) Binder:569_13 expire 6 lines
07-11 16:24:33.298   569  1879 I chatty  : uid=1000(system) Binder:569_16 expire 2 lines
07-11 16:24:33.442   569   587 I chatty  : uid=1000(system) android.display expire 2 lines
07-11 16:24:33.443   569   585 I chatty  : uid=1000(system) android.ui expire 1 line
07-11 16:24:33.574   569   599 I chatty  : uid=1000(system) batterystats-wo expire 1 line
07-11 16:24:33.574   569   592 I chatty  : uid=1000(system) android.bg expire 3 lines
07-11 16:24:33.576  1375  1582 W ContextImpl: Calling a method in the system process without a qualified user: android.app.ContextImpl.sendBroadcast:1126 android.content.ContextWrapper.sendBroadcast:473 mitv.internal.PackageUsagePolicy.handleUsageEvent:50 mitv.internal.TvServiceDefaultImpl$EventHandler.handleMessage:1903 android.os.Handler.dispatchMessage:106 
07-11 16:24:33.578   569  1886 I chatty  : uid=1000(system) Binder:569_1A expire 3 lines
07-11 16:24:35.472   569   631 I chatty  : uid=1000(system) InputReader expire 8 lines
07-11 16:24:35.474   569   630 I chatty  : uid=1000(system) InputDispatcher expire 8 lines
07-11 16:24:35.731  1375  1582 W ContextImpl: Calling a method in the system process without a qualified user: android.app.ContextImpl.sendBroadcast:1126 android.content.ContextWrapper.sendBroadcast:473 mitv.internal.PackageUsagePolicy.handleUsageEvent:50 mitv.internal.TvServiceDefaultImpl$EventHandler.handleMessage:1903 android.os.Handler.dispatchMessage:106 
07-11 16:24:35.812  1495  4927 E ActivityThread: Failed to find provider info for tvlauncher.mic
07-11 16:24:35.897     0     0 I         : [  618.663785@2]  show_ctx_mem_pool_size
07-11 16:24:35.918   569  1373 I chatty  : uid=1000(system) Binder:569_C expire 3 lines
07-11 16:24:35.921     0     0 I         : [  621.814757@2]  show_ctx_mem_pool_size
07-11 16:24:35.932     0     0 I         : [  621.840088@2]  show_ctx_mem_pool_size
07-11 16:24:35.941     0     0 I         : [  621.842196@2]  show_ctx_mem_pool_size
07-11 16:24:35.941     0     0 I         : [  621.856998@2]  show_ctx_mem_pool_size
07-11 16:24:35.945     0     0 I         : [  621.860401@2]  show_ctx_mem_pool_size
07-11 16:24:35.953     0     0 I         : [  621.863324@2]  show_ctx_mem_pool_size
07-11 16:24:35.961     0     0 I         : [  621.870857@0]  show_ctx_mem_pool_size
07-11 16:24:35.965     0     0 I         : [  621.879120@0]  show_ctx_mem_pool_size
07-11 16:24:35.965     0     0 I         : [  621.880693@2]  show_ctx_mem_pool_size
07-11 16:24:35.970     0     0 I         : [  621.882460@0]  show_ctx_mem_pool_size
07-11 16:24:35.977     0     0 I         : [  621.885349@0]  show_ctx_mem_pool_size
07-11 16:24:35.987     0     0 I         : [  621.894271@0]  show_ctx_mem_pool_size
07-11 16:24:35.998     0     0 I         : [  621.900880@0]  show_ctx_mem_pool_size
07-11 16:24:36.014     0     0 I         : [  621.914800@0]  show_ctx_mem_pool_size
07-11 16:24:36.040     0     0 I         : [  621.930321@2]  show_ctx_mem_pool_size
07-11 16:24:36.040     0     0 I         : [  621.954474@2]  show_ctx_mem_pool_size
07-11 16:24:36.045     0     0 I         : [  621.958989@2]  show_ctx_mem_pool_size
07-11 16:24:36.045     0     0 I         : [  621.961663@2]  show_ctx_mem_pool_size
07-11 16:24:36.053     0     0 I         : [  621.963808@2]  show_ctx_mem_pool_size
07-11 16:24:36.057     0     0 I         : [  621.971266@2]  show_ctx_mem_pool_size
07-11 16:24:36.061     0     0 I         : [  621.974691@2]  show_ctx_mem_pool_size
07-11 16:24:36.061     0     0 I         : [  621.977519@2]  show_ctx_mem_pool_size
07-11 16:24:36.065     0     0 I         : [  621.979906@2]  show_ctx_mem_pool_size
07-11 16:24:36.070     0     0 I         : [  621.983428@2]  show_ctx_mem_pool_size
07-11 16:24:36.070     0     0 I         : [  621.986758@2]  show_ctx_mem_pool_size
07-11 16:24:36.077     0     0 I         : [  621.988799@2]  show_ctx_mem_pool_size
07-11 16:24:36.077     0     0 I         : [  621.992997@2]  show_ctx_mem_pool_size
07-11 16:24:36.081     0     0 I         : [  621.995770@2]  show_ctx_mem_pool_size
07-11 16:24:36.081     0     0 I         : [  621.998290@2]  show_ctx_mem_pool_size
07-11 16:24:36.085     0     0 I         : [  622.000521@2]  show_ctx_mem_pool_size
07-11 16:24:36.090     0     0 I         : [  622.002983@2]  show_ctx_mem_pool_size
07-11 16:24:36.093     0     0 I         : [  622.005512@2]  show_ctx_mem_pool_size
07-11 16:24:36.098     0     0 I         : [  622.012369@2]  show_ctx_mem_pool_size
07-11 16:24:36.101     0     0 I         : [  622.015216@2]  show_ctx_mem_pool_size
07-11 16:24:36.101     0     0 I         : [  622.017886@2]  show_ctx_mem_pool_size
07-11 16:24:36.109     0     0 I         : [  622.020189@2]  show_ctx_mem_pool_size
07-11 16:24:36.113     0     0 I         : [  622.027284@2]  show_ctx_mem_pool_size
07-11 16:24:36.113     0     0 I         : [  622.029819@2]  show_ctx_mem_pool_size
07-11 16:24:36.117     0     0 I         : [  622.032476@2]  show_ctx_mem_pool_size
07-11 16:24:36.121     0     0 I         : [  622.034887@2]  show_ctx_mem_pool_size
07-11 16:24:36.125     0     0 I         : [  622.037436@2]  show_ctx_mem_pool_size
07-11 16:24:36.130     0     0 I         : [  622.041313@2]  show_ctx_mem_pool_size
07-11 16:24:36.130     0     0 I         : [  622.045450@2]  show_ctx_mem_pool_size
07-11 16:24:36.133     0     0 I         : [  622.047684@2]  show_ctx_mem_pool_size
07-11 16:24:36.133     0     0 I         : [  622.049692@2]  show_ctx_mem_pool_size
07-11 16:24:36.138     0     0 I         : [  622.051988@2]  show_ctx_mem_pool_size
07-11 16:24:36.141     0     0 I         : [  622.054357@2]  show_ctx_mem_pool_size
07-11 16:24:36.145     0     0 I         : [  622.059318@2]  show_ctx_mem_pool_size
07-11 16:24:36.149     0     0 I         : [  622.061705@2]  show_ctx_mem_pool_size
07-11 16:24:36.149     0     0 I         : [  622.065280@2]  show_ctx_mem_pool_size
07-11 16:24:36.153     0     0 I         : [  622.067898@2]  show_ctx_mem_pool_size
07-11 16:24:36.157     0     0 I         : [  622.070355@2]  show_ctx_mem_pool_size
07-11 16:24:36.161     0     0 I         : [  622.074797@2]  show_ctx_mem_pool_size
07-11 16:24:36.161     0     0 I         : [  622.077391@2]  show_ctx_mem_pool_size
07-11 16:24:36.165     0     0 I         : [  622.079727@2]  show_ctx_mem_pool_size
07-11 16:24:36.165     0     0 I         : [  622.082265@2]  show_ctx_mem_pool_size
07-11 16:24:36.169     0     0 I         : [  622.084314@2]  show_ctx_mem_pool_size
07-11 16:24:36.169     0     0 I         : [  622.086464@2]  show_ctx_mem_pool_size
07-11 16:24:36.178     0     0 I         : [  622.088709@2]  show_ctx_mem_pool_size
07-11 16:24:36.178     0     0 I         : [  622.092501@2]  show_ctx_mem_pool_size
07-11 16:24:36.181     0     0 I         : [  622.096692@2]  show_ctx_mem_pool_size
07-11 16:24:36.185     0     0 I         : [  622.099500@2]  show_ctx_mem_pool_size
07-11 16:24:36.193     0     0 I         : [  622.103904@2]  show_ctx_mem_pool_size
07-11 16:24:36.193     0     0 I         : [  622.108845@2]  show_ctx_mem_pool_size
07-11 16:24:36.198     0     0 I         : [  622.111601@2]  show_ctx_mem_pool_size
07-11 16:24:36.201     0     0 I         : [  622.114891@2]  show_ctx_mem_pool_size
07-11 16:24:36.201     0     0 I         : [  622.117798@2]  show_ctx_mem_pool_size
07-11 16:24:36.205     0     0 I         : [  622.119662@2]  show_ctx_mem_pool_size
07-11 16:24:36.209     0     0 I         : [  622.122122@2]  show_ctx_mem_pool_size
07-11 16:24:36.209     0     0 I         : [  622.125532@2]  show_ctx_mem_pool_size
07-11 16:24:36.215     0     0 I         : [  622.128158@2]  show_ctx_mem_pool_size
07-11 16:24:36.225     0     0 I         : [  622.130318@2]  show_ctx_mem_pool_size
07-11 16:24:36.238     0     0 I         : [  622.140624@2]  show_ctx_mem_pool_size
07-11 16:24:36.251     0     0 I         : [  622.155714@2]  show_ctx_mem_pool_size
07-11 16:24:36.264     0     0 I         : [  622.167757@2]  show_ctx_mem_pool_size
07-11 16:24:36.281     0     0 I         : [  622.179725@2]  show_ctx_mem_pool_size
07-11 16:24:36.285     0     0 I         : [  622.193824@2]  show_ctx_mem_pool_size
07-11 16:24:36.297     0     0 I         : [  622.203876@2]  show_ctx_mem_pool_size
07-11 16:24:36.316     0     0 I         : [  622.215787@2]  show_ctx_mem_pool_size
07-11 16:24:36.321     0     0 I         : [  622.228524@2]  show_ctx_mem_pool_size
07-11 16:24:36.333     0     0 I         : [  622.237449@2]  show_ctx_mem_pool_size
07-11 16:24:36.341     0     0 I         : [  622.248703@2]  show_ctx_mem_pool_size
07-11 16:24:36.350     0     0 I         : [  622.257556@2]  show_ctx_mem_pool_size
07-11 16:24:36.361     0     0 I         : [  622.266990@2]  show_ctx_mem_pool_size
07-11 16:24:36.396     0     0 I         : [  622.278812@2]  show_ctx_mem_pool_size
07-11 16:24:36.421     0     0 I         : [  622.309808@2]  show_ctx_mem_pool_size
07-11 16:24:36.429     0     0 I         : [  622.337186@2]  show_ctx_mem_pool_size
07-11 16:24:36.437     0     0 I         : [  622.345189@2]  show_ctx_mem_pool_size
07-11 16:24:36.445     0     0 I         : [  622.356171@2]  show_ctx_mem_pool_size
07-11 16:24:36.457     0     0 I         : [  622.364248@2]  show_ctx_mem_pool_size
07-11 16:24:36.465     0     0 I         : [  622.373598@2]  show_ctx_mem_pool_size
07-11 16:24:36.473     0     0 I         : [  622.381258@2]  show_ctx_mem_pool_size
07-11 16:24:36.482     0     0 I         : [  622.389775@2]  show_ctx_mem_pool_size
07-11 16:24:36.492     0     0 I         : [  622.397599@2]  show_ctx_mem_pool_size
07-11 16:24:36.497     0     0 I         : [  622.404876@2]  show_ctx_mem_pool_size
07-11 16:24:36.505     0     0 I         : [  622.412744@2]  show_ctx_mem_pool_size
07-11 16:24:36.513     0     0 I         : [  622.420483@2]  show_ctx_mem_pool_size
07-11 16:24:36.517     0     0 I         : [  622.428462@2]  show_ctx_mem_pool_size
07-11 16:24:36.529     0     0 I         : [  622.436084@2]  show_ctx_mem_pool_size
07-11 16:24:36.538     0     0 I         : [  622.446104@2]  show_ctx_mem_pool_size
07-11 16:24:36.547     0     0 I         : [  622.453924@0]  show_ctx_mem_pool_size
07-11 16:24:36.553     0     0 I         : [  622.461521@0]  show_ctx_mem_pool_size
07-11 16:24:36.569     0     0 I         : [  622.469578@0]  show_ctx_mem_pool_size
07-11 16:24:36.581     0     0 I         : [  622.481701@0]  show_ctx_mem_pool_size
07-11 16:24:36.593     0     0 I         : [  622.496834@1]  show_ctx_mem_pool_size
07-11 16:24:36.604     0     0 I         : [  622.511394@3]  show_ctx_mem_pool_size
07-11 16:24:36.613     0     0 I         : [  622.519864@3]  show_ctx_mem_pool_size
07-11 16:24:36.621     0     0 I         : [  622.530336@3]  show_ctx_mem_pool_size
07-11 16:24:36.625     0     0 I         : [  622.536995@3]  show_ctx_mem_pool_size
07-11 16:24:36.633     0     0 I         : [  622.543750@3]  show_ctx_mem_pool_size
07-11 16:24:36.637     0     0 I         : [  622.550429@3]  show_ctx_mem_pool_size
07-11 16:24:36.649     0     0 I         : [  622.556273@0]  show_ctx_mem_pool_size
07-11 16:24:36.657     0     0 I         : [  622.564908@2]  show_ctx_mem_pool_size
07-11 16:24:40.073   569   594 I chatty  : uid=1000(system) ActivityManager expire 6 lines
07-11 16:24:40.712   569  1373 I chatty  : uid=1000(system) Binder:569_C expire 1 line
07-11 16:24:41.372   569   631 I chatty  : uid=1000(system) InputReader expire 43 lines
07-11 16:24:41.375   569   630 I chatty  : uid=1000(system) InputDispatcher expire 51 lines
07-11 16:24:41.569   569  1887 I chatty  : uid=1000(system) Binder:569_1B expire 2 lines
07-11 16:24:41.587   569  1879 I chatty  : uid=1000(system) Binder:569_16 expire 4 lines
07-11 16:24:41.594   569   592 I chatty  : uid=1000(system) android.bg expire 2 lines
07-11 16:24:41.603  1375  1582 W ContextImpl: Calling a method in the system process without a qualified user: android.app.ContextImpl.sendBroadcast:1126 android.content.ContextWrapper.sendBroadcast:473 mitv.internal.PackageUsagePolicy.handleUsageEvent:50 mitv.internal.TvServiceDefaultImpl$EventHandler.handleMessage:1903 android.os.Handler.dispatchMessage:106 
07-11 16:24:44.600   569  1299 I chatty  : uid=1000(system) LazyTaskWriterT expire 1 line
07-11 16:24:49.669     0     0 I         : [  622.573630@1]  show_ctx_mem_pool_size
07-11 16:24:49.813     0     0 I         : [  635.587212@1]  show_ctx_mem_pool_size
07-11 16:24:50.130   569  1595 I chatty  : uid=1000(system) Binder:569_F expire 6 lines
07-11 16:24:50.754   569   646 I chatty  : uid=1000(system) ConnectivitySer expire 6 lines
07-11 16:24:52.137   569   806 I chatty  : uid=1000(system) Binder:569_6 expire 7 lines
07-11 16:24:52.137   569  1886 I chatty  : uid=1000(system) Binder:569_1A expire 1 line
07-11 16:24:52.159   569  1876 I chatty  : uid=1000(system) Binder:569_15 expire 3 lines
07-11 16:24:52.162   569  1901 I chatty  : uid=1000(system) Binder:569_20 expire 14 lines
07-11 16:24:52.164   569   569 I chatty  : uid=1000(system) Binder:569_3 expire 5 lines
07-11 16:24:52.165     0     0 I         : [  635.730548@0]  show_ctx_mem_pool_size
07-11 16:24:52.165     0     0 I [  638.081061@0]  binder: 569:569 transaction failed 29189/-22, size 112-0 line 2716
07-11 16:24:53.168   569   593 I chatty  : uid=1000(system) ActivityManager expire 1 line
07-11 16:24:53.594  4992  5018 E ActivityThread: Failed to find provider info for atv.hotwordmic
07-11 16:24:53.606  4992  5017 E ActivityThread: Failed to find provider info for atv.hotwordmic
07-11 16:24:53.615  4992  5018 E ActivityThread: Failed to find provider info for atv.hotwordmic
07-11 16:24:53.634   569   631 I chatty  : uid=1000(system) InputReader expire 45 lines
07-11 16:24:53.635   569   630 I chatty  : uid=1000(system) InputDispatcher expire 41 lines
07-11 16:24:54.609  5099  5099 E ActivityThread: Failed to find provider info for atv.hotwordmic
07-11 16:24:55.021     0     0 I [  640.939458@0]  [wlan][539]aisFsmSteps: (AIS STATE) [AIS]TRANSITION: [NORMAL_TR] -> [ONLINE_SCAN]
07-11 16:24:55.021     0     0 I [  640.939486@0]  [wlan][539]scnFsmSteps: (SCN STATE) [SCAN]TRANSITION: [IDLE] -> [SCANNING]
07-11 16:24:55.169     0     0 I         : [  641.084421@1]  [TEE] E/TA:   _oecc104:1063 Unexpected provisioning method = 2.
07-11 16:24:56.704   569   629 I chatty  : uid=1000(system) AlarmManager expire 2 lines
07-11 16:24:56.941     0     0 I [  642.859020@1]  [wlan][539]scnFsmSteps: (SCN STATE) [SCAN]TRANSITION: [SCANNING] -> [IDLE]
07-11 16:24:56.941     0     0 I [  642.859283@1]  [wlan][539]aisFsmSteps: (AIS STATE) [AIS]TRANSITION: [ONLINE_SCAN] -> [NORMAL_TR]
07-11 16:24:57.012   569  1902 I chatty  : uid=1000(system) Binder:569_21 expire 14 lines
07-11 16:24:57.595   569   584 I chatty  : uid=1000(system) android.fg expire 1 line
07-11 16:24:59.647   569   630 I chatty  : uid=1000(system) InputDispatcher expire 105 lines
07-11 16:24:59.797   569   631 I chatty  : uid=1000(system) InputReader expire 120 lines
07-11 16:25:00.001   569   629 I chatty  : uid=1000(system) AlarmManager expire 2 lines
07-11 16:25:00.002   569   569 I chatty  : uid=1000(system) Binder:569_3 expire 3 lines
07-11 16:25:02.375   569   806 I chatty  : uid=1000(system) Binder:569_6 expire 6 lines
07-11 16:25:09.580   569  1901 I chatty  : uid=1000(system) Binder:569_20 expire 2 lines
07-11 16:25:15.489     0     0 I         : [  658.535016@0]  show_ctx_mem_pool_size
07-11 16:25:15.501     0     0 I         : [  661.407696@0]  show_ctx_mem_pool_size
07-11 16:25:35.059   569   631 V LightsService: setLight #2: color=#ff000000: brightnessMode=0
07-11 16:25:35.060   569   630 D PowerManagerService: updateSuspendBlockerLocked mWakefulness=1,needWakeLockSuspendBlocker=true
07-11 16:25:35.208   569   631 V LightsService: setLight #2: color=#ffffffff: brightnessMode=0
07-11 16:25:35.209   569   630 D PowerManagerService: updateSuspendBlockerLocked mWakefulness=1,needWakeLockSuspendBlocker=true
07-11 16:25:35.259   569   631 V LightsService: setLight #2: color=#ff000000: brightnessMode=0
07-11 16:25:35.397   569   631 V LightsService: setLight #2: color=#ffffffff: brightnessMode=0
07-11 16:25:35.399   569   630 D PowerManagerService: updateSuspendBlockerLocked mWakefulness=1,needWakeLockSuspendBlocker=true
07-11 16:25:35.446   569   631 V LightsService: setLight #2: color=#ff000000: brightnessMode=0
07-11 16:25:35.596   569   631 V LightsService: setLight #2: color=#ffffffff: brightnessMode=0
07-11 16:25:35.598   569   630 D PowerManagerService: updateSuspendBlockerLocked mWakefulness=1,needWakeLockSuspendBlocker=true
07-11 16:25:35.909   569   631 V LightsService: setLight #2: color=#ff000000: brightnessMode=0
07-11 16:25:35.909   569   630 D PowerManagerService: updateSuspendBlockerLocked mWakefulness=1,needWakeLockSuspendBlocker=true
07-11 16:25:36.059   569   631 V LightsService: setLight #2: color=#ffffffff: brightnessMode=0
07-11 16:25:36.062   569   630 D PowerManagerService: updateSuspendBlockerLocked mWakefulness=1,needWakeLockSuspendBlocker=true
07-11 16:25:36.122   569   631 V LightsService: setLight #2: color=#ff000000: brightnessMode=0
07-11 16:25:36.124   569   630 D WindowManager: Unhandled key: inputToken=android.os.BinderProxy@7403edc, title=news.androidtv.launchonboot/news.androidtv.launchonboot.MainActivity, action=0, flags=8, keyCode=20, scanCode=108, metaState=0, repeatCount=0, policyFlags=1644167169
07-11 16:25:36.125   569   630 D WindowManager: No fallback.
07-11 16:25:36.284   569   631 V LightsService: setLight #2: color=#ffffffff: brightnessMode=0
07-11 16:25:36.286   569   630 D PowerManagerService: updateSuspendBlockerLocked mWakefulness=1,needWakeLockSuspendBlocker=true
07-11 16:25:36.287   569   630 D WindowManager: Unhandled key: inputToken=android.os.BinderProxy@7403edc, title=news.androidtv.launchonboot/news.androidtv.launchonboot.MainActivity, action=1, flags=8, keyCode=20, scanCode=108, metaState=0, repeatCount=0, policyFlags=1644167168
07-11 16:25:36.287   569   630 D WindowManager: No fallback.
07-11 16:25:37.309   569   631 V LightsService: setLight #2: color=#ff000000: brightnessMode=0
07-11 16:25:37.311   569   630 D PowerManagerService: updateSuspendBlockerLocked mWakefulness=1,needWakeLockSuspendBlocker=true
07-11 16:25:37.534   569   631 V LightsService: setLight #2: color=#ffffffff: brightnessMode=0
07-11 16:25:37.536   569   630 D PowerManagerService: updateSuspendBlockerLocked mWakefulness=1,needWakeLockSuspendBlocker=true
07-11 16:25:38.434   569   631 V LightsService: setLight #2: color=#ff000000: brightnessMode=0
07-11 16:25:38.437   569   630 D PowerManagerService: updateSuspendBlockerLocked mWakefulness=1,needWakeLockSuspendBlocker=true
07-11 16:25:38.646   569   631 V LightsService: setLight #2: color=#ffffffff: brightnessMode=0
07-11 16:25:38.649   569   630 D PowerManagerService: updateSuspendBlockerLocked mWakefulness=1,needWakeLockSuspendBlocker=true
07-11 16:25:38.664   569   806 D PowerManagerService: updateSuspendBlockerLocked mWakefulness=1,needWakeLockSuspendBlocker=true
07-11 16:25:38.672   569   592 D UsageStatsService_HaoR: MITV MOVE_TO_BACKGROUND
07-11 16:25:38.686   569   592 D UsageStatsService_HaoR: MITV MOVE_TO_FOREGROUND
07-11 16:25:38.688  1375  1582 W ContextImpl: Calling a method in the system process without a qualified user: android.app.ContextImpl.sendBroadcast:1126 android.content.ContextWrapper.sendBroadcast:473 mitv.internal.PackageUsagePolicy.handleUsageEvent:50 mitv.internal.TvServiceDefaultImpl$EventHandler.handleMessage:1903 android.os.Handler.dispatchMessage:106 
07-11 16:25:38.767   569   806 D PowerManagerService: updateSuspendBlockerLocked mWakefulness=1,needWakeLockSuspendBlocker=true
07-11 16:25:38.785     0     0 I         : [  661.420357@1]  show_ctx_mem_pool_size
07-11 16:25:38.809     0     0 I         : [  684.700826@1]  show_ctx_mem_pool_size
07-11 16:25:38.829     0     0 I         : [  684.725637@3]  show_ctx_mem_pool_size
07-11 16:25:38.849     0     0 I         : [  684.746561@3]  show_ctx_mem_pool_size
07-11 16:25:39.006   569  1901 D PowerManagerService: updateSuspendBlockerLocked mWakefulness=1,needWakeLockSuspendBlocker=false
07-11 16:25:39.199  2553  2553 E ActivityThread: Activity news.androidtv.launchonboot.MainActivity has leaked IntentReceiver news.androidtv.launchonboot.BootReceiver@1f243dc that was originally registered here. Are you missing a call to unregisterReceiver()?
07-11 16:25:39.199  2553  2553 E ActivityThread: android.app.IntentReceiverLeaked: Activity news.androidtv.launchonboot.MainActivity has leaked IntentReceiver news.androidtv.launchonboot.BootReceiver@1f243dc that was originally registered here. Are you missing a call to unregisterReceiver()?
07-11 16:25:39.199  2553  2553 E ActivityThread: 	at android.app.LoadedApk$ReceiverDispatcher.<init>(LoadedApk.java:1594)
07-11 16:25:39.199  2553  2553 E ActivityThread: 	at android.app.LoadedApk.getReceiverDispatcher(LoadedApk.java:1374)
07-11 16:25:39.199  2553  2553 E ActivityThread: 	at android.app.ContextImpl.registerReceiverInternal(ContextImpl.java:1614)
07-11 16:25:39.199  2553  2553 E ActivityThread: 	at android.app.ContextImpl.registerReceiver(ContextImpl.java:1580)
07-11 16:25:39.199  2553  2553 E ActivityThread: 	at android.app.ContextImpl.registerReceiver(ContextImpl.java:1568)
07-11 16:25:39.199  2553  2553 E ActivityThread: 	at android.content.ContextWrapper.registerReceiver(ContextWrapper.java:668)
07-11 16:25:39.199  2553  2553 E ActivityThread: 	at news.androidtv.launchonboot.MainActivity.onResume(MainActivity.java:142)
07-11 16:25:39.199  2553  2553 E ActivityThread: 	at android.app.Instrumentation.callActivityOnResume(Instrumentation.java:1456)
07-11 16:25:39.199  2553  2553 E ActivityThread: 	at android.app.Activity.performResume(Activity.java:8135)
07-11 16:25:39.199  2553  2553 E ActivityThread: 	at android.app.ActivityThread.performResumeActivity(ActivityThread.java:4434)
07-11 16:25:39.199  2553  2553 E ActivityThread: 	at android.app.ActivityThread.handleResumeActivity(ActivityThread.java:4476)
07-11 16:25:39.199  2553  2553 E ActivityThread: 	at android.app.servertransaction.ResumeActivityItem.execute(ResumeActivityItem.java:52)
07-11 16:25:39.199  2553  2553 E ActivityThread: 	at android.app.servertransaction.TransactionExecutor.executeLifecycleState(TransactionExecutor.java:176)
07-11 16:25:39.199  2553  2553 E ActivityThread: 	at android.app.servertransaction.TransactionExecutor.execute(TransactionExecutor.java:97)
07-11 16:25:39.199  2553  2553 E ActivityThread: 	at android.app.ActivityThread$H.handleMessage(ActivityThread.java:2066)
07-11 16:25:39.199  2553  2553 E ActivityThread: 	at android.os.Handler.dispatchMessage(Handler.java:106)
07-11 16:25:39.199  2553  2553 E ActivityThread: 	at android.os.Looper.loop(Looper.java:223)
07-11 16:25:39.199  2553  2553 E ActivityThread: 	at android.app.ActivityThread.main(ActivityThread.java:7656)
07-11 16:25:39.199  2553  2553 E ActivityThread: 	at java.lang.reflect.Method.invoke(Native Method)
07-11 16:25:39.199  2553  2553 E ActivityThread: 	at com.android.internal.os.RuntimeInit$MethodAndArgsCaller.run(RuntimeInit.java:592)
07-11 16:25:39.199  2553  2553 E ActivityThread: 	at com.android.internal.os.ZygoteInit.main(ZygoteInit.java:947)
07-11 16:25:39.562   569   629 D PowerManagerService: updateSuspendBlockerLocked mWakefulness=1,needWakeLockSuspendBlocker=true
07-11 16:25:39.566   569   569 D PowerManagerService: updateSuspendBlockerLocked mWakefulness=1,needWakeLockSuspendBlocker=false
07-11 16:25:39.583   569   569 D PowerManagerService: updateSuspendBlockerLocked mWakefulness=1,needWakeLockSuspendBlocker=true
07-11 16:25:39.601   569   806 D PowerManagerService: updateSuspendBlockerLocked mWakefulness=1,needWakeLockSuspendBlocker=false
07-11 16:25:40.571   569   631 V LightsService: setLight #2: color=#ff000000: brightnessMode=0
07-11 16:25:40.574   569   630 D PowerManagerService: updateSuspendBlockerLocked mWakefulness=1,needWakeLockSuspendBlocker=false
07-11 16:25:40.784   569   631 V LightsService: setLight #2: color=#ffffffff: brightnessMode=0
07-11 16:25:40.785   569   630 D PowerManagerService: updateSuspendBlockerLocked mWakefulness=1,needWakeLockSuspendBlocker=false
07-11 16:25:40.810   569   806 D PowerManagerService: updateSuspendBlockerLocked mWakefulness=1,needWakeLockSuspendBlocker=true
07-11 16:25:40.818   569   592 D UsageStatsService_HaoR: MITV MOVE_TO_BACKGROUND
07-11 16:25:40.833   569   592 D UsageStatsService_HaoR: MITV MOVE_TO_FOREGROUND
07-11 16:25:40.837  1375  1582 W ContextImpl: Calling a method in the system process without a qualified user: android.app.ContextImpl.sendBroadcast:1126 android.content.ContextWrapper.sendBroadcast:473 mitv.internal.PackageUsagePolicy.handleUsageEvent:50 mitv.internal.TvServiceDefaultImpl$EventHandler.handleMessage:1903 android.os.Handler.dispatchMessage:106 
07-11 16:25:40.899  1495  5215 E ActivityThread: Failed to find provider info for tvlauncher.mic
07-11 16:25:41.040   569  1876 D PowerManagerService: updateSuspendBlockerLocked mWakefulness=1,needWakeLockSuspendBlocker=false
07-11 16:25:41.400  2553  2553 E ActivityThread: Activity news.androidtv.launchonboot.MainActivity has leaked IntentReceiver news.androidtv.launchonboot.BootReceiver@5f99aa1 that was originally registered here. Are you missing a call to unregisterReceiver()?
07-11 16:25:41.400  2553  2553 E ActivityThread: android.app.IntentReceiverLeaked: Activity news.androidtv.launchonboot.MainActivity has leaked IntentReceiver news.androidtv.launchonboot.BootReceiver@5f99aa1 that was originally registered here. Are you missing a call to unregisterReceiver()?
07-11 16:25:41.400  2553  2553 E ActivityThread: 	at android.app.LoadedApk$ReceiverDispatcher.<init>(LoadedApk.java:1594)
07-11 16:25:41.400  2553  2553 E ActivityThread: 	at android.app.LoadedApk.getReceiverDispatcher(LoadedApk.java:1374)
07-11 16:25:41.400  2553  2553 E ActivityThread: 	at android.app.ContextImpl.registerReceiverInternal(ContextImpl.java:1614)
07-11 16:25:41.400  2553  2553 E ActivityThread: 	at android.app.ContextImpl.registerReceiver(ContextImpl.java:1580)
07-11 16:25:41.400  2553  2553 E ActivityThread: 	at android.app.ContextImpl.registerReceiver(ContextImpl.java:1568)
