07-11 16:15:14.276     0     0 I         : [   60.126248@3]  show_ctx_mem_pool_size
07-11 16:15:14.276     0     0 I [   60.190616@3]  [wlan][539]scnFsmSteps: (SCN STATE) [SCAN]TRANSITION: [SCANNING] -> [IDLE]
07-11 16:15:14.276     0     0 I [   60.190808@3]  [wlan][539]aisFsmSteps: (AIS STATE) [AIS]TRANSITION: [ONLINE_SCAN] -> [NORMAL_TR]
07-11 16:15:14.594   569  1382 I chatty  : uid=1000(system) Binder:569_D expire 5 lines
07-11 16:15:14.717     0     0 I         : [   60.566640@2]  show_ctx_mem_pool_size
07-11 16:15:14.721     0     0 W [   60.639372@3]  audit: audit_lost=60 audit_rate_limit=5 audit_backlog_limit=64
07-11 16:15:14.721     0     0 E [   60.639385@3]  audit: rate limit exceeded
07-11 16:15:14.754  3684  3724 W ContextImpl: Calling a method in the system process without a qualified user: android.app.ContextImpl.startService:1669 android.content.ContextWrapper.startService:720 android.content.ContextWrapper.startService:720 sbn.run:11 java.util.concurrent.ThreadPoolExecutor.runWorker:1167 
07-11 16:15:14.762  3684  3724 W ContextImpl: Calling a method in the system process without a qualified user: android.app.ContextImpl.startService:1669 android.content.ContextWrapper.startService:720 sbn.run:11 java.util.concurrent.ThreadPoolExecutor.runWorker:1167 java.util.concurrent.ThreadPoolExecutor$Worker.run:641 
07-11 16:15:14.777     0     0 I         : [   60.661887@0]  show_ctx_mem_pool_size
07-11 16:15:14.803  3684  3684 W ContextImpl: Calling a method in the system process without a qualified user: android.app.ContextImpl.startService:1669 android.content.ContextWrapper.startService:720 com.xiaomi.mitv.updateservice.Application.onCreate:66 android.app.Instrumentation.callApplicationOnCreate:1192 android.app.ActivityThread.handleBindApplication:6712 
07-11 16:15:15.417  1375  1582 W ContextImpl: Calling a method in the system process without a qualified user: android.app.ContextImpl.sendBroadcast:1126 android.content.ContextWrapper.sendBroadcast:473 mitv.internal.PackageUsagePolicy.handleUsageEvent:50 mitv.internal.TvServiceDefaultImpl$EventHandler.handleMessage:1903 android.os.Handler.dispatchMessage:106 
07-11 16:15:15.652  3732  3732 E ActivityThread: Failed to find provider info for com.mobisystems.msconfig.provider
07-11 16:15:15.869     0     0 I         : [   60.693659@0]  show_ctx_mem_pool_size
07-11 16:15:16.153     0     0 I         : [   61.781162@0]  show_ctx_mem_pool_size
07-11 16:15:16.181     0     0 I         : [   62.071516@0]  show_ctx_mem_pool_size
07-11 16:15:16.368   569  1869 I chatty  : uid=1000(system) Binder:569_12 expire 4 lines
07-11 16:15:16.580  3684  3728 W ContextImpl: Calling a method in the system process without a qualified user: android.app.ContextImpl.bindService:1748 android.content.ContextWrapper.bindService:756 com.google.android.gms.common.h.a.d:27 com.google.android.gms.common.internal.p.h:35 com.google.android.gms.common.internal.o.c:26 
07-11 16:15:17.435   569   594 I chatty  : uid=1000(system) ActivityManager expire 8 lines
07-11 16:15:17.605     0     0 I         : [   62.099727@3]  show_ctx_mem_pool_size
07-11 16:15:17.773   569  1653 I chatty  : uid=1000(system) Binder:569_11 expire 1 line
07-11 16:15:17.960   569  1887 I chatty  : uid=1000(system) Binder:569_1B expire 1 line
07-11 16:15:18.029   569  1881 I chatty  : uid=1000(system) Binder:569_18 expire 1 line
07-11 16:15:18.112   569   593 I chatty  : uid=1000(system) ActivityManager expire 6 lines
07-11 16:15:18.182   569   648 I chatty  : uid=1000(system) NsdService expire 7 lines
07-11 16:15:18.216   569   594 I chatty  : uid=1000(system) ActivityManager expire 8 lines
07-11 16:15:18.362   569  1901 I chatty  : uid=1000(system) Binder:569_20 expire 3 lines
07-11 16:15:18.395   569   569 I chatty  : uid=1000(system) Binder:569_3 expire 15 lines
07-11 16:15:18.519   569   631 I chatty  : uid=1000(system) InputReader expire 52 lines
07-11 16:15:18.521   569   630 I chatty  : uid=1000(system) InputDispatcher expire 57 lines
07-11 16:15:18.605   569  1887 I chatty  : uid=1000(system) Binder:569_1B expire 9 lines
07-11 16:15:18.699   569  1891 I chatty  : uid=1000(system) Binder:569_1C expire 7 lines
07-11 16:15:18.705   569  1886 I chatty  : uid=1000(system) Binder:569_1A expire 5 lines
07-11 16:15:18.893   569  1299 I chatty  : uid=1000(system) LazyTaskWriterT expire 2 lines
07-11 16:15:18.967   569   638 I chatty  : uid=1000(system) NetworkStats expire 2 lines
07-11 16:15:19.173     0     0 I         : [   63.523019@0]  show_ctx_mem_pool_size
07-11 16:15:19.173     0     0 D [   65.089464@0]  logd: logdr: UID=10045 GID=10045 PID=1123 n tail=0 logMask=4 pid=0 start=0ns timeout=0ns
07-11 16:15:19.497     0     0 D [   65.414976@0]  logd: logdr: UID=10045 GID=10045 PID=1123 n tail=0 logMask=4 pid=0 start=0ns timeout=0ns
07-11 16:15:19.599   569  1880 I chatty  : uid=1000(system) Binder:569_17 expire 4 lines
07-11 16:15:19.937     0     0 I [   65.852484@3]  [wlan][539]rsnIndicatePmkidCand: (RSN EVENT) Security - Time to indicate the PMKID cand.
07-11 16:15:20.125     0     0 D [   66.043577@1]  logd: logdr: UID=10045 GID=10045 PID=3944 n tail=200 logMask=99 pid=0 start=0ns timeout=0ns
07-11 16:15:20.357  1375  3910 W ContextImpl: Calling a method in the system process without a qualified user: android.app.ContextImpl.sendBroadcast:1111 android.content.ContextWrapper.sendBroadcast:468 mitv.internal.TvServiceDefaultImpl.handleTimeSync:2043 mitv.internal.TvServiceDefaultImpl.access$2400:127 mitv.internal.TvServiceDefaultImpl$12.run:2152 
07-11 16:15:20.705     0     0 I         : [   66.283817@1]  show_ctx_mem_pool_size
07-11 16:15:20.705     0     0 I         : [   66.620441@1]  [TEE] E/TC:? 00 tee_unify_read:58 get storage shm input or output base fail
07-11 16:15:20.705     0     0 I         : [   66.620453@1]  [TEE] E/TC:? 00 tee_unify_read:58 get storage shm input or output base fail
07-11 16:15:20.705     0     0 I         : [   66.620457@1]  [TEE] E/TC:? 00 tee_unify_read:58 get storage shm input or output base fail
07-11 16:15:20.705     0     0 I         : [   66.620462@1]  [TEE] M/TA: KeymasterTA (info): ./keymaster/include/keymaster/attestation_record.h, Line 260: attestationdevidbox is not provisioned
07-11 16:15:21.725     0     0 I         : [   67.630609@2]  show_ctx_mem_pool_size
07-11 16:15:22.169     0     0 I         : [   67.641939@0]  show_ctx_mem_pool_size
07-11 16:15:22.348   569   629 I chatty  : uid=1000(system) AlarmManager expire 4 lines
07-11 16:15:22.459   569   642 I chatty  : uid=1000(system) WifiHandlerThre expire 1 line
07-11 16:15:23.657     0     0 I         : [   68.086362@2]  show_ctx_mem_pool_size
07-11 16:15:23.665     0     0 I         : [   69.574458@0]  show_ctx_mem_pool_size
07-11 16:15:24.089     0     0 I         : [   69.583107@1]  show_ctx_mem_pool_size
07-11 16:15:24.101     0     0 I         : [   70.005764@1]  show_ctx_mem_pool_size
07-11 16:15:24.933     0     0 I         : [   70.017138@2]  show_ctx_mem_pool_size
07-11 16:15:24.941     0     0 I         : [   70.848794@2]  show_ctx_mem_pool_size
07-11 16:15:26.010   569   592 I chatty  : uid=1000(system) android.bg expire 4 lines
07-11 16:15:26.025  1375  1582 W ContextImpl: Calling a method in the system process without a qualified user: android.app.ContextImpl.sendBroadcast:1126 android.content.ContextWrapper.sendBroadcast:473 mitv.internal.PackageUsagePolicy.handleUsageEvent:50 mitv.internal.TvServiceDefaultImpl$EventHandler.handleMessage:1903 android.os.Handler.dispatchMessage:106 
07-11 16:15:26.033   569   587 I chatty  : uid=1000(system) android.display expire 2 lines
07-11 16:15:26.065     0     0 I         : [   70.857445@0]  show_ctx_mem_pool_size
07-11 16:15:26.091  1495  3967 E ActivityThread: Failed to find provider info for tvlauncher.mic
07-11 16:15:26.630  2553  2553 E ActivityThread: Activity news.androidtv.launchonboot.MainActivity has leaked IntentReceiver news.androidtv.launchonboot.BootReceiver@dee3c59 that was originally registered here. Are you missing a call to unregisterReceiver()?
07-11 16:15:26.630  2553  2553 E ActivityThread: android.app.IntentReceiverLeaked: Activity news.androidtv.launchonboot.MainActivity has leaked IntentReceiver news.androidtv.launchonboot.BootReceiver@dee3c59 that was originally registered here. Are you missing a call to unregisterReceiver()?
07-11 16:15:26.630  2553  2553 E ActivityThread: 	at android.app.LoadedApk$ReceiverDispatcher.<init>(LoadedApk.java:1594)
07-11 16:15:26.630  2553  2553 E ActivityThread: 	at android.app.LoadedApk.getReceiverDispatcher(LoadedApk.java:1374)
07-11 16:15:26.630  2553  2553 E ActivityThread: 	at android.app.ContextImpl.registerReceiverInternal(ContextImpl.java:1614)
07-11 16:15:26.630  2553  2553 E ActivityThread: 	at android.app.ContextImpl.registerReceiver(ContextImpl.java:1580)
07-11 16:15:26.630  2553  2553 E ActivityThread: 	at android.app.ContextImpl.registerReceiver(ContextImpl.java:1568)
07-11 16:15:26.630  2553  2553 E ActivityThread: 	at android.content.ContextWrapper.registerReceiver(ContextWrapper.java:668)
07-11 16:15:26.630  2553  2553 E ActivityThread: 	at news.androidtv.launchonboot.MainActivity.onResume(MainActivity.java:142)
07-11 16:15:26.630  2553  2553 E ActivityThread: 	at android.app.Instrumentation.callActivityOnResume(Instrumentation.java:1456)
07-11 16:15:26.630  2553  2553 E ActivityThread: 	at android.app.Activity.performResume(Activity.java:8135)
07-11 16:15:26.630  2553  2553 E ActivityThread: 	at android.app.ActivityThread.performResumeActivity(ActivityThread.java:4434)
07-11 16:15:26.630  2553  2553 E ActivityThread: 	at android.app.ActivityThread.handleResumeActivity(ActivityThread.java:4476)
07-11 16:15:26.630  2553  2553 E ActivityThread: 	at android.app.servertransaction.ResumeActivityItem.execute(ResumeActivityItem.java:52)
07-11 16:15:26.630  2553  2553 E ActivityThread: 	at android.app.servertransaction.TransactionExecutor.executeLifecycleState(TransactionExecutor.java:176)
07-11 16:15:26.630  2553  2553 E ActivityThread: 	at android.app.servertransaction.TransactionExecutor.execute(TransactionExecutor.java:97)
07-11 16:15:26.630  2553  2553 E ActivityThread: 	at android.app.ActivityThread$H.handleMessage(ActivityThread.java:2066)
07-11 16:15:26.630  2553  2553 E ActivityThread: 	at android.os.Handler.dispatchMessage(Handler.java:106)
07-11 16:15:26.630  2553  2553 E ActivityThread: 	at android.os.Looper.loop(Looper.java:223)
07-11 16:15:26.630  2553  2553 E ActivityThread: 	at android.app.ActivityThread.main(ActivityThread.java:7656)
07-11 16:15:26.630  2553  2553 E ActivityThread: 	at java.lang.reflect.Method.invoke(Native Method)
07-11 16:15:26.630  2553  2553 E ActivityThread: 	at com.android.internal.os.RuntimeInit$MethodAndArgsCaller.run(RuntimeInit.java:592)
07-11 16:15:26.630  2553  2553 E ActivityThread: 	at com.android.internal.os.ZygoteInit.main(ZygoteInit.java:947)
07-11 16:15:26.953     0     0 I         : [   71.981152@3]  show_ctx_mem_pool_size
07-11 16:15:28.621     0     0 I         : [   72.871674@3]  show_ctx_mem_pool_size
07-11 16:15:28.632     0     0 I         : [   74.537113@2]  show_ctx_mem_pool_size
07-11 16:15:30.045     0     0 I         : [   74.548525@3]  show_ctx_mem_pool_size
07-11 16:15:31.101     0     0 I         : [   75.963977@2]  show_ctx_mem_pool_size
07-11 16:15:31.113     0     0 I         : [   77.020078@2]  show_ctx_mem_pool_size
07-11 16:15:31.509   569   582 I chatty  : uid=1000(system) Binder:569_1 expire 3 lines
07-11 16:15:31.545  1375  1582 W ContextImpl: Calling a method in the system process without a qualified user: android.app.ContextImpl.sendBroadcast:1126 android.content.ContextWrapper.sendBroadcast:473 mitv.internal.PackageUsagePolicy.handleUsageEvent:50 mitv.internal.TvServiceDefaultImpl$EventHandler.handleMessage:1903 android.os.Handler.dispatchMessage:106 
07-11 16:15:31.701     0     0 I         : [   77.030644@1]  show_ctx_mem_pool_size
07-11 16:15:31.705   569   646 I chatty  : uid=1000(system) ConnectivitySer expire 1 line
07-11 16:15:31.801     0     0 I         : [   77.617319@0]  show_ctx_mem_pool_size
07-11 16:15:31.801     0     0 I [   77.719083@0]  [wlan][539]aisFsmSteps: (AIS STATE) [AIS]TRANSITION: [NORMAL_TR] -> [ONLINE_SCAN]
07-11 16:15:31.801     0     0 I [   77.719110@0]  [wlan][539]scnFsmSteps: (SCN STATE) [SCAN]TRANSITION: [IDLE] -> [SCANNING]
07-11 16:15:31.884   569   643 I chatty  : uid=1000(system) WifiP2pService expire 1 line
07-11 16:15:32.885     0     0 I         : [   78.588919@1]  show_ctx_mem_pool_size
07-11 16:15:32.993     0     0 I         : [   78.801829@1]  show_ctx_mem_pool_size
07-11 16:15:32.993     0     0 I         : [   78.908439@1]  [TEE] E/TC:? 00 tee_unify_read:58 get storage shm input or output base fail
07-11 16:15:32.993     0     0 I         : [   78.908448@1]  [TEE] E/TC:? 00 tee_unify_read:58 get storage shm input or output base fail
07-11 16:15:32.993     0     0 I         : [   78.908453@1]  [TEE] E/TC:? 00 tee_unify_read:58 get storage shm input or output base fail
07-11 16:15:32.993     0     0 I         : [   78.908459@1]  [TEE] M/TA: KeymasterTA (info): ./keymaster/include/keymaster/attestation_record.h, Line 260: attestationdevidbox is not provisioned
07-11 16:15:33.469   569   631 I chatty  : uid=1000(system) InputReader expire 41 lines
07-11 16:15:33.471   569   630 I chatty  : uid=1000(system) InputDispatcher expire 33 lines
07-11 16:15:35.221     0     0 I [   81.136535@2]  [wlan][539]scnFsmSteps: (SCN STATE) [SCAN]TRANSITION: [SCANNING] -> [IDLE]
07-11 16:15:35.221     0     0 I [   81.136745@2]  [wlan][539]aisFsmSteps: (AIS STATE) [AIS]TRANSITION: [ONLINE_SCAN] -> [NORMAL_TR]
07-11 16:15:38.881     0     0 I [   84.796463@2]  [wlan][539]rsnIndicatePmkidCand: (RSN EVENT) Security - Time to indicate the PMKID cand.
07-11 16:15:45.975  1375  4004 W ContextImpl: Calling a method in the system process without a qualified user: android.app.ContextImpl.bindService:1748 android.content.ContextWrapper.bindService:756 tv.alphonso.alphonsobgservice.client.ASCBgServiceCommunicationHelper.bindToService:119 tv.alphonso.alphonsobgservice.client.ASCServiceNull.onInitService:63 tv.alphonso.alphonsobgservice.client.ASCFSM.processEvent:50 
07-11 16:15:45.977   569  1887 I chatty  : uid=1000(system) Binder:569_1B expire 2 lines
07-11 16:15:46.019   569   631 I chatty  : uid=1000(system) InputReader expire 117 lines
07-11 16:15:46.020   569   630 I chatty  : uid=1000(system) InputDispatcher expire 103 lines
07-11 16:15:46.112   569   629 I chatty  : uid=1000(system) AlarmManager expire 4 lines
07-11 16:15:46.144   569   569 I chatty  : uid=1000(system) Binder:569_3 expire 8 lines
07-11 16:15:46.169   569  4006 I chatty  : uid=1000(system) Binder:569_3 expire 184 lines
07-11 16:15:47.784   569  1891 I chatty  : uid=1000(system) Binder:569_1C expire 5 lines
07-11 16:15:47.804     0     0 I         : [   92.040398@1]  show_ctx_mem_pool_size
07-11 16:15:47.825     0     0 I         : [   93.719451@1]  show_ctx_mem_pool_size
07-11 16:15:47.850     0     0 I         : [   93.740999@1]  show_ctx_mem_pool_size
07-11 16:15:47.852   569  1870 I chatty  : uid=1000(system) Binder:569_13 expire 1 line
07-11 16:15:47.873     0     0 I         : [   93.766160@1]  show_ctx_mem_pool_size
07-11 16:15:47.881     0     0 I         : [   93.790708@1]  show_ctx_mem_pool_size
07-11 16:15:47.889     0     0 I         : [   93.799969@3]  show_ctx_mem_pool_size
07-11 16:15:47.905     0     0 I         : [   93.808191@1]  show_ctx_mem_pool_size
07-11 16:15:47.921     0     0 I         : [   93.821080@1]  show_ctx_mem_pool_size
07-11 16:15:47.942     0     0 I         : [   93.836830@1]  show_ctx_mem_pool_size
07-11 16:15:47.949     0     0 I         : [   93.859663@1]  show_ctx_mem_pool_size
07-11 16:15:47.957     0     0 I         : [   93.868066@1]  show_ctx_mem_pool_size
07-11 16:15:47.969     0     0 I         : [   93.875444@3]  show_ctx_mem_pool_size
07-11 16:15:47.985     0     0 I         : [   93.887963@3]  show_ctx_mem_pool_size
07-11 16:15:48.009     0     0 I         : [   93.902235@1]  show_ctx_mem_pool_size
07-11 16:15:48.041     0     0 I         : [   93.926653@1]  show_ctx_mem_pool_size
07-11 16:15:48.075     0     0 I         : [   93.957212@2]  show_ctx_mem_pool_size
07-11 16:15:48.138   569  1653 I chatty  : uid=1000(system) Binder:569_11 expire 1 line
07-11 16:15:50.395   569  1901 I chatty  : uid=1000(system) Binder:569_20 expire 1 line
07-11 16:15:52.297     0     0 I         : [   93.989398@3]  show_ctx_mem_pool_size
07-11 16:15:52.313     0     0 I         : [   98.215445@0]  show_ctx_mem_pool_size
07-11 16:15:52.321     0     0 I         : [   98.230495@0]  show_ctx_mem_pool_size
07-11 16:15:53.161     0     0 I         : [   98.240302@2]  show_ctx_mem_pool_size
07-11 16:15:53.175     0     0 I         : [   99.078735@2]  show_ctx_mem_pool_size
07-11 16:15:56.590   569   894 I chatty  : uid=1000(system) Binder:569_8 expire 2 lines
07-11 16:16:13.744   569   631 I chatty  : uid=1000(system) InputReader expire 56 lines
07-11 16:16:13.745   569   630 I chatty  : uid=1000(system) InputDispatcher expire 44 lines
07-11 16:16:14.662   569  1898 I chatty  : uid=1000(system) Binder:569_1F expire 5 lines
07-11 16:16:14.683   569   587 I chatty  : uid=1000(system) android.display expire 3 lines
07-11 16:16:14.683   569   594 I chatty  : uid=1000(system) ActivityManager expire 2 lines
07-11 16:16:14.693   569   592 I chatty  : uid=1000(system) android.bg expire 4 lines
07-11 16:16:14.764  1375  1582 W ContextImpl: Calling a method in the system process without a qualified user: android.app.ContextImpl.sendBroadcast:1126 android.content.ContextWrapper.sendBroadcast:473 mitv.internal.PackageUsagePolicy.handleUsageEvent:50 mitv.internal.TvServiceDefaultImpl$EventHandler.handleMessage:1903 android.os.Handler.dispatchMessage:106 
07-11 16:16:15.791   569  1870 I chatty  : uid=1000(system) Binder:569_13 expire 1 line
07-11 16:16:15.830     0     0 I         : [   99.092858@3]  show_ctx_mem_pool_size
07-11 16:16:15.877     0     0 I         : [  121.746892@2]  show_ctx_mem_pool_size
07-11 16:16:15.889     0     0 I         : [  121.794975@3]  show_ctx_mem_pool_size
07-11 16:16:15.897     0     0 I         : [  121.804745@3]  show_ctx_mem_pool_size
07-11 16:16:15.906     0     0 I         : [  121.815270@2]  show_ctx_mem_pool_size
07-11 16:16:15.913     0     0 I         : [  121.822945@2]  show_ctx_mem_pool_size
07-11 16:16:15.921     0     0 I         : [  121.830682@1]  show_ctx_mem_pool_size
07-11 16:16:15.933     0     0 I         : [  121.840083@2]  show_ctx_mem_pool_size
07-11 16:16:15.941     0     0 I         : [  121.850547@2]  show_ctx_mem_pool_size
07-11 16:16:15.949     0     0 I         : [  121.858323@2]  show_ctx_mem_pool_size
07-11 16:16:18.122   569   629 I chatty  : uid=1000(system) AlarmManager expire 6 lines
07-11 16:16:18.127   569   569 I chatty  : uid=1000(system) Binder:569_3 expire 10 lines
07-11 16:16:18.163   569   849 I chatty  : uid=1000(system) Binder:569_7 expire 1 line
07-11 16:16:18.605   569  1373 I chatty  : uid=1000(system) Binder:569_C expire 2 lines
07-11 16:16:18.608   569  1901 I chatty  : uid=1000(system) Binder:569_20 expire 2 lines
07-11 16:16:18.609   569   646 I chatty  : uid=1000(system) ConnectivitySer expire 4 lines
07-11 16:16:28.487   569  1653 I chatty  : uid=1000(system) Binder:569_11 expire 6 lines
07-11 16:16:28.520  1375  1582 W ContextImpl: Calling a method in the system process without a qualified user: android.app.ContextImpl.sendBroadcast:1126 android.content.ContextWrapper.sendBroadcast:473 mitv.internal.PackageUsagePolicy.handleUsageEvent:50 mitv.internal.TvServiceDefaultImpl$EventHandler.handleMessage:1903 android.os.Handler.dispatchMessage:106 
07-11 16:16:28.550   569  1891 I chatty  : uid=1000(system) Binder:569_1C expire 1 line
07-11 16:16:28.561     0     0 I         : [  121.865329@2]  show_ctx_mem_pool_size
07-11 16:16:30.369   569   631 I chatty  : uid=1000(system) InputReader expire 54 lines
07-11 16:16:30.370   569   630 I chatty  : uid=1000(system) InputDispatcher expire 61 lines
07-11 16:16:33.237     0     0 I         : [  134.479558@0]  show_ctx_mem_pool_size
07-11 16:16:45.245     0     0 I         : [  139.156134@1]  show_ctx_mem_pool_size
07-11 16:16:45.253     0     0 I         : [  151.162801@1]  show_ctx_mem_pool_size
07-11 16:16:48.201     0     0 I         : [  151.171797@3]  show_ctx_mem_pool_size
07-11 16:16:48.209     0     0 I         : [  154.116948@0]  show_ctx_mem_pool_size
07-11 16:16:57.619   569   631 I chatty  : uid=1000(system) InputReader expire 42 lines
07-11 16:16:58.837   569  1870 I chatty  : uid=1000(system) Binder:569_13 expire 10 lines
07-11 16:16:58.854   569   592 I chatty  : uid=1000(system) android.bg expire 10 lines
07-11 16:16:58.889     0     0 I         : [  154.127328@3]  show_ctx_mem_pool_size
07-11 16:16:58.901     0     0 I         : [  164.806874@2]  show_ctx_mem_pool_size
07-11 16:16:58.912  1375  1582 W ContextImpl: Calling a method in the system process without a qualified user: android.app.ContextImpl.sendBroadcast:1126 android.content.ContextWrapper.sendBroadcast:473 mitv.internal.PackageUsagePolicy.handleUsageEvent:50 mitv.internal.TvServiceDefaultImpl$EventHandler.handleMessage:1903 android.os.Handler.dispatchMessage:106 
07-11 16:16:59.566     0     0 I         : [  164.819546@0]  show_ctx_mem_pool_size
07-11 16:17:00.000   569   629 I chatty  : uid=1000(system) AlarmManager expire 3 lines
07-11 16:17:00.001   569   569 I chatty  : uid=1000(system) Binder:569_3 expire 10 lines
07-11 16:17:00.232   569   630 I chatty  : uid=1000(system) InputDispatcher expire 48 lines
07-11 16:17:02.471  1375  1582 W ContextImpl: Calling a method in the system process without a qualified user: android.app.ContextImpl.sendBroadcast:1126 android.content.ContextWrapper.sendBroadcast:473 mitv.internal.PackageUsagePolicy.handleUsageEvent:50 mitv.internal.TvServiceDefaultImpl$EventHandler.handleMessage:1903 android.os.Handler.dispatchMessage:106 
07-11 16:17:02.522   569  1372 I chatty  : uid=1000(system) Binder:569_B expire 4 lines
07-11 16:17:15.830   569   587 I chatty  : uid=1000(system) android.display expire 2 lines
07-11 16:17:15.831   569   594 I chatty  : uid=1000(system) ActivityManager expire 8 lines
07-11 16:17:15.878     0     0 I         : [  165.483384@2]  show_ctx_mem_pool_size
07-11 16:17:15.930  1375  1582 W ContextImpl: Calling a method in the system process without a qualified user: android.app.ContextImpl.sendBroadcast:1126 android.content.ContextWrapper.sendBroadcast:473 mitv.internal.PackageUsagePolicy.handleUsageEvent:50 mitv.internal.TvServiceDefaultImpl$EventHandler.handleMessage:1903 android.os.Handler.dispatchMessage:106 
07-11 16:17:16.286   569   802 I chatty  : uid=1000(system) Binder:569_5 expire 8 lines
07-11 16:17:17.581   569   631 I chatty  : uid=1000(system) InputReader expire 22 lines
07-11 16:17:17.584   569   630 I chatty  : uid=1000(system) InputDispatcher expire 25 lines
07-11 16:17:19.688   569   849 I chatty  : uid=1000(system) Binder:569_7 expire 4 lines
07-11 16:17:19.698  1375  1582 W ContextImpl: Calling a method in the system process without a qualified user: android.app.ContextImpl.sendBroadcast:1126 android.content.ContextWrapper.sendBroadcast:473 mitv.internal.PackageUsagePolicy.handleUsageEvent:50 mitv.internal.TvServiceDefaultImpl$EventHandler.handleMessage:1903 android.os.Handler.dispatchMessage:106 
07-11 16:17:19.705     0     0 I         : [  181.794583@2]  show_ctx_mem_pool_size
07-11 16:17:20.474   569  1299 I chatty  : uid=1000(system) LazyTaskWriterT expire 2 lines
07-11 16:17:23.274     0     0 I         : [  185.623387@3]  show_ctx_mem_pool_size
07-11 16:17:25.886   569  1870 I chatty  : uid=1000(system) Binder:569_13 expire 3 lines
07-11 16:17:25.920  1375  1582 W ContextImpl: Calling a method in the system process without a qualified user: android.app.ContextImpl.sendBroadcast:1126 android.content.ContextWrapper.sendBroadcast:473 mitv.internal.PackageUsagePolicy.handleUsageEvent:50 mitv.internal.TvServiceDefaultImpl$EventHandler.handleMessage:1903 android.os.Handler.dispatchMessage:106 
07-11 16:17:26.105     0     0 I         : [  189.189814@1]  show_ctx_mem_pool_size
07-11 16:17:28.318   569   592 I chatty  : uid=1000(system) android.bg expire 6 lines
07-11 16:17:28.340  1375  1582 W ContextImpl: Calling a method in the system process without a qualified user: android.app.ContextImpl.sendBroadcast:1126 android.content.ContextWrapper.sendBroadcast:473 mitv.internal.PackageUsagePolicy.handleUsageEvent:50 mitv.internal.TvServiceDefaultImpl$EventHandler.handleMessage:1903 android.os.Handler.dispatchMessage:106 
07-11 16:17:28.967   569  1653 I chatty  : uid=1000(system) Binder:569_11 expire 8 lines
07-11 16:17:28.981   569   631 I chatty  : uid=1000(system) InputReader expire 7 lines
07-11 16:17:28.982   569   630 I chatty  : uid=1000(system) InputDispatcher expire 7 lines
07-11 16:17:29.894  4179  4179 W ActivityThread: Application com.guzelboard.infoboard can be debugged on port 8100...
07-11 16:17:29.902  1375  1582 W ContextImpl: Calling a method in the system process without a qualified user: android.app.ContextImpl.sendBroadcast:1126 android.content.ContextWrapper.sendBroadcast:473 mitv.internal.PackageUsagePolicy.handleUsageEvent:50 mitv.internal.TvServiceDefaultImpl$EventHandler.handleMessage:1903 android.os.Handler.dispatchMessage:106 
07-11 16:17:33.634   569   646 I chatty  : uid=1000(system) ConnectivitySer expire 4 lines
07-11 16:17:39.755   569  1373 I chatty  : uid=1000(system) Binder:569_C expire 2 lines
07-11 16:17:39.953     0     0 I         : [  192.021057@2]  show_ctx_mem_pool_size
07-11 16:17:39.970     0     0 I         : [  205.870400@2]  show_ctx_mem_pool_size
07-11 16:17:44.997     0     0 I         : [  205.888830@0]  show_ctx_mem_pool_size
07-11 16:17:45.972  1375  4315 W ContextImpl: Calling a method in the system process without a qualified user: android.app.ContextImpl.sendBroadcast:1111 android.content.ContextWrapper.sendBroadcast:468 mitv.internal.TvServiceDefaultImpl.handleTimeSync:2043 mitv.internal.TvServiceDefaultImpl.access$2400:127 mitv.internal.TvServiceDefaultImpl$12.run:2152 
07-11 16:17:45.973   569   593 I chatty  : uid=1000(system) ActivityManager expire 1 line
07-11 16:17:45.977     0     0 I         : [  210.914062@3]  show_ctx_mem_pool_size
07-11 16:17:49.153     0     0 I         : [  211.896272@0]  show_ctx_mem_pool_size
07-11 16:17:53.839   569   585 I chatty  : uid=1000(system) android.ui expire 5 lines
07-11 16:17:53.847   569   672 I chatty  : uid=1000(system) Hdmi Control Io expire 7 lines
07-11 16:17:53.929  1375  1582 W ContextImpl: Calling a method in the system process without a qualified user: android.app.ContextImpl.sendBroadcast:1126 android.content.ContextWrapper.sendBroadcast:473 mitv.internal.PackageUsagePolicy.handleUsageEvent:50 mitv.internal.TvServiceDefaultImpl$EventHandler.handleMessage:1903 android.os.Handler.dispatchMessage:106 
07-11 16:17:53.957     0     0 I         : [  215.071779@3]  show_ctx_mem_pool_size
07-11 16:17:53.994     0     0 I         : [  219.875535@0]  show_ctx_mem_pool_size
07-11 16:17:53.998  1495  4329 E ActivityThread: Failed to find provider info for tvlauncher.mic
07-11 16:17:54.481     0     0 I         : [  219.909355@2]  show_ctx_mem_pool_size
07-11 16:17:54.497     0     0 I         : [  220.398104@2]  show_ctx_mem_pool_size
07-11 16:17:54.867   569   631 I chatty  : uid=1000(system) InputReader expire 73 lines
07-11 16:17:54.869   569   630 I chatty  : uid=1000(system) InputDispatcher expire 73 lines
07-11 16:17:54.876   569   585 I chatty  : uid=1000(system) android.ui expire 4 lines
07-11 16:17:54.876   569   569 I chatty  : uid=1000(system) Binder:569_3 expire 10 lines
07-11 16:17:55.680   569   629 I chatty  : uid=1000(system) AlarmManager expire 5 lines
07-11 16:17:55.726   569  1373 I chatty  : uid=1000(system) Binder:569_C expire 7 lines
07-11 16:17:59.707   569  1898 I chatty  : uid=1000(system) Binder:569_1F expire 6 lines
07-11 16:18:04.345  1495  2822 E ActivityThread: Failed to find provider info for com.google.android.apps.youtube.tvunplugged.client.provider
07-11 16:18:09.353     0     0 I         : [  220.413625@2]  show_ctx_mem_pool_size
07-11 16:18:16.401   569   592 I chatty  : uid=1000(system) android.bg expire 2 lines
07-11 16:18:16.453     0     0 I         : [  235.271342@3]  show_ctx_mem_pool_size
07-11 16:18:16.479  1375  1582 W ContextImpl: Calling a method in the system process without a qualified user: android.app.ContextImpl.sendBroadcast:1126 android.content.ContextWrapper.sendBroadcast:473 mitv.internal.PackageUsagePolicy.handleUsageEvent:50 mitv.internal.TvServiceDefaultImpl$EventHandler.handleMessage:1903 android.os.Handler.dispatchMessage:106 
07-11 16:18:16.549   569   646 I chatty  : uid=1000(system) ConnectivitySer expire 1 line
07-11 16:18:16.637     0     0 I         : [  242.369907@2]  show_ctx_mem_pool_size
07-11 16:18:16.637     0     0 I [  242.552536@2]  [wlan][539]aisFsmSteps: (AIS STATE) [AIS]TRANSITION: [NORMAL_TR] -> [ONLINE_SCAN]
07-11 16:18:16.637     0     0 I [  242.552563@2]  [wlan][539]scnFsmSteps: (SCN STATE) [SCAN]TRANSITION: [IDLE] -> [SCANNING]
07-11 16:18:16.669     0     0 I         : [  242.567837@1]  show_ctx_mem_pool_size
07-11 16:18:16.685     0     0 I         : [  242.585050@2]  show_ctx_mem_pool_size
07-11 16:18:16.701   569   643 I chatty  : uid=1000(system) WifiP2pService expire 1 line
07-11 16:18:17.330   569   631 I chatty  : uid=1000(system) InputReader expire 37 lines
07-11 16:18:17.332   569   630 I chatty  : uid=1000(system) InputDispatcher expire 32 lines
07-11 16:18:20.022     0     0 I         : [  242.601215@2]  show_ctx_mem_pool_size
07-11 16:18:20.022     0     0 I [  245.937469@2]  [wlan][539]scnFsmSteps: (SCN STATE) [SCAN]TRANSITION: [SCANNING] -> [IDLE]
07-11 16:18:20.022     0     0 I [  245.937943@2]  [wlan][539]aisFsmSteps: (AIS STATE) [AIS]TRANSITION: [ONLINE_SCAN] -> [NORMAL_TR]
07-11 16:18:20.876   569   894 I chatty  : uid=1000(system) Binder:569_8 expire 3 lines
07-11 16:18:21.453     0     0 I         : [  247.360327@0]  show_ctx_mem_pool_size
07-11 16:18:25.765   569   582 I chatty  : uid=1000(system) Binder:569_1 expire 28 lines
07-11 16:18:34.142   569   631 I chatty  : uid=1000(system) InputReader expire 45 lines
07-11 16:18:34.144   569   630 I chatty  : uid=1000(system) InputDispatcher expire 39 lines
07-11 16:18:42.997   569   849 I chatty  : uid=1000(system) Binder:569_7 expire 4 lines
07-11 16:18:43.000   569   584 I chatty  : uid=1000(system) android.fg expire 7 lines
07-11 16:18:43.039   569   593 I chatty  : uid=1000(system) ActivityManager expire 1 line
07-11 16:18:43.040   569   594 I chatty  : uid=1000(system) ActivityManager expire 2 lines
07-11 16:18:43.040   569   661 I chatty  : uid=1000(system) UEventObserver expire 3 lines
07-11 16:18:43.041     0     0 I         : [  247.369523@0]  show_ctx_mem_pool_size
07-11 16:18:43.041     0     0 I [  268.959220@0]  android_work: sent uevent USB_STATE=DISCONNECTED
07-11 16:18:43.045     0     0 I [  268.962282@0]  android_work: did not send uevent (0 0 0000000000000000)
07-11 16:18:43.094     0     0 I         : [  269.009408@2]  read descriptors
07-11 16:18:43.094     0     0 I         : [  269.009429@2]  read strings
07-11 16:18:43.265     0     0 W         : [  269.180471@0]  usbplug out,stop pcd!
07-11 16:18:43.329     0     0 I         : [  269.211626@2]  show_ctx_mem_pool_size
07-11 16:18:43.657   569   606 I chatty  : uid=1000(system) HwBinder:569_1 expire 1 line
07-11 16:18:43.757     0     0 I         : [  269.246103@0]  show_ctx_mem_pool_size
07-11 16:18:43.757     0     0 W         : [  269.676267@0]  USB RESET
07-11 16:18:43.809     0     0 I [  269.724716@0]  android_work: sent uevent USB_STATE=CONNECTED
07-11 16:18:43.830     0     0 I         : [  269.748900@0]  configfs-gadget gadget: high-speed config #1: b
07-11 16:18:43.830     0     0 I [  269.749274@0]  android_work: sent uevent USB_STATE=CONFIGURED
07-11 16:18:45.500   569   646 I chatty  : uid=1000(system) ConnectivitySer expire 3 lines
07-11 16:18:45.593     0     0 I [  271.508859@1]  [wlan][539]aisFsmSteps: (AIS STATE) [AIS]TRANSITION: [NORMAL_TR] -> [ONLINE_SCAN]
07-11 16:18:45.593     0     0 I [  271.508927@1]  [wlan][539]scnFsmSteps: (SCN STATE) [SCAN]TRANSITION: [IDLE] -> [SCANNING]
07-11 16:18:45.615   569   643 I chatty  : uid=1000(system) WifiP2pService expire 1 line
07-11 16:18:49.017     0     0 I [  274.935555@1]  [wlan][539]scnFsmSteps: (SCN STATE) [SCAN]TRANSITION: [SCANNING] -> [IDLE]
07-11 16:18:49.018     0     0 I [  274.936008@1]  [wlan][539]aisFsmSteps: (AIS STATE) [AIS]TRANSITION: [ONLINE_SCAN] -> [NORMAL_TR]
07-11 16:18:55.601     0     0 I [  281.519415@3]  [wlan][539]aisFsmSteps: (AIS STATE) [AIS]TRANSITION: [NORMAL_TR] -> [ONLINE_SCAN]
07-11 16:18:55.601     0     0 I [  281.519447@3]  [wlan][539]scnFsmSteps: (SCN STATE) [SCAN]TRANSITION: [IDLE] -> [SCANNING]
07-11 16:18:59.041     0     0 I [  284.959256@2]  [wlan][539]scnFsmSteps: (SCN STATE) [SCAN]TRANSITION: [SCANNING] -> [IDLE]
07-11 16:18:59.041     0     0 I [  284.959456@2]  [wlan][539]aisFsmSteps: (AIS STATE) [AIS]TRANSITION: [ONLINE_SCAN] -> [NORMAL_TR]
07-11 16:19:00.001   569   629 I chatty  : uid=1000(system) AlarmManager expire 5 lines
07-11 16:19:00.003   569   569 I chatty  : uid=1000(system) Binder:569_3 expire 52 lines
07-11 16:19:05.613     0     0 I [  291.529046@3]  [wlan][539]aisFsmSteps: (AIS STATE) [AIS]TRANSITION: [NORMAL_TR] -> [ONLINE_SCAN]
07-11 16:19:05.613     0     0 I [  291.529080@3]  [wlan][539]scnFsmSteps: (SCN STATE) [SCAN]TRANSITION: [IDLE] -> [SCANNING]
07-11 16:19:08.707   569  1901 I chatty  : uid=1000(system) Binder:569_20 expire 1 line
07-11 16:19:08.873     0     0 I         : [  294.783774@0]  show_ctx_mem_pool_size
07-11 16:19:09.037     0     0 I         : [  294.790843@2]  show_ctx_mem_pool_size
07-11 16:19:09.037     0     0 I [  294.955477@2]  [wlan][539]scnFsmSteps: (SCN STATE) [SCAN]TRANSITION: [SCANNING] -> [IDLE]
07-11 16:19:09.037     0     0 I [  294.955840@2]  [wlan][539]aisFsmSteps: (AIS STATE) [AIS]TRANSITION: [ONLINE_SCAN] -> [NORMAL_TR]
07-11 16:19:15.025     0     0 I [  300.940476@0]  [wlan][539]rsnIndicatePmkidCand: (RSN EVENT) Security - Time to indicate the PMKID cand.
07-11 16:19:15.613     0     0 I [  301.528513@1]  [wlan][539]aisFsmSteps: (AIS STATE) [AIS]TRANSITION: [NORMAL_TR] -> [ONLINE_SCAN]
07-11 16:19:15.613     0     0 I [  301.528560@1]  [wlan][539]scnFsmSteps: (SCN STATE) [SCAN]TRANSITION: [IDLE] -> [SCANNING]
07-11 16:19:18.993     0     0 I [  304.910897@2]  [wlan][539]scnFsmSteps: (SCN STATE) [SCAN]TRANSITION: [SCANNING] -> [IDLE]
07-11 16:19:18.993     0     0 I [  304.911094@2]  [wlan][539]aisFsmSteps: (AIS STATE) [AIS]TRANSITION: [ONLINE_SCAN] -> [NORMAL_TR]
07-11 16:19:25.621     0     0 I [  311.537766@1]  [wlan][539]aisFsmSteps: (AIS STATE) [AIS]TRANSITION: [NORMAL_TR] -> [ONLINE_SCAN]
07-11 16:19:25.621     0     0 I [  311.537795@1]  [wlan][539]scnFsmSteps: (SCN STATE) [SCAN]TRANSITION: [IDLE] -> [SCANNING]
07-11 16:19:28.877     0     0 I         : [  314.784158@0]  show_ctx_mem_pool_size
07-11 16:19:29.036     0     0 I         : [  314.795034@0]  show_ctx_mem_pool_size
07-11 16:19:29.036     0     0 I [  314.955208@0]  [wlan][539]scnFsmSteps: (SCN STATE) [SCAN]TRANSITION: [SCANNING] -> [IDLE]
07-11 16:19:29.036     0     0 I [  314.955508@0]  [wlan][539]aisFsmSteps: (AIS STATE) [AIS]TRANSITION: [ONLINE_SCAN] -> [NORMAL_TR]
07-11 16:19:29.101  3684  4415 W ContextImpl: Calling a method in the system process without a qualified user: android.app.ContextImpl.bindService:1748 android.content.ContextWrapper.bindService:756 com.google.android.gms.common.h.a.d:27 com.google.android.gms.common.internal.p.h:35 com.google.android.gms.common.internal.o.c:26 
07-11 16:19:32.130     0     0 I [  318.044477@3]  [wlan][539]rsnIndicatePmkidCand: (RSN EVENT) Security - Time to indicate the PMKID cand.
07-11 16:19:33.318   569  1880 I chatty  : uid=1000(system) Binder:569_17 expire 21 lines
07-11 16:19:33.535   569   592 I chatty  : uid=1000(system) android.bg expire 106 lines
07-11 16:19:33.932   569   569 I chatty  : uid=1000(system) Binder:569_3 expire 87 lines
07-11 16:19:33.942   569  1880 I chatty  : uid=1000(system) Binder:569_17 expire 51 lines
07-11 16:19:33.946   569   582 I chatty  : uid=1000(system) Binder:569_1 expire 5 lines
07-11 16:19:34.559   569  1373 I chatty  : uid=1000(system) Binder:569_C expire 36 lines
07-11 16:19:34.735   569   757 I chatty  : uid=1000(system) AsyncTask #1 expire 1 line
07-11 16:19:34.846   569   849 I chatty  : uid=1000(system) Binder:569_7 expire 10 lines
07-11 16:19:34.984   569  1901 I chatty  : uid=1000(system) Binder:569_20 expire 15 lines
07-11 16:19:34.984   569   592 I chatty  : uid=1000(system) android.bg expire 7 lines
07-11 16:19:34.987   569   569 I chatty  : uid=1000(system) Binder:569_3 expire 15 lines
07-11 16:19:35.629     0     0 I [  321.544549@1]  [wlan][539]aisFsmSteps: (AIS STATE) [AIS]TRANSITION: [NORMAL_TR] -> [ONLINE_SCAN]
07-11 16:19:35.629     0     0 I [  321.544594@1]  [wlan][539]scnFsmSteps: (SCN STATE) [SCAN]TRANSITION: [IDLE] -> [SCANNING]
07-11 16:19:38.849   569   629 I chatty  : uid=1000(system) AlarmManager expire 7 lines
07-11 16:19:38.895   569  1880 I chatty  : uid=1000(system) Binder:569_17 expire 2 lines
07-11 16:19:39.037     0     0 I [  324.955312@1]  [wlan][539]scnFsmSteps: (SCN STATE) [SCAN]TRANSITION: [SCANNING] -> [IDLE]
07-11 16:19:39.037     0     0 I [  324.955546@1]  [wlan][539]aisFsmSteps: (AIS STATE) [AIS]TRANSITION: [ONLINE_SCAN] -> [NORMAL_TR]
07-11 16:19:45.633     0     0 I [  331.551419@3]  [wlan][539]aisFsmSteps: (AIS STATE) [AIS]TRANSITION: [NORMAL_TR] -> [ONLINE_SCAN]
07-11 16:19:45.633     0     0 I [  331.551467@3]  [wlan][539]scnFsmSteps: (SCN STATE) [SCAN]TRANSITION: [IDLE] -> [SCANNING]
07-11 16:19:49.029     0     0 I [  334.946023@1]  [wlan][539]scnFsmSteps: (SCN STATE) [SCAN]TRANSITION: [SCANNING] -> [IDLE]
07-11 16:19:49.029     0     0 I [  334.946373@1]  [wlan][539]aisFsmSteps: (AIS STATE) [AIS]TRANSITION: [ONLINE_SCAN] -> [NORMAL_TR]
07-11 16:19:55.641     0     0 I         : [  336.192090@1]  show_ctx_mem_pool_size
07-11 16:19:55.641     0     0 I [  341.557835@1]  [wlan][539]aisFsmSteps: (AIS STATE) [AIS]TRANSITION: [NORMAL_TR] -> [ONLINE_SCAN]
07-11 16:19:55.641     0     0 I [  341.557861@1]  [wlan][539]scnFsmSteps: (SCN STATE) [SCAN]TRANSITION: [IDLE] -> [SCANNING]
07-11 16:19:59.062     0     0 I [  344.978228@1]  [wlan][539]scnFsmSteps: (SCN STATE) [SCAN]TRANSITION: [SCANNING] -> [IDLE]
07-11 16:19:59.062     0     0 I [  344.978580@1]  [wlan][539]aisFsmSteps: (AIS STATE) [AIS]TRANSITION: [ONLINE_SCAN] -> [NORMAL_TR]
07-11 16:20:05.649     0     0 I         : [  350.238079@3]  show_ctx_mem_pool_size
07-11 16:20:05.649     0     0 I [  351.567143@3]  [wlan][539]aisFsmSteps: (AIS STATE) [AIS]TRANSITION: [NORMAL_TR] -> [ONLINE_SCAN]
07-11 16:20:05.649     0     0 I [  351.567169@3]  [wlan][539]scnFsmSteps: (SCN STATE) [SCAN]TRANSITION: [IDLE] -> [SCANNING]
07-11 16:20:09.097     0     0 I [  355.015977@2]  [wlan][539]scnFsmSteps: (SCN STATE) [SCAN]TRANSITION: [SCANNING] -> [IDLE]
07-11 16:20:09.097     0     0 I [  355.016239@2]  [wlan][539]aisFsmSteps: (AIS STATE) [AIS]TRANSITION: [ONLINE_SCAN] -> [NORMAL_TR]
07-11 16:20:09.451   569   631 I chatty  : uid=1000(system) InputReader expire 78 lines
07-11 16:20:09.452   569   630 I chatty  : uid=1000(system) InputDispatcher expire 78 lines
07-11 16:20:09.459   569  1373 I chatty  : uid=1000(system) Binder:569_C expire 2 lines
07-11 16:20:14.862  1375  1582 W ContextImpl: Calling a method in the system process without a qualified user: android.app.ContextImpl.sendBroadcast:1126 android.content.ContextWrapper.sendBroadcast:473 mitv.internal.PackageUsagePolicy.handleUsageEvent:50 mitv.internal.TvServiceDefaultImpl$EventHandler.handleMessage:1903 android.os.Handler.dispatchMessage:106 
07-11 16:20:15.063   569  1901 I chatty  : uid=1000(system) Binder:569_20 expire 5 lines
07-11 16:20:18.884   569  1299 I chatty  : uid=1000(system) LazyTaskWriterT expire 1 line
07-11 16:20:29.070   569   582 I chatty  : uid=1000(system) Binder:569_1 expire 2 lines
07-11 16:20:30.401     0     0 I         : [  355.091778@2]  show_ctx_mem_pool_size
07-11 16:20:30.413     0     0 I         : [  376.319105@2]  show_ctx_mem_pool_size
07-11 16:20:36.373     0     0 I         : [  376.331280@3]  show_ctx_mem_pool_size
07-11 16:20:39.148   569   569 I chatty  : uid=1000(system) Binder:569_3 expire 10 lines
07-11 16:20:39.189     0     0 I         : [  382.291109@1]  show_ctx_mem_pool_size
07-11 16:20:39.201     0     0 I         : [  385.108357@3]  show_ctx_mem_pool_size
07-11 16:20:53.357     0     0 I         : [  385.117660@0]  show_ctx_mem_pool_size
07-11 16:20:53.358   569   849 I chatty  : uid=1000(system) Binder:569_7 expire 2 lines
07-11 16:20:53.379     0     0 I         : [  399.274621@2]  show_ctx_mem_pool_size
07-11 16:20:53.389     0     0 I         : [  399.298456@2]  show_ctx_mem_pool_size
07-11 16:20:56.289   569   585 I chatty  : uid=1000(system) android.ui expire 5 lines
07-11 16:20:56.290   569   672 I chatty  : uid=1000(system) Hdmi Control Io expire 7 lines
07-11 16:20:56.323  1375  1582 W ContextImpl: Calling a method in the system process without a qualified user: android.app.ContextImpl.sendBroadcast:1126 android.content.ContextWrapper.sendBroadcast:473 mitv.internal.PackageUsagePolicy.handleUsageEvent:50 mitv.internal.TvServiceDefaultImpl$EventHandler.handleMessage:1903 android.os.Handler.dispatchMessage:106 
07-11 16:20:56.382  1495  4468 E ActivityThread: Failed to find provider info for tvlauncher.mic
07-11 16:20:58.949   569   631 I chatty  : uid=1000(system) InputReader expire 12 lines
07-11 16:20:58.951   569   630 I chatty  : uid=1000(system) InputDispatcher expire 46 lines
07-11 16:21:03.487   569   631 I chatty  : uid=1000(system) InputReader expire 109 lines
07-11 16:21:06.579   569   849 I chatty  : uid=1000(system) Binder:569_7 expire 5 lines
07-11 16:21:09.170   569   629 I chatty  : uid=1000(system) AlarmManager expire 1 line
07-11 16:21:09.174   569   569 I chatty  : uid=1000(system) Binder:569_3 expire 2 lines
07-11 16:21:11.561   569   592 I chatty  : uid=1000(system) android.bg expire 2 lines
07-11 16:21:11.588  1375  1582 W ContextImpl: Calling a method in the system process without a qualified user: android.app.ContextImpl.sendBroadcast:1126 android.content.ContextWrapper.sendBroadcast:473 mitv.internal.PackageUsagePolicy.handleUsageEvent:50 mitv.internal.TvServiceDefaultImpl$EventHandler.handleMessage:1903 android.os.Handler.dispatchMessage:106 
07-11 16:21:12.212   569   894 I chatty  : uid=1000(system) Binder:569_8 expire 3 lines
07-11 16:21:12.630   569  1373 I chatty  : uid=1000(system) Binder:569_C expire 6 lines
07-11 16:21:14.865     0     0 I         : [  399.307743@2]  show_ctx_mem_pool_size
07-11 16:21:14.865     0     0 I [  420.783510@2]  resman: 29 appname:OMX-26, type=0
07-11 16:21:15.005     0     0 I [  420.921363@2]  [0]: vcodec_dec decoder ffffff804ece0000
07-11 16:21:15.005     0     0 I [  420.921503@2]  [0]: release decoder ffffff804ece0000
07-11 16:21:15.005     0     0 I [  420.921570@2]  [0]: v4ldec has been destroyed.
07-11 16:21:15.005     0     0 I [  420.922335@2]  [1]: vcodec_dec decoder ffffff804577c000
07-11 16:21:15.005     0     0 I         : [  420.923268@2]  double write mode 1 margin 5
07-11 16:21:15.005     0     0 I [  420.923381@2]  [1]: vp9 Instance >> ffffff8051e5a000
07-11 16:21:15.005     0     0 D         : [  420.923464@2]  vdec_create instance 00000000966ab51a, total 1, PM: power-domain
07-11 16:21:15.005     0     0 D         : [  420.923484@2]  the vdec            clock on, ref cnt: 1
07-11 16:21:15.005     0     0 D         : [  420.923504@2]  the clk_hevcf_mux   clock on, ref cnt: 1
07-11 16:21:15.005     0     0 D         : [  420.923841@2]  hevc mux clock is 499999992 Hz
07-11 16:21:15.005     0     0 D         : [  420.924021@2]  the pwrc-hevc       power on
07-11 16:21:15.005     0     0 I         : [  420.924033@2]  vdec_init, dev_name:ammvdec_vp9_v4l, vdec_type=VDEC_TYPE_FRAME_BLOCK, format: 14
07-11 16:21:15.009     0     0 D         : [  420.924964@2]  ammvdec_vp9_probe
07-11 16:21:15.009     0     0 D [  420.925057@2]  [0]pdata->config=parm_v4l_codec_enable: 1;parm_v4l_buffer_margin:5;vp9_double_write_mode:1;vp9_buf_width:2304;vp9_buf_height:4096;save_buffer_mode:0;no_head:0;parm_v4l_canvas_mem_mode:0;parm_v4l_canvas_mem_endian:0;parm_v4l_low_latency_mode:0;
07-11 16:21:15.009     0     0 D         : [  420.925125@2]  [0]no_head 0  low_latency 1
07-11 16:21:15.009     0     0 D         : [  420.925130@2]  decoder_bmmu_box_alloc_box, tvp_flags = 0
07-11 16:21:15.015   569   630 I chatty  : uid=1000(system) InputDispatcher expire 87 lines
07-11 16:21:15.021     0     0 W [  420.937658@1]  vp9: ver (201602101,0) decinfo: 1920x1088 rate=3200
07-11 16:21:15.036     0     0 D         : [  420.953916@1]  After vp9_bufmgr_init, prev_fb_idx : -1, new_fb_idx : -1
07-11 16:21:15.041     0     0 W         : [  420.957007@3]  set pts unstable
07-11 16:21:15.041     0     0 I         : [  420.957096@3]  [TEE], the fw (vp9_mmu) will be loaded...
07-11 16:21:15.041     0     0 D         : [  420.957432@3]  hevc mux clock is 799999988 Hz
07-11 16:21:15.041     0     0 D         : [  420.957443@3]  hevc video changed to 4096 x 2048 60 fps clk->800MHZ
07-11 16:21:15.041     0     0 D         : [  420.958826@3]  vdec_init, vf_provider_name = vdec.vp9.00, b 0
07-11 16:21:15.700   569  1299 I chatty  : uid=1000(system) LazyTaskWriterT expire 1 line
07-11 16:21:15.893     0     0 E         : [  421.810938@3]  mmu box NULL !!!
07-11 16:21:15.893     0     0 D         : [  421.810956@3]  [0]vp9 cached=0  need_size=12288 speed= 884 ms
07-11 16:21:15.893     0     0 D         : [  421.811476@0]  set ucode parse
07-11 16:21:15.893     0     0 I [  421.811505@0]  [1]: Parse from ucode, visible(1920 x 1080), coded(1920 x 1088)
07-11 16:21:15.893     0     0 I [  421.811526@1]  [1]: Picture buffer count: dec:11, vpp:0, margin:4, total:15
07-11 16:21:15.893     0     0 I [  421.811534@1]  [1]: changes: 1
07-11 16:21:15.905     0     0 I [  421.821502@1]  dim: di_create_instance:
07-11 16:21:15.905     0     0 I [  421.821560@1]  dim: bufq_nin_reg:
07-11 16:21:15.905     0     0 I [  421.821628@1]  dim: reg:use[0]ms
07-11 16:21:15.905     0     0 I [  421.821634@1]  dim: ch[2]:reg end
07-11 16:21:15.905     0     0 I [  421.821639@1]  dim: cfg_ch_set:ch[2]
07-11 16:21:15.905     0     0 I [  421.821643@1]  dim: keep_dec_vf[0]
07-11 16:21:15.905     0     0 I [  421.821646@1]  dim: out_fmt[0][0]
07-11 16:21:15.905     0     0 I [  421.821650@1]  dim: alloc_sct[0],4K[0]
07-11 16:21:15.905     0     0 I [  421.821654@1]  dim: tvp:0
07-11 16:21:15.905     0     0 I [  421.821659@1]  dim: di_create_instance:ch[2],tmode[3]
07-11 16:21:15.905     0     0 I [  421.821662@1]  dim: out:0
07-11 16:21:15.905     0     0 I [  421.822169@1]  dim: di_get_input_buffer_num:
07-11 16:21:15.905     0     0 I [  421.822182@1]  dim: di_get_input_buffer_num:end
07-11 16:21:15.905     0     0 I [  421.822187@1]  dim: di_get_output_buffer_num:
07-11 16:21:15.905     0     0 I [  421.822190@1]  dim: di_get_output_buffer_num:end
07-11 16:21:15.905     0     0 I [  421.822198@1]  [1]: vpp_wrapper init bsize:16, di(i:16, o:12), wkm:83, bm:0, fmt:40000000, drm:0, prog:1, byp:0, local:1, NR:1
07-11 16:21:15.905     0     0 I [  421.822203@1]  [1]: vpp_wrapper instance count: 1
07-11 16:21:15.905     0     0 D         : [  421.822433@1]  decoder_bmmu_box_alloc_box, tvp_flags = 0
07-11 16:21:15.905     0     0 I [  421.822459@1]  [1]: box init, bmmu: ffffff804831a400, mmu: ffffff80436c3600
07-11 16:21:15.921     0     0 W         : [  421.827336@0]  init_pic_list ok, used_buf_num = 15
07-11 16:21:15.997     0     0 W         : [  421.914387@0]  resize_context_buffers (0,0)=>(1920,1080)
07-11 16:21:15.997     0     0 I [  421.916314@1]  dim: dip_init_value_reg:chang alloc_sct
07-11 16:21:15.997     0     0 I [  421.916332@1]  dim: dip_init_value_reg:ch[2]:fix_buf:0
07-11 16:21:15.997     0     0 I [  421.916343@1]  dim: di_cnt_i_buf1:tvp:0
07-11 16:21:15.997     0     0 I [  421.916352@1]  dim: hf:size:0
07-11 16:21:15.997     0     0 I [  421.916390@1]  dim: is_bypass2:2:0x0->0x60
07-11 16:21:15.997     0     0 I [  421.916429@1]  dim: pre_sec_alloc:no size
07-11 16:21:15.997     0     0 I [  421.916435@1]  dim: pst_sec_alloc:not alloc:0,0x0
07-11 16:21:15.997     0     0 I [  421.916444@1]  vpu: vpu: vpu_dev_clk_gate_on: unsupport vpu mod: 72
07-11 16:21:16.001     0     0 I [  421.917785@1]  dim: mem_cfg_pre:0
07-11 16:21:16.002     0     0 I [  421.917798@1]  dim: mem_cfg_2local: [0]
07-11 16:21:16.002     0     0 I [  421.917805@1]  dim: mem_cfg_2pst: pst[0]
07-11 16:21:16.002     0     0 D         : [  421.920907@0]  cal_dur_from_pts inner driver dur3200
07-11 16:21:16.006     0     0 I [  421.923659@0]  vframe_rate_uevent: sent uevent FRAME_RATE_HINT=3200
07-11 16:21:16.025     0     0 I [  421.941301@1]  MUA: meta data size: 0 is invalid.
07-11 16:21:16.025     0     0 I [  421.941314@1]  MUA: get meta data fail.
07-11 16:21:16.025     0     0 I [  421.943238@3]  MUA: meta data size: 0 is invalid.
07-11 16:21:16.025     0     0 I [  421.943252@3]  MUA: get meta data fail.
07-11 16:21:16.026     0     0 I [  421.943345@3]  MUA: meta data size: 0 is invalid.
07-11 16:21:16.026     0     0 I [  421.943350@3]  MUA: get meta data fail.
07-11 16:21:16.026     0     0 I [  421.943395@3]  MUA: meta data size: 0 is invalid.
07-11 16:21:16.026     0     0 I [  421.943400@3]  MUA: get meta data fail.
