07-11 16:25:41.400  2553  2553 E ActivityThread: 	at android.content.ContextWrapper.registerReceiver(ContextWrapper.java:668)
07-11 16:25:41.400  2553  2553 E ActivityThread: 	at news.androidtv.launchonboot.MainActivity.onResume(MainActivity.java:142)
07-11 16:25:41.400  2553  2553 E ActivityThread: 	at android.app.Instrumentation.callActivityOnResume(Instrumentation.java:1456)
07-11 16:25:41.400  2553  2553 E ActivityThread: 	at android.app.Activity.performResume(Activity.java:8135)
07-11 16:25:41.400  2553  2553 E ActivityThread: 	at android.app.ActivityThread.performResumeActivity(ActivityThread.java:4434)
07-11 16:25:41.400  2553  2553 E ActivityThread: 	at android.app.ActivityThread.handleResumeActivity(ActivityThread.java:4476)
07-11 16:25:41.400  2553  2553 E ActivityThread: 	at android.app.servertransaction.ResumeActivityItem.execute(ResumeActivityItem.java:52)
07-11 16:25:41.400  2553  2553 E ActivityThread: 	at android.app.servertransaction.TransactionExecutor.executeLifecycleState(TransactionExecutor.java:176)
07-11 16:25:41.400  2553  2553 E ActivityThread: 	at android.app.servertransaction.TransactionExecutor.execute(TransactionExecutor.java:97)
07-11 16:25:41.400  2553  2553 E ActivityThread: 	at android.app.ActivityThread$H.handleMessage(ActivityThread.java:2066)
07-11 16:25:41.400  2553  2553 E ActivityThread: 	at android.os.Handler.dispatchMessage(Handler.java:106)
07-11 16:25:41.400  2553  2553 E ActivityThread: 	at android.os.Looper.loop(Looper.java:223)
07-11 16:25:41.400  2553  2553 E ActivityThread: 	at android.app.ActivityThread.main(ActivityThread.java:7656)
07-11 16:25:41.400  2553  2553 E ActivityThread: 	at java.lang.reflect.Method.invoke(Native Method)
07-11 16:25:41.400  2553  2553 E ActivityThread: 	at com.android.internal.os.RuntimeInit$MethodAndArgsCaller.run(RuntimeInit.java:592)
07-11 16:25:41.400  2553  2553 E ActivityThread: 	at com.android.internal.os.ZygoteInit.main(ZygoteInit.java:947)
07-11 16:25:41.402  2553  2553 E ActivityThread: Activity news.androidtv.launchonboot.MainActivity has leaked IntentReceiver news.androidtv.launchonboot.BootReceiver@e1a099c that was originally registered here. Are you missing a call to unregisterReceiver()?
07-11 16:25:41.402  2553  2553 E ActivityThread: android.app.IntentReceiverLeaked: Activity news.androidtv.launchonboot.MainActivity has leaked IntentReceiver news.androidtv.launchonboot.BootReceiver@e1a099c that was originally registered here. Are you missing a call to unregisterReceiver()?
07-11 16:25:41.402  2553  2553 E ActivityThread: 	at android.app.LoadedApk$ReceiverDispatcher.<init>(LoadedApk.java:1594)
07-11 16:25:41.402  2553  2553 E ActivityThread: 	at android.app.LoadedApk.getReceiverDispatcher(LoadedApk.java:1374)
07-11 16:25:41.402  2553  2553 E ActivityThread: 	at android.app.ContextImpl.registerReceiverInternal(ContextImpl.java:1614)
07-11 16:25:41.402  2553  2553 E ActivityThread: 	at android.app.ContextImpl.registerReceiver(ContextImpl.java:1580)
07-11 16:25:41.402  2553  2553 E ActivityThread: 	at android.app.ContextImpl.registerReceiver(ContextImpl.java:1568)
07-11 16:25:41.402  2553  2553 E ActivityThread: 	at android.content.ContextWrapper.registerReceiver(ContextWrapper.java:668)
07-11 16:25:41.402  2553  2553 E ActivityThread: 	at news.androidtv.launchonboot.MainActivity.onResume(MainActivity.java:142)
07-11 16:25:41.402  2553  2553 E ActivityThread: 	at android.app.Instrumentation.callActivityOnResume(Instrumentation.java:1456)
07-11 16:25:41.402  2553  2553 E ActivityThread: 	at android.app.Activity.performResume(Activity.java:8135)
07-11 16:25:41.402  2553  2553 E ActivityThread: 	at android.app.ActivityThread.performResumeActivity(ActivityThread.java:4434)
07-11 16:25:41.402  2553  2553 E ActivityThread: 	at android.app.ActivityThread.handleResumeActivity(ActivityThread.java:4476)
07-11 16:25:41.402  2553  2553 E ActivityThread: 	at android.app.servertransaction.ResumeActivityItem.execute(ResumeActivityItem.java:52)
07-11 16:25:41.402  2553  2553 E ActivityThread: 	at android.app.servertransaction.TransactionExecutor.executeLifecycleState(TransactionExecutor.java:176)
07-11 16:25:41.402  2553  2553 E ActivityThread: 	at android.app.servertransaction.TransactionExecutor.execute(TransactionExecutor.java:97)
07-11 16:25:41.402  2553  2553 E ActivityThread: 	at android.app.ActivityThread$H.handleMessage(ActivityThread.java:2066)
07-11 16:25:41.402  2553  2553 E ActivityThread: 	at android.os.Handler.dispatchMessage(Handler.java:106)
07-11 16:25:41.402  2553  2553 E ActivityThread: 	at android.os.Looper.loop(Looper.java:223)
07-11 16:25:41.402  2553  2553 E ActivityThread: 	at android.app.ActivityThread.main(ActivityThread.java:7656)
07-11 16:25:41.402  2553  2553 E ActivityThread: 	at java.lang.reflect.Method.invoke(Native Method)
07-11 16:25:41.402  2553  2553 E ActivityThread: 	at com.android.internal.os.RuntimeInit$MethodAndArgsCaller.run(RuntimeInit.java:592)
07-11 16:25:41.402  2553  2553 E ActivityThread: 	at com.android.internal.os.ZygoteInit.main(ZygoteInit.java:947)
07-11 16:25:42.134   569   631 V LightsService: setLight #2: color=#ff000000: brightnessMode=0
07-11 16:25:42.135   569   630 D PowerManagerService: updateSuspendBlockerLocked mWakefulness=1,needWakeLockSuspendBlocker=false
07-11 16:25:42.140   569  1902 D PowerManagerService: updateSuspendBlockerLocked mWakefulness=1,needWakeLockSuspendBlocker=true
07-11 16:25:42.297   569   631 V LightsService: setLight #2: color=#ffffffff: brightnessMode=0
07-11 16:25:42.298   569   630 D PowerManagerService: updateSuspendBlockerLocked mWakefulness=1,needWakeLockSuspendBlocker=true
07-11 16:25:42.671   569   631 V LightsService: setLight #2: color=#ff000000: brightnessMode=0
07-11 16:25:42.673   569   630 D PowerManagerService: updateSuspendBlockerLocked mWakefulness=1,needWakeLockSuspendBlocker=true
07-11 16:25:42.760   569  1299 E TaskPersister: File error accessing recents directory (directory doesn't exist?).
07-11 16:25:42.809   569   631 V LightsService: setLight #2: color=#ffffffff: brightnessMode=0
07-11 16:25:42.813   569   630 D PowerManagerService: updateSuspendBlockerLocked mWakefulness=1,needWakeLockSuspendBlocker=true
07-11 16:25:45.771   569  1902 D PowerManagerService: updateSuspendBlockerLocked mWakefulness=1,needWakeLockSuspendBlocker=false
07-11 16:25:50.496   569   631 V LightsService: setLight #2: color=#ff000000: brightnessMode=0
07-11 16:25:50.497   569   630 D PowerManagerService: updateSuspendBlockerLocked mWakefulness=1,needWakeLockSuspendBlocker=false
07-11 16:25:50.504   569  1595 D PowerManagerService: updateSuspendBlockerLocked mWakefulness=1,needWakeLockSuspendBlocker=true
07-11 16:25:50.671   569   631 V LightsService: setLight #2: color=#ffffffff: brightnessMode=0
07-11 16:25:50.672   569   630 D PowerManagerService: updateSuspendBlockerLocked mWakefulness=1,needWakeLockSuspendBlocker=true
07-11 16:25:50.759   569   631 V LightsService: setLight #2: color=#ff000000: brightnessMode=0
07-11 16:25:50.909   569   631 V LightsService: setLight #2: color=#ffffffff: brightnessMode=0
07-11 16:25:50.910   569   630 D PowerManagerService: updateSuspendBlockerLocked mWakefulness=1,needWakeLockSuspendBlocker=true
07-11 16:25:51.183   569   631 V LightsService: setLight #2: color=#ff000000: brightnessMode=0
07-11 16:25:51.184   569   630 D PowerManagerService: updateSuspendBlockerLocked mWakefulness=1,needWakeLockSuspendBlocker=true
07-11 16:25:51.359   569   631 V LightsService: setLight #2: color=#ffffffff: brightnessMode=0
07-11 16:25:51.361   569   630 D PowerManagerService: updateSuspendBlockerLocked mWakefulness=1,needWakeLockSuspendBlocker=true
07-11 16:25:52.383   569   631 V LightsService: setLight #2: color=#ff000000: brightnessMode=0
07-11 16:25:52.384   569   630 D PowerManagerService: updateSuspendBlockerLocked mWakefulness=1,needWakeLockSuspendBlocker=true
07-11 16:25:52.534   569   631 V LightsService: setLight #2: color=#ffffffff: brightnessMode=0
07-11 16:25:52.535   569   630 D PowerManagerService: updateSuspendBlockerLocked mWakefulness=1,needWakeLockSuspendBlocker=true
07-11 16:25:52.583   569   631 V LightsService: setLight #2: color=#ff000000: brightnessMode=0
07-11 16:25:52.721   569   631 V LightsService: setLight #2: color=#ffffffff: brightnessMode=0
07-11 16:25:52.723   569   630 D PowerManagerService: updateSuspendBlockerLocked mWakefulness=1,needWakeLockSuspendBlocker=true
07-11 16:25:53.436   569   629 D PowerManagerService: updateSuspendBlockerLocked mWakefulness=1,needWakeLockSuspendBlocker=true
07-11 16:25:53.443   569   569 D PowerManagerService: updateSuspendBlockerLocked mWakefulness=1,needWakeLockSuspendBlocker=true
07-11 16:25:53.461   569   569 D PowerManagerService: updateSuspendBlockerLocked mWakefulness=1,needWakeLockSuspendBlocker=true
07-11 16:25:53.468   569  1595 D PowerManagerService: updateSuspendBlockerLocked mWakefulness=1,needWakeLockSuspendBlocker=true
07-11 16:25:55.693   569  1902 D PowerManagerService: updateSuspendBlockerLocked mWakefulness=1,needWakeLockSuspendBlocker=false
07-11 16:26:00.000   569   629 D PowerManagerService: updateSuspendBlockerLocked mWakefulness=1,needWakeLockSuspendBlocker=true
07-11 16:26:00.002   569   569 D PowerManagerService: updateSuspendBlockerLocked mWakefulness=1,needWakeLockSuspendBlocker=false
07-11 16:26:01.421   569   631 V LightsService: setLight #2: color=#ff000000: brightnessMode=0
07-11 16:26:01.423   569   630 D PowerManagerService: updateSuspendBlockerLocked mWakefulness=1,needWakeLockSuspendBlocker=false
07-11 16:26:01.429   569  1595 D PowerManagerService: updateSuspendBlockerLocked mWakefulness=1,needWakeLockSuspendBlocker=true
07-11 16:26:01.609   569   631 V LightsService: setLight #2: color=#ffffffff: brightnessMode=0
07-11 16:26:01.611   569   630 D PowerManagerService: updateSuspendBlockerLocked mWakefulness=1,needWakeLockSuspendBlocker=true
07-11 16:26:02.220   569   631 V LightsService: setLight #2: color=#ff000000: brightnessMode=0
07-11 16:26:02.222   569   630 D PowerManagerService: updateSuspendBlockerLocked mWakefulness=1,needWakeLockSuspendBlocker=true
07-11 16:26:02.395   569   631 V LightsService: setLight #2: color=#ffffffff: brightnessMode=0
07-11 16:26:02.396   569   630 D PowerManagerService: updateSuspendBlockerLocked mWakefulness=1,needWakeLockSuspendBlocker=true
07-11 16:26:04.220   569   631 V LightsService: setLight #2: color=#ff000000: brightnessMode=0
07-11 16:26:04.221   569   630 D PowerManagerService: updateSuspendBlockerLocked mWakefulness=1,needWakeLockSuspendBlocker=true
07-11 16:26:04.384   569   631 V LightsService: setLight #2: color=#ffffffff: brightnessMode=0
07-11 16:26:04.384   569   630 D PowerManagerService: updateSuspendBlockerLocked mWakefulness=1,needWakeLockSuspendBlocker=true
07-11 16:26:04.558   569   631 V LightsService: setLight #2: color=#ff000000: brightnessMode=0
07-11 16:26:04.560   569   630 D PowerManagerService: updateSuspendBlockerLocked mWakefulness=1,needWakeLockSuspendBlocker=true
07-11 16:26:04.708   569   631 V LightsService: setLight #2: color=#ffffffff: brightnessMode=0
07-11 16:26:04.710   569   630 D PowerManagerService: updateSuspendBlockerLocked mWakefulness=1,needWakeLockSuspendBlocker=true
07-11 16:26:04.771   569   631 V LightsService: setLight #2: color=#ff000000: brightnessMode=0
07-11 16:26:04.933   569   631 V LightsService: setLight #2: color=#ffffffff: brightnessMode=0
07-11 16:26:04.934   569   630 D PowerManagerService: updateSuspendBlockerLocked mWakefulness=1,needWakeLockSuspendBlocker=true
07-11 16:26:05.958   569   631 V LightsService: setLight #2: color=#ff000000: brightnessMode=0
07-11 16:26:05.959   569   630 D PowerManagerService: updateSuspendBlockerLocked mWakefulness=1,needWakeLockSuspendBlocker=true
07-11 16:26:06.120   569   631 V LightsService: setLight #2: color=#ffffffff: brightnessMode=0
07-11 16:26:06.122   569   630 D PowerManagerService: updateSuspendBlockerLocked mWakefulness=1,needWakeLockSuspendBlocker=true
07-11 16:26:06.571   569   631 V LightsService: setLight #2: color=#ff000000: brightnessMode=0
07-11 16:26:06.572   569   630 D PowerManagerService: updateSuspendBlockerLocked mWakefulness=1,needWakeLockSuspendBlocker=true
07-11 16:26:06.720   569   631 V LightsService: setLight #2: color=#ffffffff: brightnessMode=0
07-11 16:26:06.721   569   630 D PowerManagerService: updateSuspendBlockerLocked mWakefulness=1,needWakeLockSuspendBlocker=true
07-11 16:26:09.590   569   629 D PowerManagerService: updateSuspendBlockerLocked mWakefulness=1,needWakeLockSuspendBlocker=true
07-11 16:26:09.599   569   569 D PowerManagerService: updateSuspendBlockerLocked mWakefulness=1,needWakeLockSuspendBlocker=true
07-11 16:26:09.612   569   569 D PowerManagerService: updateSuspendBlockerLocked mWakefulness=1,needWakeLockSuspendBlocker=true
07-11 16:26:09.631   569  1901 D PowerManagerService: updateSuspendBlockerLocked mWakefulness=1,needWakeLockSuspendBlocker=true
07-11 16:26:09.689   569  1901 D PowerManagerService: updateSuspendBlockerLocked mWakefulness=1,needWakeLockSuspendBlocker=false
07-11 16:26:14.532   569   631 V LightsService: setLight #2: color=#ff000000: brightnessMode=0
07-11 16:26:14.533   569   630 D PowerManagerService: updateSuspendBlockerLocked mWakefulness=1,needWakeLockSuspendBlocker=false
07-11 16:26:14.539   569  1876 D PowerManagerService: updateSuspendBlockerLocked mWakefulness=1,needWakeLockSuspendBlocker=true
07-11 16:26:14.708   569   631 V LightsService: setLight #2: color=#ffffffff: brightnessMode=0
07-11 16:26:14.709   569   630 D PowerManagerService: updateSuspendBlockerLocked mWakefulness=1,needWakeLockSuspendBlocker=true
07-11 16:26:14.883   569   631 V LightsService: setLight #2: color=#ff000000: brightnessMode=0
07-11 16:26:14.886   569   630 D PowerManagerService: updateSuspendBlockerLocked mWakefulness=1,needWakeLockSuspendBlocker=true
07-11 16:26:15.033   569   631 V LightsService: setLight #2: color=#ffffffff: brightnessMode=0
07-11 16:26:15.035   569   630 D PowerManagerService: updateSuspendBlockerLocked mWakefulness=1,needWakeLockSuspendBlocker=true
07-11 16:26:17.978   569  1595 D PowerManagerService: updateSuspendBlockerLocked mWakefulness=1,needWakeLockSuspendBlocker=false
07-11 16:26:39.619   569   629 D PowerManagerService: updateSuspendBlockerLocked mWakefulness=1,needWakeLockSuspendBlocker=true
07-11 16:26:39.622   569   569 D PowerManagerService: updateSuspendBlockerLocked mWakefulness=1,needWakeLockSuspendBlocker=false
07-11 16:26:39.640   569   569 D PowerManagerService: updateSuspendBlockerLocked mWakefulness=1,needWakeLockSuspendBlocker=true
07-11 16:26:39.662   569  1901 D PowerManagerService: updateSuspendBlockerLocked mWakefulness=1,needWakeLockSuspendBlocker=false
07-11 16:26:39.669     0     0 I         : [  684.764510@3]  show_ctx_mem_pool_size
07-11 16:27:00.000   569   629 D PowerManagerService: updateSuspendBlockerLocked mWakefulness=1,needWakeLockSuspendBlocker=true
07-11 16:27:00.002   569   569 D PowerManagerService: updateSuspendBlockerLocked mWakefulness=1,needWakeLockSuspendBlocker=false
07-11 16:27:09.644   569   629 D PowerManagerService: updateSuspendBlockerLocked mWakefulness=1,needWakeLockSuspendBlocker=true
07-11 16:27:09.647   569   569 D PowerManagerService: updateSuspendBlockerLocked mWakefulness=1,needWakeLockSuspendBlocker=false
07-11 16:27:09.663   569   569 D PowerManagerService: updateSuspendBlockerLocked mWakefulness=1,needWakeLockSuspendBlocker=true
07-11 16:27:09.685   569  1595 D PowerManagerService: updateSuspendBlockerLocked mWakefulness=1,needWakeLockSuspendBlocker=false
07-11 16:27:09.689     0     0 I         : [  745.587641@2]  show_ctx_mem_pool_size
07-11 16:27:11.881   569   631 V LightsService: setLight #2: color=#ff000000: brightnessMode=0
07-11 16:27:11.882   569   630 D PowerManagerService: updateSuspendBlockerLocked mWakefulness=1,needWakeLockSuspendBlocker=false
07-11 16:27:11.886   569  1595 D PowerManagerService: updateSuspendBlockerLocked mWakefulness=1,needWakeLockSuspendBlocker=true
07-11 16:27:12.106   569   631 V LightsService: setLight #2: color=#ffffffff: brightnessMode=0
07-11 16:27:12.107   569   630 D PowerManagerService: updateSuspendBlockerLocked mWakefulness=1,needWakeLockSuspendBlocker=true
07-11 16:27:12.492   569   631 V LightsService: setLight #2: color=#ff000000: brightnessMode=0
07-11 16:27:12.493   569   630 D PowerManagerService: updateSuspendBlockerLocked mWakefulness=1,needWakeLockSuspendBlocker=true
07-11 16:27:12.680   569   631 V LightsService: setLight #2: color=#ffffffff: brightnessMode=0
07-11 16:27:12.682   569   630 D PowerManagerService: updateSuspendBlockerLocked mWakefulness=1,needWakeLockSuspendBlocker=true
07-11 16:27:13.192   569   631 V LightsService: setLight #2: color=#ff000000: brightnessMode=0
07-11 16:27:13.194   569   630 D PowerManagerService: updateSuspendBlockerLocked mWakefulness=1,needWakeLockSuspendBlocker=true
07-11 16:27:13.367   569   631 V LightsService: setLight #2: color=#ffffffff: brightnessMode=0
07-11 16:27:13.368   569   630 D PowerManagerService: updateSuspendBlockerLocked mWakefulness=1,needWakeLockSuspendBlocker=true
07-11 16:27:13.375   569  1901 I ActivityTaskManager: START u0 {act=android.intent.action.MAIN cat=[android.intent.category.LEANBACK_LAUNCHER] flg=0x10000000 pkg=com.mobisystems.fileman cmp=com.mobisystems.fileman/com.mobisystems.files.FileBrowser} from uid 10044
07-11 16:27:13.395   569  1901 D PowerManagerService: updateSuspendBlockerLocked mWakefulness=1,needWakeLockSuspendBlocker=true
07-11 16:27:13.400   569   587 D CompatibilityChangeReporter: Compat change id reported: 135634846; UID 10072; state: DISABLED
07-11 16:27:13.402   569   592 D UsageStatsService_HaoR: MITV MOVE_TO_BACKGROUND
07-11 16:27:13.403   569   594 D CompatibilityChangeReporter: Compat change id reported: 143937733; UID 10072; state: DISABLED
07-11 16:27:13.449   569   594 I ActivityManager: Start proc 5228:com.mobisystems.fileman/u0a72 for pre-top-activity {com.mobisystems.fileman/com.mobisystems.files.FileBrowser}
07-11 16:27:13.520   569   592 D UsageStatsService_HaoR: MITV MOVE_TO_FOREGROUND
07-11 16:27:13.521  1375  1582 W ContextImpl: Calling a method in the system process without a qualified user: android.app.ContextImpl.sendBroadcast:1126 android.content.ContextWrapper.sendBroadcast:473 mitv.internal.PackageUsagePolicy.handleUsageEvent:50 mitv.internal.TvServiceDefaultImpl$EventHandler.handleMessage:1903 android.os.Handler.dispatchMessage:106 
07-11 16:27:13.860  5228  5228 E ActivityThread: Failed to find provider info for com.mobisystems.msconfig.provider
07-11 16:27:13.937     0     0 I         : [  775.607673@3]  show_ctx_mem_pool_size
07-11 16:27:14.102   569  1901 D CompatibilityChangeReporter: Compat change id reported: 136274596; UID 10072; state: DISABLED
07-11 16:27:14.535   569   646 D ConnectivityService: NetReassign [no changes]
07-11 16:27:15.406   569   646 D ConnectivityService: NetReassign [no changes]
07-11 16:27:16.477   569  1595 D PowerManagerService: updateSuspendBlockerLocked mWakefulness=1,needWakeLockSuspendBlocker=true
07-11 16:27:16.492   569   569 D PowerManagerService: updateSuspendBlockerLocked mWakefulness=1,needWakeLockSuspendBlocker=true
07-11 16:27:16.496   569   569 D PowerManagerService: updateSuspendBlockerLocked mWakefulness=1,needWakeLockSuspendBlocker=true
07-11 16:27:16.791   569  1595 D ConnectivityService: requestNetwork for uid/pid:10072/5228 NetworkRequest [ TRACK_DEFAULT id=57, [ Capabilities: INTERNET&NOT_RESTRICTED&TRUSTED Uid: 10072 AdministratorUids: [] RequestorUid: 10072 RequestorPackageName: com.mobisystems.fileman] ]
07-11 16:27:16.791   569   646 D ConnectivityService: NetReassign [57 : null  100]
07-11 16:27:16.997   569  1595 W ActivityManager: Unable to start service Intent { act=com.google.android.gms.leibniz.events.service.START pkg=com.google.android.gms } U=0: not found
07-11 16:27:16.998   569  1595 W ActivityManager: Unbind failed: could not find connection for android.os.BinderProxy@94f84b
07-11 16:27:17.002   569  1299 E TaskPersister: File error accessing recents directory (directory doesn't exist?).
07-11 16:27:17.213   569  1876 D CompatibilityChangeReporter: Compat change id reported: 135634846; UID 10072; state: DISABLED
07-11 16:27:17.214   569   594 D CompatibilityChangeReporter: Compat change id reported: 143937733; UID 10072; state: ENABLED
07-11 16:27:17.235   569   594 I ActivityManager: Start proc 5397:com.google.android.webview:sandboxed_process0:org.chromium.content.app.SandboxedProcessService0:0/u0i1 for  {com.mobisystems.fileman/org.chromium.content.app.SandboxedProcessService0:0}
07-11 16:27:17.268   569   631 V LightsService: setLight #2: color=#ff000000: brightnessMode=0
07-11 16:27:17.268   569  1876 D CompatibilityChangeReporter: Compat change id reported: 136274596; UID 10072; state: DISABLED
07-11 16:27:17.269   569   630 D PowerManagerService: updateSuspendBlockerLocked mWakefulness=1,needWakeLockSuspendBlocker=true
07-11 16:27:17.418   569   631 V LightsService: setLight #2: color=#ffffffff: brightnessMode=0
07-11 16:27:17.419   569   630 D PowerManagerService: updateSuspendBlockerLocked mWakefulness=1,needWakeLockSuspendBlocker=true
07-11 16:27:17.480   569   631 V LightsService: setLight #2: color=#ff000000: brightnessMode=0
07-11 16:27:17.507   569  1595 D ConnectivityService: requestNetwork for uid/pid:10072/5228 NetworkRequest [ TRACK_DEFAULT id=58, [ Capabilities: INTERNET&NOT_RESTRICTED&TRUSTED Uid: 10072 AdministratorUids: [] RequestorUid: 10072 RequestorPackageName: com.mobisystems.fileman] ]
07-11 16:27:17.507   569   646 D ConnectivityService: NetReassign [58 : null  100]
07-11 16:27:17.509   569   646 D ConnectivityService: NetReassign [no changes]
07-11 16:27:17.617   569   631 V LightsService: setLight #2: color=#ffffffff: brightnessMode=0
07-11 16:27:17.755   569  1595 D PowerManagerService: updateSuspendBlockerLocked mWakefulness=1,needWakeLockSuspendBlocker=true
07-11 16:27:17.770   569   630 D PowerManagerService: updateSuspendBlockerLocked mWakefulness=1,needWakeLockSuspendBlocker=true
07-11 16:27:17.796   569  1901 D PowerManagerService: updateSuspendBlockerLocked mWakefulness=1,needWakeLockSuspendBlocker=true
07-11 16:27:17.945   569  1902 D PowerManagerService: updateSuspendBlockerLocked mWakefulness=1,needWakeLockSuspendBlocker=true
07-11 16:27:18.430   569   631 V LightsService: setLight #2: color=#ff000000: brightnessMode=0
07-11 16:27:18.433   569   630 D PowerManagerService: updateSuspendBlockerLocked mWakefulness=1,needWakeLockSuspendBlocker=true
07-11 16:27:18.567   569   631 V LightsService: setLight #2: color=#ffffffff: brightnessMode=0
07-11 16:27:18.571   569   630 D PowerManagerService: updateSuspendBlockerLocked mWakefulness=1,needWakeLockSuspendBlocker=true
07-11 16:27:18.693   569   631 V LightsService: setLight #2: color=#ff000000: brightnessMode=0
07-11 16:27:18.695   569   630 D PowerManagerService: updateSuspendBlockerLocked mWakefulness=1,needWakeLockSuspendBlocker=true
07-11 16:27:18.789   569   630 D WindowManager: Unhandled key: inputToken=android.os.BinderProxy@a973357, title=com.mobisystems.fileman/com.mobisystems.files.FileBrowser, action=0, flags=8, keyCode=22, scanCode=106, metaState=0, repeatCount=0, policyFlags=1644167169
07-11 16:27:18.789   569   630 D WindowManager: No fallback.
07-11 16:27:18.830   569   631 V LightsService: setLight #2: color=#ffffffff: brightnessMode=0
07-11 16:27:18.832   569   630 D PowerManagerService: updateSuspendBlockerLocked mWakefulness=1,needWakeLockSuspendBlocker=true
07-11 16:27:18.956   569   630 D WindowManager: Unhandled key: inputToken=android.os.BinderProxy@a973357, title=com.mobisystems.fileman/com.mobisystems.files.FileBrowser, action=1, flags=8, keyCode=22, scanCode=106, metaState=0, repeatCount=0, policyFlags=1644167168
07-11 16:27:18.956   569   630 D WindowManager: No fallback.
07-11 16:27:19.031   569  1876 D PowerManagerService: updateSuspendBlockerLocked mWakefulness=1,needWakeLockSuspendBlocker=true
07-11 16:27:19.131   569   631 V LightsService: setLight #2: color=#ff000000: brightnessMode=0
07-11 16:27:19.133   569   630 D PowerManagerService: updateSuspendBlockerLocked mWakefulness=1,needWakeLockSuspendBlocker=true
07-11 16:27:19.505   569   631 V LightsService: setLight #2: color=#ffffffff: brightnessMode=0
07-11 16:27:19.507   569   630 D PowerManagerService: updateSuspendBlockerLocked mWakefulness=1,needWakeLockSuspendBlocker=true
07-11 16:27:19.568   569   631 V LightsService: setLight #2: color=#ff000000: brightnessMode=0
07-11 16:27:19.917   569   631 V LightsService: setLight #2: color=#ffffffff: brightnessMode=0
07-11 16:27:19.920   569   630 D PowerManagerService: updateSuspendBlockerLocked mWakefulness=1,needWakeLockSuspendBlocker=true
07-11 16:27:19.967   569   631 V LightsService: setLight #2: color=#ff000000: brightnessMode=0
07-11 16:27:20.118   569   631 V LightsService: setLight #2: color=#ffffffff: brightnessMode=0
07-11 16:27:20.119   569   630 D PowerManagerService: updateSuspendBlockerLocked mWakefulness=1,needWakeLockSuspendBlocker=true
07-11 16:27:20.167   569   631 V LightsService: setLight #2: color=#ff000000: brightnessMode=0
07-11 16:27:20.330   569   631 V LightsService: setLight #2: color=#ffffffff: brightnessMode=0
07-11 16:27:20.331   569   630 D PowerManagerService: updateSuspendBlockerLocked mWakefulness=1,needWakeLockSuspendBlocker=true
07-11 16:27:20.380   569   631 V LightsService: setLight #2: color=#ff000000: brightnessMode=0
07-11 16:27:20.518   569   631 V LightsService: setLight #2: color=#ffffffff: brightnessMode=0
07-11 16:27:20.519   569   630 D PowerManagerService: updateSuspendBlockerLocked mWakefulness=1,needWakeLockSuspendBlocker=true
07-11 16:27:20.580   569   631 V LightsService: setLight #2: color=#ff000000: brightnessMode=0
07-11 16:27:20.692   569   631 V LightsService: setLight #2: color=#ffffffff: brightnessMode=0
07-11 16:27:20.694   569   630 D PowerManagerService: updateSuspendBlockerLocked mWakefulness=1,needWakeLockSuspendBlocker=true
07-11 16:27:21.080   569   631 V LightsService: setLight #2: color=#ff000000: brightnessMode=0
07-11 16:27:21.084   569   630 D PowerManagerService: updateSuspendBlockerLocked mWakefulness=1,needWakeLockSuspendBlocker=true
07-11 16:27:21.243   569   631 V LightsService: setLight #2: color=#ffffffff: brightnessMode=0
07-11 16:27:21.244   569   630 D PowerManagerService: updateSuspendBlockerLocked mWakefulness=1,needWakeLockSuspendBlocker=true
07-11 16:27:21.551   569  1901 I ActivityTaskManager: START u0 {cmp=com.mobisystems.fileman/com.mobisystems.http_server.PcftActivity} from uid 10072
07-11 16:27:21.554   569  1901 D PowerManagerService: updateSuspendBlockerLocked mWakefulness=1,needWakeLockSuspendBlocker=true
07-11 16:27:21.564   569  1876 W ActivityTaskManager: Tried to set launchTime (0) < mLastActivityLaunchTime (779395)
07-11 16:27:21.564   569   592 D UsageStatsService_HaoR: MITV MOVE_TO_BACKGROUND
07-11 16:27:21.574   569   592 D UsageStatsService_HaoR: MITV MOVE_TO_FOREGROUND
07-11 16:27:21.575  1375  1582 W ContextImpl: Calling a method in the system process without a qualified user: android.app.ContextImpl.sendBroadcast:1126 android.content.ContextWrapper.sendBroadcast:473 mitv.internal.PackageUsagePolicy.handleUsageEvent:50 mitv.internal.TvServiceDefaultImpl$EventHandler.handleMessage:1903 android.os.Handler.dispatchMessage:106 
07-11 16:27:21.723   569   646 D ConnectivityService: NetReassign [no changes]
07-11 16:27:22.072   569  1876 D PowerManagerService: updateSuspendBlockerLocked mWakefulness=1,needWakeLockSuspendBlocker=true
07-11 16:27:22.442   569   631 V LightsService: setLight #2: color=#ff000000: brightnessMode=0
07-11 16:27:22.443   569   630 D PowerManagerService: updateSuspendBlockerLocked mWakefulness=1,needWakeLockSuspendBlocker=true
07-11 16:27:22.655   569   631 V LightsService: setLight #2: color=#ffffffff: brightnessMode=0
07-11 16:27:22.657   569   630 D PowerManagerService: updateSuspendBlockerLocked mWakefulness=1,needWakeLockSuspendBlocker=true
07-11 16:27:22.980   569   631 V LightsService: setLight #2: color=#ff000000: brightnessMode=0
07-11 16:27:22.981   569   630 D PowerManagerService: updateSuspendBlockerLocked mWakefulness=1,needWakeLockSuspendBlocker=true
07-11 16:27:23.142   569   631 V LightsService: setLight #2: color=#ffffffff: brightnessMode=0
07-11 16:27:23.144   569   630 D PowerManagerService: updateSuspendBlockerLocked mWakefulness=1,needWakeLockSuspendBlocker=true
07-11 16:27:23.456   569   631 V LightsService: setLight #2: color=#ff000000: brightnessMode=0
07-11 16:27:23.457   569   630 D PowerManagerService: updateSuspendBlockerLocked mWakefulness=1,needWakeLockSuspendBlocker=true
07-11 16:27:23.618   569   631 V LightsService: setLight #2: color=#ffffffff: brightnessMode=0
07-11 16:27:23.619   569   630 D PowerManagerService: updateSuspendBlockerLocked mWakefulness=1,needWakeLockSuspendBlocker=true
07-11 16:27:24.025   569   569 D NotificationService: 0|com.mobisystems.fileman|453695|null|10072: granting content://settings/system/notification_sound
07-11 16:27:24.026   569   569 I chatty  : uid=1000(system) Binder:569_3 identical 1 line
07-11 16:27:24.027   569   569 D NotificationService: 0|com.mobisystems.fileman|453695|null|10072: granting content://settings/system/notification_sound
07-11 16:27:24.032   569   569 W NotificationHistory: Attempted to add notif for locked/gone/disabled user 0
07-11 16:27:24.596   569  1299 E TaskPersister: File error accessing recents directory (directory doesn't exist?).
07-11 16:27:26.744   569  1876 D PowerManagerService: updateSuspendBlockerLocked mWakefulness=1,needWakeLockSuspendBlocker=false
07-11 16:27:33.693     0     0 I         : [  789.548610@2]  show_ctx_mem_pool_size
07-11 16:27:38.737     0     0 I         : [  799.608959@2]  show_ctx_mem_pool_size
07-11 16:27:39.669   569   629 D PowerManagerService: updateSuspendBlockerLocked mWakefulness=1,needWakeLockSuspendBlocker=true
07-11 16:27:39.672   569   569 D PowerManagerService: updateSuspendBlockerLocked mWakefulness=1,needWakeLockSuspendBlocker=false
07-11 16:27:39.694   569   569 D PowerManagerService: updateSuspendBlockerLocked mWakefulness=1,needWakeLockSuspendBlocker=true
07-11 16:27:39.710   569  1902 D PowerManagerService: updateSuspendBlockerLocked mWakefulness=1,needWakeLockSuspendBlocker=false
07-11 16:27:53.473   569   629 D PowerManagerService: updateSuspendBlockerLocked mWakefulness=1,needWakeLockSuspendBlocker=true
07-11 16:27:53.482   569   569 D PowerManagerService: updateSuspendBlockerLocked mWakefulness=1,needWakeLockSuspendBlocker=false
07-11 16:27:53.499   569   569 D PowerManagerService: updateSuspendBlockerLocked mWakefulness=1,needWakeLockSuspendBlocker=true
07-11 16:27:53.502   569  1901 D PowerManagerService: updateSuspendBlockerLocked mWakefulness=1,needWakeLockSuspendBlocker=false
07-11 16:28:00.000   569   629 D PowerManagerService: updateSuspendBlockerLocked mWakefulness=1,needWakeLockSuspendBlocker=true
07-11 16:28:00.002   569   569 D PowerManagerService: updateSuspendBlockerLocked mWakefulness=1,needWakeLockSuspendBlocker=false
07-11 16:28:09.703   569   629 D PowerManagerService: updateSuspendBlockerLocked mWakefulness=1,needWakeLockSuspendBlocker=true
07-11 16:28:09.708   569   569 D PowerManagerService: updateSuspendBlockerLocked mWakefulness=1,needWakeLockSuspendBlocker=false
07-11 16:28:09.722   569   569 D PowerManagerService: updateSuspendBlockerLocked mWakefulness=1,needWakeLockSuspendBlocker=true
07-11 16:28:09.745   569  1902 D PowerManagerService: updateSuspendBlockerLocked mWakefulness=1,needWakeLockSuspendBlocker=false
07-11 16:28:09.753     0     0 I         : [  804.656386@3]  show_ctx_mem_pool_size
07-11 16:28:12.801   569   629 D PowerManagerService: updateSuspendBlockerLocked mWakefulness=1,needWakeLockSuspendBlocker=true
07-11 16:28:12.806   569   569 D PowerManagerService: updateSuspendBlockerLocked mWakefulness=1,needWakeLockSuspendBlocker=false
07-11 16:28:39.731   569   629 D PowerManagerService: updateSuspendBlockerLocked mWakefulness=1,needWakeLockSuspendBlocker=true
07-11 16:28:39.737   569   569 D PowerManagerService: updateSuspendBlockerLocked mWakefulness=1,needWakeLockSuspendBlocker=false
07-11 16:28:39.750   569   569 D PowerManagerService: updateSuspendBlockerLocked mWakefulness=1,needWakeLockSuspendBlocker=true
07-11 16:28:39.771   569  1876 D PowerManagerService: updateSuspendBlockerLocked mWakefulness=1,needWakeLockSuspendBlocker=false
07-11 16:28:39.777     0     0 I         : [  835.670142@3]  show_ctx_mem_pool_size
07-11 16:29:00.000   569   629 D PowerManagerService: updateSuspendBlockerLocked mWakefulness=1,needWakeLockSuspendBlocker=true
07-11 16:29:00.002   569   569 D PowerManagerService: updateSuspendBlockerLocked mWakefulness=1,needWakeLockSuspendBlocker=false
07-11 16:29:09.760   569   629 D PowerManagerService: updateSuspendBlockerLocked mWakefulness=1,needWakeLockSuspendBlocker=true
07-11 16:29:09.765   569   569 D PowerManagerService: updateSuspendBlockerLocked mWakefulness=1,needWakeLockSuspendBlocker=false
07-11 16:29:09.780   569   569 D PowerManagerService: updateSuspendBlockerLocked mWakefulness=1,needWakeLockSuspendBlocker=true
07-11 16:29:09.804   569  1876 D PowerManagerService: updateSuspendBlockerLocked mWakefulness=1,needWakeLockSuspendBlocker=false
07-11 16:29:39.787   569   629 D PowerManagerService: updateSuspendBlockerLocked mWakefulness=1,needWakeLockSuspendBlocker=true
07-11 16:29:39.793   569   569 D PowerManagerService: updateSuspendBlockerLocked mWakefulness=1,needWakeLockSuspendBlocker=false
07-11 16:29:39.805   569   569 D PowerManagerService: updateSuspendBlockerLocked mWakefulness=1,needWakeLockSuspendBlocker=true
07-11 16:29:39.821   569  1876 D PowerManagerService: updateSuspendBlockerLocked mWakefulness=1,needWakeLockSuspendBlocker=false
07-11 16:30:00.001   569   629 D PowerManagerService: updateSuspendBlockerLocked mWakefulness=1,needWakeLockSuspendBlocker=true
07-11 16:30:00.003   569   569 D PowerManagerService: updateSuspendBlockerLocked mWakefulness=1,needWakeLockSuspendBlocker=false
07-11 16:30:03.505   569   629 D PowerManagerService: updateSuspendBlockerLocked mWakefulness=1,needWakeLockSuspendBlocker=true
07-11 16:30:03.512   569  1901 D PowerManagerService: updateSuspendBlockerLocked mWakefulness=1,needWakeLockSuspendBlocker=true
07-11 16:30:03.512   569  1902 D PowerManagerService: updateSuspendBlockerLocked mWakefulness=1,needWakeLockSuspendBlocker=true
07-11 16:30:03.517   569  1901 D PowerManagerService: updateSuspendBlockerLocked mWakefulness=1,needWakeLockSuspendBlocker=true
07-11 16:30:03.520   569  1901 I chatty  : uid=1000(system) Binder:569_20 identical 1 line
07-11 16:30:03.523   569  1901 D PowerManagerService: updateSuspendBlockerLocked mWakefulness=1,needWakeLockSuspendBlocker=true
07-11 16:30:03.534   569   569 D PowerManagerService: updateSuspendBlockerLocked mWakefulness=1,needWakeLockSuspendBlocker=true
07-11 16:30:03.534   569   569 D PowerManagerService: updateSuspendBlockerLocked mWakefulness=1,needWakeLockSuspendBlocker=true
07-11 16:30:03.536   569  1876 D PowerManagerService: updateSuspendBlockerLocked mWakefulness=1,needWakeLockSuspendBlocker=true
07-11 16:30:03.574   569  1876 W AlarmManager: Alarms must either supply a PendingIntent or an AlarmReceiver
07-11 16:30:03.576   569  1901 D PowerManagerService: updateSuspendBlockerLocked mWakefulness=1,needWakeLockSuspendBlocker=true
07-11 16:30:03.829     0     0 I         : [  865.696073@3]  show_ctx_mem_pool_size
07-11 16:30:03.829     0     0 I [  949.745824@3]  [wlan][539]aisFsmSteps: (AIS STATE) [AIS]TRANSITION: [NORMAL_TR] -> [ONLINE_SCAN]
07-11 16:30:03.829     0     0 I [  949.745852@3]  [wlan][539]scnFsmSteps: (SCN STATE) [SCAN]TRANSITION: [IDLE] -> [SCANNING]
07-11 16:30:03.846   569  1901 D PowerManagerService: updateSuspendBlockerLocked mWakefulness=1,needWakeLockSuspendBlocker=true
07-11 16:30:03.870   569  1876 D PowerManagerService: updateSuspendBlockerLocked mWakefulness=1,needWakeLockSuspendBlocker=true
07-11 16:30:03.885     0     0 D [  949.801905@1]  logd: logdr: UID=10045 GID=10045 PID=1266 n tail=0 logMask=4 pid=0 start=0ns timeout=0ns
07-11 16:30:03.921   569  1876 I DropBoxManagerService: add tag=event_data isTagEnabled=true flags=0x2
07-11 16:30:03.924   569   593 W BroadcastQueue: Background execution not allowed: receiving Intent { act=android.intent.action.DROPBOX_ENTRY_ADDED flg=0x10 (has extras) } to com.google.android.gms/.stats.service.DropBoxEntryAddedReceiver
07-11 16:30:03.927   569   593 W BroadcastQueue: Background execution not allowed: receiving Intent { act=android.intent.action.DROPBOX_ENTRY_ADDED flg=0x10 (has extras) } to com.google.android.gms/.chimera.GmsIntentOperationService$PersistentTrustedReceiver
07-11 16:30:03.946   569  1902 D PowerManagerService: updateSuspendBlockerLocked mWakefulness=1,needWakeLockSuspendBlocker=true
07-11 16:30:03.947   569  1902 D PowerManagerService: updateSuspendBlockerLocked mWakefulness=1,needWakeLockSuspendBlocker=true
07-11 16:30:03.948   569  1876 D PowerManagerService: updateSuspendBlockerLocked mWakefulness=1,needWakeLockSuspendBlocker=true
07-11 16:30:03.960   569  1901 D PowerManagerService: updateSuspendBlockerLocked mWakefulness=1,needWakeLockSuspendBlocker=true
07-11 16:30:03.961   569  1876 D PowerManagerService: updateSuspendBlockerLocked mWakefulness=1,needWakeLockSuspendBlocker=true
07-11 16:30:03.971   569  1901 D PowerManagerService: updateSuspendBlockerLocked mWakefulness=1,needWakeLockSuspendBlocker=true
07-11 16:30:03.998   569  1901 D PowerManagerService: updateSuspendBlockerLocked mWakefulness=1,needWakeLockSuspendBlocker=true
07-11 16:30:04.023   569  1901 I DropBoxManagerService: add tag=platform_stats_bookmark isTagEnabled=true flags=0x2
07-11 16:30:04.026   569   593 W BroadcastQueue: Background execution not allowed: receiving Intent { act=android.intent.action.DROPBOX_ENTRY_ADDED flg=0x10 (has extras) } to com.google.android.gms/.stats.service.DropBoxEntryAddedReceiver
07-11 16:30:04.026   569   593 W BroadcastQueue: Background execution not allowed: receiving Intent { act=android.intent.action.DROPBOX_ENTRY_ADDED flg=0x10 (has extras) } to com.google.android.gms/.chimera.GmsIntentOperationService$PersistentTrustedReceiver
07-11 16:30:04.030   569  1901 D PowerManagerService: updateSuspendBlockerLocked mWakefulness=1,needWakeLockSuspendBlocker=true
07-11 16:30:04.044   569  1876 D PowerManagerService: updateSuspendBlockerLocked mWakefulness=1,needWakeLockSuspendBlocker=true
07-11 16:30:04.056   569  1876 D PowerManagerService: updateSuspendBlockerLocked mWakefulness=1,needWakeLockSuspendBlocker=true
07-11 16:30:04.060   569  1901 D PowerManagerService: updateSuspendBlockerLocked mWakefulness=1,needWakeLockSuspendBlocker=true
07-11 16:30:04.207   569  1901 D PowerManagerService: updateSuspendBlockerLocked mWakefulness=1,needWakeLockSuspendBlocker=true
07-11 16:30:04.208   569  1902 D PowerManagerService: updateSuspendBlockerLocked mWakefulness=1,needWakeLockSuspendBlocker=true
07-11 16:30:04.218   569  1902 I chatty  : uid=1000(system) Binder:569_21 identical 2 lines
07-11 16:30:04.242   569  1902 D PowerManagerService: updateSuspendBlockerLocked mWakefulness=1,needWakeLockSuspendBlocker=true
07-11 16:30:04.262   569  1901 D PowerManagerService: updateSuspendBlockerLocked mWakefulness=1,needWakeLockSuspendBlocker=true
07-11 16:30:04.417     0     0 I         : [  950.332440@1]  [TEE] E/TC:? 00 tee_unify_read:58 get storage shm input or output base fail
07-11 16:30:04.417     0     0 I         : [  950.332454@1]  [TEE] E/TC:? 00 tee_unify_read:58 get storage shm input or output base fail
07-11 16:30:04.417     0     0 I         : [  950.332458@1]  [TEE] E/TC:? 00 tee_unify_read:58 get storage shm input or output base fail
07-11 16:30:04.417     0     0 I         : [  950.332463@1]  [TEE] M/TA: KeymasterTA (info): ./keymaster/include/keymaster/attestation_record.h, Line 260: attestationdevidbox is not provisioned
07-11 16:30:04.646   569  1901 D ConnectivityService: requestNetwork for uid/pid:10045/1123 NetworkRequest [ TRACK_DEFAULT id=61, [ Capabilities: INTERNET&NOT_RESTRICTED&TRUSTED Uid: 10045 AdministratorUids: [] RequestorUid: 10045 RequestorPackageName: com.google.android.gms] ]
07-11 16:30:04.647   569   646 D ConnectivityService: NetReassign [61 : null  100]
07-11 16:30:04.652   569   646 D ConnectivityService: NetReassign [no changes]
07-11 16:30:05.061   569  1901 D PowerManagerService: updateSuspendBlockerLocked mWakefulness=1,needWakeLockSuspendBlocker=true
07-11 16:30:05.063   569  1901 D PowerManagerService: updateSuspendBlockerLocked mWakefulness=1,needWakeLockSuspendBlocker=true
07-11 16:30:05.074   569  1595 D PowerManagerService: updateSuspendBlockerLocked mWakefulness=1,needWakeLockSuspendBlocker=true
07-11 16:30:05.104   569  1595 I chatty  : uid=1000(system) Binder:569_F identical 2 lines
07-11 16:30:05.125   569  1595 D PowerManagerService: updateSuspendBlockerLocked mWakefulness=1,needWakeLockSuspendBlocker=true
07-11 16:30:05.729     0     0 I [  951.645541@0]  [wlan][539]scnFsmSteps: (SCN STATE) [SCAN]TRANSITION: [SCANNING] -> [IDLE]
07-11 16:30:05.729     0     0 I [  951.645771@0]  [wlan][539]aisFsmSteps: (AIS STATE) [AIS]TRANSITION: [ONLINE_SCAN] -> [NORMAL_TR]
07-11 16:30:05.770   569  1901 D PowerManagerService: updateSuspendBlockerLocked mWakefulness=1,needWakeLockSuspendBlocker=true
07-11 16:30:05.782   569  1901 D PowerManagerService: updateSuspendBlockerLocked mWakefulness=1,needWakeLockSuspendBlocker=true
07-11 16:30:06.038   569  1902 D PowerManagerService: updateSuspendBlockerLocked mWakefulness=1,needWakeLockSuspendBlocker=true
07-11 16:30:06.091   569  1901 W AlarmManager: Window length 1383505805528046592ms suspiciously long; limiting to 1 hour
07-11 16:30:06.093   569  1901 D PowerManagerService: updateSuspendBlockerLocked mWakefulness=1,needWakeLockSuspendBlocker=true
07-11 16:30:06.096   569  1901 D PowerManagerService: updateSuspendBlockerLocked mWakefulness=1,needWakeLockSuspendBlocker=true
07-11 16:30:06.343   569  1902 D PowerManagerService: updateSuspendBlockerLocked mWakefulness=1,needWakeLockSuspendBlocker=true
07-11 16:30:06.345   569  1901 D PowerManagerService: updateSuspendBlockerLocked mWakefulness=1,needWakeLockSuspendBlocker=true
07-11 16:30:06.359   569  1901 I chatty  : uid=1000(system) Binder:569_20 identical 3 lines
07-11 16:30:08.885   569  1901 D PowerManagerService: updateSuspendBlockerLocked mWakefulness=1,needWakeLockSuspendBlocker=true
07-11 16:30:08.888   569  1884 D PowerManagerService: updateSuspendBlockerLocked mWakefulness=1,needWakeLockSuspendBlocker=true
07-11 16:30:08.908   569  1884 D PowerManagerService: updateSuspendBlockerLocked mWakefulness=1,needWakeLockSuspendBlocker=false
07-11 16:30:08.910   569  1884 D PowerManagerService: updateSuspendBlockerLocked mWakefulness=1,needWakeLockSuspendBlocker=true
07-11 16:30:08.928   569  1595 D PowerManagerService: updateSuspendBlockerLocked mWakefulness=1,needWakeLockSuspendBlocker=false
07-11 16:30:08.930   569   806 D PowerManagerService: updateSuspendBlockerLocked mWakefulness=1,needWakeLockSuspendBlocker=true
07-11 16:30:08.952   569   806 D PowerManagerService: updateSuspendBlockerLocked mWakefulness=1,needWakeLockSuspendBlocker=false
07-11 16:30:08.953   569  1901 D PowerManagerService: updateSuspendBlockerLocked mWakefulness=1,needWakeLockSuspendBlocker=true
07-11 16:30:08.998   569  1595 D PowerManagerService: updateSuspendBlockerLocked mWakefulness=1,needWakeLockSuspendBlocker=true
07-11 16:30:09.001   569  1876 D PowerManagerService: updateSuspendBlockerLocked mWakefulness=1,needWakeLockSuspendBlocker=true
07-11 16:30:09.052   569  1595 D PowerManagerService: updateSuspendBlockerLocked mWakefulness=1,needWakeLockSuspendBlocker=true
07-11 16:30:09.059   569  1876 D PowerManagerService: updateSuspendBlockerLocked mWakefulness=1,needWakeLockSuspendBlocker=true
07-11 16:30:09.062   569  1595 D PowerManagerService: updateSuspendBlockerLocked mWakefulness=1,needWakeLockSuspendBlocker=false
07-11 16:30:09.276   569  1595 D PowerManagerService: updateSuspendBlockerLocked mWakefulness=1,needWakeLockSuspendBlocker=true
07-11 16:30:09.280   569  1595 D PowerManagerService: updateSuspendBlockerLocked mWakefulness=1,needWakeLockSuspendBlocker=false
07-11 16:30:09.297   569  1595 D PowerManagerService: updateSuspendBlockerLocked mWakefulness=1,needWakeLockSuspendBlocker=true
07-11 16:30:09.301   569  1595 D PowerManagerService: updateSuspendBlockerLocked mWakefulness=1,needWakeLockSuspendBlocker=false
07-11 16:30:09.815   569   629 D PowerManagerService: updateSuspendBlockerLocked mWakefulness=1,needWakeLockSuspendBlocker=true
07-11 16:30:09.819   569   569 D PowerManagerService: updateSuspendBlockerLocked mWakefulness=1,needWakeLockSuspendBlocker=false
07-11 16:30:09.842   569   569 D PowerManagerService: updateSuspendBlockerLocked mWakefulness=1,needWakeLockSuspendBlocker=true
07-11 16:30:09.858   569   806 D PowerManagerService: updateSuspendBlockerLocked mWakefulness=1,needWakeLockSuspendBlocker=false
07-11 16:30:22.554   569   629 D PowerManagerService: updateSuspendBlockerLocked mWakefulness=1,needWakeLockSuspendBlocker=true
07-11 16:30:22.563   569   569 D PowerManagerService: updateSuspendBlockerLocked mWakefulness=1,needWakeLockSuspendBlocker=false
07-11 16:30:22.578   569   569 D PowerManagerService: updateSuspendBlockerLocked mWakefulness=1,needWakeLockSuspendBlocker=true
07-11 16:30:22.581   569   806 D PowerManagerService: updateSuspendBlockerLocked mWakefulness=1,needWakeLockSuspendBlocker=false
07-11 16:30:39.851   569   629 D PowerManagerService: updateSuspendBlockerLocked mWakefulness=1,needWakeLockSuspendBlocker=true
07-11 16:30:39.855   569   569 D PowerManagerService: updateSuspendBlockerLocked mWakefulness=1,needWakeLockSuspendBlocker=false
07-11 16:30:39.868   569   569 D PowerManagerService: updateSuspendBlockerLocked mWakefulness=1,needWakeLockSuspendBlocker=true
07-11 16:30:39.891   569   806 D PowerManagerService: updateSuspendBlockerLocked mWakefulness=1,needWakeLockSuspendBlocker=false
07-11 16:31:00.001   569   629 D PowerManagerService: updateSuspendBlockerLocked mWakefulness=1,needWakeLockSuspendBlocker=true
07-11 16:31:00.003   569   569 D PowerManagerService: updateSuspendBlockerLocked mWakefulness=1,needWakeLockSuspendBlocker=false
07-11 16:31:09.876   569   629 D PowerManagerService: updateSuspendBlockerLocked mWakefulness=1,needWakeLockSuspendBlocker=true
07-11 16:31:09.885   569   569 D PowerManagerService: updateSuspendBlockerLocked mWakefulness=1,needWakeLockSuspendBlocker=false
07-11 16:31:09.899   569   569 D PowerManagerService: updateSuspendBlockerLocked mWakefulness=1,needWakeLockSuspendBlocker=true
07-11 16:31:09.925   569   806 D PowerManagerService: updateSuspendBlockerLocked mWakefulness=1,needWakeLockSuspendBlocker=false
07-11 16:31:39.911   569   629 D PowerManagerService: updateSuspendBlockerLocked mWakefulness=1,needWakeLockSuspendBlocker=true
07-11 16:31:39.917   569   569 D PowerManagerService: updateSuspendBlockerLocked mWakefulness=1,needWakeLockSuspendBlocker=false
07-11 16:31:39.929   569   569 D PowerManagerService: updateSuspendBlockerLocked mWakefulness=1,needWakeLockSuspendBlocker=true
07-11 16:31:39.952   569  1876 D PowerManagerService: updateSuspendBlockerLocked mWakefulness=1,needWakeLockSuspendBlocker=false
07-11 16:32:00.001   569   629 D PowerManagerService: updateSuspendBlockerLocked mWakefulness=1,needWakeLockSuspendBlocker=true
07-11 16:32:00.003   569   569 D PowerManagerService: updateSuspendBlockerLocked mWakefulness=1,needWakeLockSuspendBlocker=false
07-11 16:32:09.939   569   629 D PowerManagerService: updateSuspendBlockerLocked mWakefulness=1,needWakeLockSuspendBlocker=true
07-11 16:32:09.945   569   569 D PowerManagerService: updateSuspendBlockerLocked mWakefulness=1,needWakeLockSuspendBlocker=false
07-11 16:32:09.958   569   569 D PowerManagerService: updateSuspendBlockerLocked mWakefulness=1,needWakeLockSuspendBlocker=true
07-11 16:32:09.974   569  1876 D PowerManagerService: updateSuspendBlockerLocked mWakefulness=1,needWakeLockSuspendBlocker=false
07-11 16:32:09.981     0     0 I         : [  955.781977@0]  show_ctx_mem_pool_size
07-11 16:32:20.713     0     0 I         : [ 1075.898714@1]  show_ctx_mem_pool_size
07-11 16:32:20.725     0     0 I         : [ 1086.632174@1]  show_ctx_mem_pool_size
07-11 16:32:20.737     0     0 I         : [ 1086.642414@1]  show_ctx_mem_pool_size
07-11 16:32:23.538   569   629 D PowerManagerService: updateSuspendBlockerLocked mWakefulness=1,needWakeLockSuspendBlocker=true
07-11 16:32:23.544   569   569 D PowerManagerService: updateSuspendBlockerLocked mWakefulness=1,needWakeLockSuspendBlocker=false
07-11 16:32:23.561   569   569 D PowerManagerService: updateSuspendBlockerLocked mWakefulness=1,needWakeLockSuspendBlocker=true
07-11 16:32:23.563   569  1901 D PowerManagerService: updateSuspendBlockerLocked mWakefulness=1,needWakeLockSuspendBlocker=false
07-11 16:32:39.967   569   629 D PowerManagerService: updateSuspendBlockerLocked mWakefulness=1,needWakeLockSuspendBlocker=true
07-11 16:32:39.971   569   569 D PowerManagerService: updateSuspendBlockerLocked mWakefulness=1,needWakeLockSuspendBlocker=false
07-11 16:32:39.985   569   569 D PowerManagerService: updateSuspendBlockerLocked mWakefulness=1,needWakeLockSuspendBlocker=true
07-11 16:32:40.008   569  1901 D PowerManagerService: updateSuspendBlockerLocked mWakefulness=1,needWakeLockSuspendBlocker=false
07-11 16:32:40.013     0     0 I         : [ 1086.653020@2]  show_ctx_mem_pool_size
07-11 16:33:00.001   569   629 D PowerManagerService: updateSuspendBlockerLocked mWakefulness=1,needWakeLockSuspendBlocker=true
