07-11 16:54:55.233   569  1880 D PowerManagerService: updateSuspendBlockerLocked mWakefulness=1,needWakeLockSuspendBlocker=true
07-11 16:54:55.246   569  1881 D PowerManagerService: updateSuspendBlockerLocked mWakefulness=1,needWakeLockSuspendBlocker=true
07-11 16:54:55.249   569  1881 I chatty  : uid=1000(system) Binder:569_18 identical 1 line
07-11 16:54:55.259   569  1881 D PowerManagerService: updateSuspendBlockerLocked mWakefulness=1,needWakeLockSuspendBlocker=true
07-11 16:54:55.277   569  1372 I DropBoxManagerService: add tag=platform_stats_bookmark isTagEnabled=true flags=0x2
07-11 16:54:55.280   569   593 W BroadcastQueue: Background execution not allowed: receiving Intent { act=android.intent.action.DROPBOX_ENTRY_ADDED flg=0x10 (has extras) } to com.google.android.gms/.stats.service.DropBoxEntryAddedReceiver
07-11 16:54:55.281   569   593 W BroadcastQueue: Background execution not allowed: receiving Intent { act=android.intent.action.DROPBOX_ENTRY_ADDED flg=0x10 (has extras) } to com.google.android.gms/.chimera.GmsIntentOperationService$PersistentTrustedReceiver
07-11 16:54:55.287   569  1881 D PowerManagerService: updateSuspendBlockerLocked mWakefulness=1,needWakeLockSuspendBlocker=true
07-11 16:54:55.300   569   849 D PowerManagerService: updateSuspendBlockerLocked mWakefulness=1,needWakeLockSuspendBlocker=true
07-11 16:54:55.334   569  1881 D PowerManagerService: updateSuspendBlockerLocked mWakefulness=1,needWakeLockSuspendBlocker=true
07-11 16:54:55.356   569  1881 I chatty  : uid=1000(system) Binder:569_18 identical 3 lines
07-11 16:54:55.380   569  1881 D PowerManagerService: updateSuspendBlockerLocked mWakefulness=1,needWakeLockSuspendBlocker=true
07-11 16:54:55.383   569  1880 D PowerManagerService: updateSuspendBlockerLocked mWakefulness=1,needWakeLockSuspendBlocker=true
07-11 16:54:55.391   569  1880 I chatty  : uid=1000(system) Binder:569_17 identical 1 line
07-11 16:54:55.404   569  1880 D PowerManagerService: updateSuspendBlockerLocked mWakefulness=1,needWakeLockSuspendBlocker=true
07-11 16:54:55.420   569   691 D PowerManagerService: updateSuspendBlockerLocked mWakefulness=1,needWakeLockSuspendBlocker=true
07-11 16:54:55.430   569   691 D PowerManagerService: updateSuspendBlockerLocked mWakefulness=1,needWakeLockSuspendBlocker=true
07-11 16:54:55.431   569   569 D PowerManagerService: updateSuspendBlockerLocked mWakefulness=1,needWakeLockSuspendBlocker=true
07-11 16:54:55.431   569   691 D PowerManagerService: updateSuspendBlockerLocked mWakefulness=1,needWakeLockSuspendBlocker=true
07-11 16:54:55.447   569   691 I chatty  : uid=1000(system) SyncManager identical 4 lines
07-11 16:54:55.482   569   691 D PowerManagerService: updateSuspendBlockerLocked mWakefulness=1,needWakeLockSuspendBlocker=true
07-11 16:54:55.486   569   569 D PowerManagerService: updateSuspendBlockerLocked mWakefulness=1,needWakeLockSuspendBlocker=true
07-11 16:54:55.491   569   691 D PowerManagerService: updateSuspendBlockerLocked mWakefulness=1,needWakeLockSuspendBlocker=true
07-11 16:54:55.493   569   691 D PowerManagerService: updateSuspendBlockerLocked mWakefulness=1,needWakeLockSuspendBlocker=true
07-11 16:54:55.503   569  1880 D PowerManagerService: updateSuspendBlockerLocked mWakefulness=1,needWakeLockSuspendBlocker=false
07-11 16:54:55.506   569   582 D PowerManagerService: updateSuspendBlockerLocked mWakefulness=1,needWakeLockSuspendBlocker=true
07-11 16:54:55.514   569   582 D PowerManagerService: updateSuspendBlockerLocked mWakefulness=1,needWakeLockSuspendBlocker=false
07-11 16:54:55.516   569   582 D PowerManagerService: updateSuspendBlockerLocked mWakefulness=1,needWakeLockSuspendBlocker=true
07-11 16:54:55.530   569   582 D PowerManagerService: updateSuspendBlockerLocked mWakefulness=1,needWakeLockSuspendBlocker=false
07-11 16:54:55.553   569   569 D PowerManagerService: updateSuspendBlockerLocked mWakefulness=1,needWakeLockSuspendBlocker=true
07-11 16:54:55.571   569  1880 D PowerManagerService: updateSuspendBlockerLocked mWakefulness=1,needWakeLockSuspendBlocker=false
07-11 16:55:00.000   569   629 D PowerManagerService: updateSuspendBlockerLocked mWakefulness=1,needWakeLockSuspendBlocker=true
07-11 16:55:00.003   569   569 D PowerManagerService: updateSuspendBlockerLocked mWakefulness=1,needWakeLockSuspendBlocker=false
07-11 16:55:05.616   569   629 D PowerManagerService: updateSuspendBlockerLocked mWakefulness=1,needWakeLockSuspendBlocker=true
07-11 16:55:05.627   569   569 D PowerManagerService: updateSuspendBlockerLocked mWakefulness=1,needWakeLockSuspendBlocker=false
07-11 16:55:05.628   569   569 D PowerManagerService: updateSuspendBlockerLocked mWakefulness=1,needWakeLockSuspendBlocker=true
07-11 16:55:05.655   569   582 D PowerManagerService: updateSuspendBlockerLocked mWakefulness=1,needWakeLockSuspendBlocker=false
07-11 16:55:25.563   569   629 D PowerManagerService: updateSuspendBlockerLocked mWakefulness=1,needWakeLockSuspendBlocker=true
07-11 16:55:25.568   569   569 D PowerManagerService: updateSuspendBlockerLocked mWakefulness=1,needWakeLockSuspendBlocker=false
07-11 16:55:25.583   569   569 D PowerManagerService: updateSuspendBlockerLocked mWakefulness=1,needWakeLockSuspendBlocker=true
07-11 16:55:25.607   569   582 D PowerManagerService: updateSuspendBlockerLocked mWakefulness=1,needWakeLockSuspendBlocker=false
07-11 16:55:55.593   569   629 D PowerManagerService: updateSuspendBlockerLocked mWakefulness=1,needWakeLockSuspendBlocker=true
07-11 16:55:55.596   569   569 D PowerManagerService: updateSuspendBlockerLocked mWakefulness=1,needWakeLockSuspendBlocker=false
07-11 16:55:55.614   569   569 D PowerManagerService: updateSuspendBlockerLocked mWakefulness=1,needWakeLockSuspendBlocker=true
07-11 16:55:55.641   569  1881 D PowerManagerService: updateSuspendBlockerLocked mWakefulness=1,needWakeLockSuspendBlocker=false
07-11 16:55:55.657     0     0 I         : [ 2501.563349@1]  show_ctx_mem_pool_size
07-11 16:56:00.001   569   629 D PowerManagerService: updateSuspendBlockerLocked mWakefulness=1,needWakeLockSuspendBlocker=true
07-11 16:56:00.005   569   569 D PowerManagerService: updateSuspendBlockerLocked mWakefulness=1,needWakeLockSuspendBlocker=false
07-11 16:56:25.620   569   629 D PowerManagerService: updateSuspendBlockerLocked mWakefulness=1,needWakeLockSuspendBlocker=true
07-11 16:56:25.626   569   569 D PowerManagerService: updateSuspendBlockerLocked mWakefulness=1,needWakeLockSuspendBlocker=false
07-11 16:56:25.641   569   569 D PowerManagerService: updateSuspendBlockerLocked mWakefulness=1,needWakeLockSuspendBlocker=true
07-11 16:56:25.665   569  1881 D PowerManagerService: updateSuspendBlockerLocked mWakefulness=1,needWakeLockSuspendBlocker=false
07-11 16:56:55.649   569   629 D PowerManagerService: updateSuspendBlockerLocked mWakefulness=1,needWakeLockSuspendBlocker=true
07-11 16:56:55.654   569   569 D PowerManagerService: updateSuspendBlockerLocked mWakefulness=1,needWakeLockSuspendBlocker=false
07-11 16:56:55.670   569   569 D PowerManagerService: updateSuspendBlockerLocked mWakefulness=1,needWakeLockSuspendBlocker=true
07-11 16:56:55.689   569   582 D PowerManagerService: updateSuspendBlockerLocked mWakefulness=1,needWakeLockSuspendBlocker=false
07-11 16:57:00.000   569   629 D PowerManagerService: updateSuspendBlockerLocked mWakefulness=1,needWakeLockSuspendBlocker=true
07-11 16:57:00.001   569   569 D PowerManagerService: updateSuspendBlockerLocked mWakefulness=1,needWakeLockSuspendBlocker=false
07-11 16:57:08.312   569   629 D PowerManagerService: updateSuspendBlockerLocked mWakefulness=1,needWakeLockSuspendBlocker=true
07-11 16:57:08.323   569   569 D PowerManagerService: updateSuspendBlockerLocked mWakefulness=1,needWakeLockSuspendBlocker=false
07-11 16:57:08.333   569   691 D PowerManagerService: updateSuspendBlockerLocked mWakefulness=1,needWakeLockSuspendBlocker=true
07-11 16:57:08.340   569   569 D PowerManagerService: updateSuspendBlockerLocked mWakefulness=1,needWakeLockSuspendBlocker=true
07-11 16:57:08.342   569  1880 D PowerManagerService: updateSuspendBlockerLocked mWakefulness=1,needWakeLockSuspendBlocker=true
07-11 16:57:08.363   569   691 D PowerManagerService: updateSuspendBlockerLocked mWakefulness=1,needWakeLockSuspendBlocker=false
07-11 16:57:08.373   569   569 D PowerManagerService: updateSuspendBlockerLocked mWakefulness=1,needWakeLockSuspendBlocker=true
07-11 16:57:08.374   569   691 D PowerManagerService: updateSuspendBlockerLocked mWakefulness=1,needWakeLockSuspendBlocker=true
07-11 16:57:08.380   569   691 I chatty  : uid=1000(system) SyncManager identical 4 lines
07-11 16:57:10.540   569   691 D PowerManagerService: updateSuspendBlockerLocked mWakefulness=1,needWakeLockSuspendBlocker=true
07-11 16:57:10.541   569   569 D PowerManagerService: updateSuspendBlockerLocked mWakefulness=1,needWakeLockSuspendBlocker=true
07-11 16:57:10.559   569   691 D PowerManagerService: updateSuspendBlockerLocked mWakefulness=1,needWakeLockSuspendBlocker=true
07-11 16:57:10.561   569   691 D PowerManagerService: updateSuspendBlockerLocked mWakefulness=1,needWakeLockSuspendBlocker=false
07-11 16:57:25.679   569   629 D PowerManagerService: updateSuspendBlockerLocked mWakefulness=1,needWakeLockSuspendBlocker=true
07-11 16:57:25.682   569   569 D PowerManagerService: updateSuspendBlockerLocked mWakefulness=1,needWakeLockSuspendBlocker=false
07-11 16:57:25.698   569   569 D PowerManagerService: updateSuspendBlockerLocked mWakefulness=1,needWakeLockSuspendBlocker=true
07-11 16:57:25.722   569  1881 D PowerManagerService: updateSuspendBlockerLocked mWakefulness=1,needWakeLockSuspendBlocker=false
07-11 16:57:25.729     0     0 I         : [ 2501.575030@3]  show_ctx_mem_pool_size
07-11 16:57:25.737     0     0 I         : [ 2591.644999@1]  show_ctx_mem_pool_size
07-11 16:57:55.704   569   629 D PowerManagerService: updateSuspendBlockerLocked mWakefulness=1,needWakeLockSuspendBlocker=true
07-11 16:57:55.708   569   569 D PowerManagerService: updateSuspendBlockerLocked mWakefulness=1,needWakeLockSuspendBlocker=false
07-11 16:57:55.723   569   569 D PowerManagerService: updateSuspendBlockerLocked mWakefulness=1,needWakeLockSuspendBlocker=true
07-11 16:57:55.745   569   582 D PowerManagerService: updateSuspendBlockerLocked mWakefulness=1,needWakeLockSuspendBlocker=false
07-11 16:58:00.000   569   629 D PowerManagerService: updateSuspendBlockerLocked mWakefulness=1,needWakeLockSuspendBlocker=true
07-11 16:58:00.001   569   569 D PowerManagerService: updateSuspendBlockerLocked mWakefulness=1,needWakeLockSuspendBlocker=false
07-11 16:58:25.729   569   629 D PowerManagerService: updateSuspendBlockerLocked mWakefulness=1,needWakeLockSuspendBlocker=true
07-11 16:58:25.737   569   569 D PowerManagerService: updateSuspendBlockerLocked mWakefulness=1,needWakeLockSuspendBlocker=false
07-11 16:58:25.753   569   569 D PowerManagerService: updateSuspendBlockerLocked mWakefulness=1,needWakeLockSuspendBlocker=true
07-11 16:58:25.768   569  1880 D PowerManagerService: updateSuspendBlockerLocked mWakefulness=1,needWakeLockSuspendBlocker=false
07-11 16:58:33.498   569   629 D PowerManagerService: updateSuspendBlockerLocked mWakefulness=1,needWakeLockSuspendBlocker=true
07-11 16:58:33.504   569   569 D PowerManagerService: updateSuspendBlockerLocked mWakefulness=1,needWakeLockSuspendBlocker=false
07-11 16:58:33.531   569   569 D PowerManagerService: updateSuspendBlockerLocked mWakefulness=1,needWakeLockSuspendBlocker=true
07-11 16:58:35.708   569   569 D PowerManagerService: updateSuspendBlockerLocked mWakefulness=1,needWakeLockSuspendBlocker=true
07-11 16:58:35.806   569  1880 D CompatibilityChangeReporter: Compat change id reported: 149924527; UID 10047; state: ENABLED
07-11 16:58:35.806   569  1881 D CompatibilityChangeReporter: Compat change id reported: 149924527; UID 10047; state: ENABLED
07-11 16:58:35.807   569   849 D CompatibilityChangeReporter: Compat change id reported: 132649864; UID 10047; state: DISABLED
07-11 16:58:35.845   569  1372 D CompatibilityChangeReporter: Compat change id reported: 135634846; UID 10047; state: DISABLED
07-11 16:58:35.846   569   594 D CompatibilityChangeReporter: Compat change id reported: 143937733; UID 10047; state: ENABLED
07-11 16:58:35.901   569   594 W ActivityManager: Slow operation: 57ms so far, now at startProcess: returned from zygote!
07-11 16:58:35.902   569   594 W ActivityManager: Slow operation: 57ms so far, now at startProcess: done updating battery stats
07-11 16:58:35.902   569   594 W ActivityManager: Slow operation: 58ms so far, now at startProcess: building log message
07-11 16:58:35.902   569   594 I ActivityManager: Start proc 5806:com.android.vending:instant_app_installer/u0a47 for service {com.android.vending/com.google.android.finsky.instantapps.statussync.EnabledStatusSyncService}
07-11 16:58:35.902   569   594 W ActivityManager: Slow operation: 58ms so far, now at startProcess: starting to update pids map
07-11 16:58:35.903   569   594 W ActivityManager: Slow operation: 58ms so far, now at startProcess: done updating pids map
07-11 16:58:35.985   569  1372 D CompatibilityChangeReporter: Compat change id reported: 136219221; UID 10047; state: ENABLED
07-11 16:58:36.218   569   569 D NotificationService: 0|com.android.vending|42864|null|10047: granting content://settings/system/notification_sound
07-11 16:58:36.218   569   569 I chatty  : uid=1000(system) Binder:569_3 identical 1 line
07-11 16:58:36.219   569   569 D NotificationService: 0|com.android.vending|42864|null|10047: granting content://settings/system/notification_sound
07-11 16:58:36.231   569   569 W NotificationHistory: Attempted to add notif for locked/gone/disabled user 0
07-11 16:58:36.250   569   569 D PowerManagerService: updateSuspendBlockerLocked mWakefulness=1,needWakeLockSuspendBlocker=true
07-11 16:58:36.331   569   569 I chatty  : uid=1000(system) Binder:569_3 identical 1 line
07-11 16:58:36.488   569   569 D PowerManagerService: updateSuspendBlockerLocked mWakefulness=1,needWakeLockSuspendBlocker=true
07-11 16:58:36.605   569  1372 D PowerManagerService: updateSuspendBlockerLocked mWakefulness=1,needWakeLockSuspendBlocker=true
07-11 16:58:36.632   569   569 D PowerManagerService: updateSuspendBlockerLocked mWakefulness=1,needWakeLockSuspendBlocker=true
07-11 16:58:36.642   569   569 D NotificationService: 0|com.android.vending|-555892993|null|10047: granting content://settings/system/notification_sound
07-11 16:58:36.643   569   569 I chatty  : uid=1000(system) Binder:569_3 identical 1 line
07-11 16:58:36.643   569   569 D NotificationService: 0|com.android.vending|-555892993|null|10047: granting content://settings/system/notification_sound
07-11 16:58:36.645   569   569 W NotificationHistory: Attempted to add notif for locked/gone/disabled user 0
07-11 16:58:36.664   569   569 D NotificationService: 0|com.android.vending|-555892737|null|10047: granting content://settings/system/notification_sound
07-11 16:58:36.665   569   569 I chatty  : uid=1000(system) Binder:569_3 identical 1 line
07-11 16:58:36.665   569   569 D NotificationService: 0|com.android.vending|-555892737|null|10047: granting content://settings/system/notification_sound
07-11 16:58:36.666   569   569 W NotificationHistory: Attempted to add notif for locked/gone/disabled user 0
07-11 16:58:36.762   569   849 D PowerManagerService: updateSuspendBlockerLocked mWakefulness=1,needWakeLockSuspendBlocker=true
07-11 16:58:36.919   569  1372 D ConnectivityService: requestNetwork for uid/pid:10047/5806 NetworkRequest [ TRACK_DEFAULT id=65, [ Capabilities: INTERNET&NOT_RESTRICTED&TRUSTED Uid: 10047 AdministratorUids: [] RequestorUid: 10047 RequestorPackageName: com.android.vending] ]
07-11 16:58:36.920   569   646 D ConnectivityService: NetReassign [65 : null  100]
07-11 16:58:36.924   569   646 D ConnectivityService: NetReassign [no changes]
07-11 16:58:37.291   569   569 D PowerManagerService: updateSuspendBlockerLocked mWakefulness=1,needWakeLockSuspendBlocker=true
07-11 16:58:37.315  5806  5886 E ActivityThread: Failed to find provider info for com.google.android.instantapps.supervisor.SupervisorArchiveProvider
07-11 16:58:37.315   569   849 D PowerManagerService: updateSuspendBlockerLocked mWakefulness=1,needWakeLockSuspendBlocker=true
07-11 16:58:37.351   569  1881 D PowerManagerService: updateSuspendBlockerLocked mWakefulness=1,needWakeLockSuspendBlocker=true
07-11 16:58:38.593     0     0 I         : [ 2591.655899@1]  show_ctx_mem_pool_size
07-11 16:58:38.593     0     0 I         : [ 2664.508447@1]  [TEE] E/TC:? 00 tee_unify_read:58 get storage shm input or output base fail
07-11 16:58:38.593     0     0 I         : [ 2664.508456@1]  [TEE] E/TC:? 00 tee_unify_read:58 get storage shm input or output base fail
07-11 16:58:38.593     0     0 I         : [ 2664.508460@1]  [TEE] E/TC:? 00 tee_unify_read:58 get storage shm input or output base fail
07-11 16:58:38.593     0     0 I         : [ 2664.508465@1]  [TEE] M/TA: KeymasterTA (info): ./keymaster/include/keymaster/attestation_record.h, Line 260: attestationdevidbox is not provisioned
07-11 16:58:41.078   569   849 D PowerManagerService: updateSuspendBlockerLocked mWakefulness=1,needWakeLockSuspendBlocker=true
07-11 16:58:41.980   569   569 D PowerManagerService: updateSuspendBlockerLocked mWakefulness=1,needWakeLockSuspendBlocker=true
07-11 16:58:43.297   569   569 D NotificationService: 0|com.android.vending|-56862258|null|10047: granting content://settings/system/notification_sound
07-11 16:58:43.297   569   569 I chatty  : uid=1000(system) Binder:569_3 identical 1 line
07-11 16:58:43.297   569   569 D NotificationService: 0|com.android.vending|-56862258|null|10047: granting content://settings/system/notification_sound
07-11 16:58:43.301   569   569 W NotificationHistory: Attempted to add notif for locked/gone/disabled user 0
07-11 16:58:43.696   569  1881 D PowerManagerService: updateSuspendBlockerLocked mWakefulness=1,needWakeLockSuspendBlocker=true
07-11 16:58:50.747   569   629 D PowerManagerService: updateSuspendBlockerLocked mWakefulness=1,needWakeLockSuspendBlocker=true
07-11 16:58:50.751   569   569 D PowerManagerService: updateSuspendBlockerLocked mWakefulness=1,needWakeLockSuspendBlocker=true
07-11 16:58:50.764   569   569 D PowerManagerService: updateSuspendBlockerLocked mWakefulness=1,needWakeLockSuspendBlocker=true
07-11 16:58:50.915   569  1372 D PowerManagerService: updateSuspendBlockerLocked mWakefulness=1,needWakeLockSuspendBlocker=true
07-11 16:58:55.761   569   629 D PowerManagerService: updateSuspendBlockerLocked mWakefulness=1,needWakeLockSuspendBlocker=true
07-11 16:58:55.764   569   569 D PowerManagerService: updateSuspendBlockerLocked mWakefulness=1,needWakeLockSuspendBlocker=true
07-11 16:58:55.781   569   569 D PowerManagerService: updateSuspendBlockerLocked mWakefulness=1,needWakeLockSuspendBlocker=true
07-11 16:58:55.954   569  1372 D PowerManagerService: updateSuspendBlockerLocked mWakefulness=1,needWakeLockSuspendBlocker=true
07-11 16:59:00.000   569   629 D PowerManagerService: updateSuspendBlockerLocked mWakefulness=1,needWakeLockSuspendBlocker=true
07-11 16:59:00.001   569   569 D PowerManagerService: updateSuspendBlockerLocked mWakefulness=1,needWakeLockSuspendBlocker=true
07-11 16:59:03.353   569   849 I ActivityManager: Killing 4260:com.google.android.webview:webview_service/u0a51 (adj 995): empty for 1904s
07-11 16:59:03.389     0     0 I         : [ 2689.289418@3]  show_ctx_mem_pool_size
07-11 16:59:03.846   569   609 I PackageManager: Integrity check passed for file:///data/app/vmdl2122977236.tmp
07-11 16:59:03.956   569   609 I PackageManager: Has been registered in whitelist, skip! com.google.android.katniss
07-11 16:59:04.037   569   593 I ActivityManager: Force stopping com.google.android.katniss appid=10042 user=-1: installPackageLI
07-11 16:59:04.038   569   593 I ActivityManager: Killing 4992:com.google.android.katniss:interactor/u0a42 (adj 100): stop com.google.android.katniss due to installPackageLI
07-11 16:59:04.046   569   593 I ActivityManager: Killing 5099:com.google.android.katniss:search/u0a42 (adj 975): stop com.google.android.katniss due to installPackageLI
07-11 16:59:04.050   569   609 I PackageManager: Update system package com.google.android.katniss code path from /data/app/~~KZF7ptMAvOb_LRtKV7lHyw==/com.google.android.katniss-KcE73Qi-N9nGZRePz3Lc_w== to /data/app/~~FTjIZ7RCtkMplV9jlWlA-w==/com.google.android.katniss-_zN8fGTi0PUPlV1DrY-TTg==; Retain data and using new
07-11 16:59:04.050   569   609 I PackageManager: Update system package com.google.android.katniss resource path from /data/app/~~KZF7ptMAvOb_LRtKV7lHyw==/com.google.android.katniss-KcE73Qi-N9nGZRePz3Lc_w== to /data/app/~~FTjIZ7RCtkMplV9jlWlA-w==/com.google.android.katniss-_zN8fGTi0PUPlV1DrY-TTg==; Retain data and using new
07-11 16:59:04.079   569   582 D ConnectivityService: ConnectivityService NetworkRequestInfo binderDied(NetworkRequest [ TRACK_DEFAULT id=52, [ Capabilities: INTERNET&NOT_RESTRICTED&TRUSTED Uid: 10042 AdministratorUids: [] RequestorUid: 10042 RequestorPackageName: com.google.android.katniss] ], android.os.BinderProxy@c6c197c)
07-11 16:59:04.080   569   646 D ConnectivityService: releasing NetworkRequest [ TRACK_DEFAULT id=52, [ Capabilities: INTERNET&NOT_RESTRICTED&TRUSTED Uid: 10042 AdministratorUids: [] RequestorUid: 10042 RequestorPackageName: com.google.android.katniss] ] (release request)
07-11 16:59:04.081     0     0 I         : [ 2689.306408@2]  show_ctx_mem_pool_size
07-11 16:59:04.081     0     0 I [ 2689.998315@2]  binder: undelivered transaction 562922, process died.
07-11 16:59:04.086   569   609 D CompatibilityChangeReporter: Compat change id reported: 135549675; UID 10042; state: ENABLED
07-11 16:59:04.090   569   609 I PackageManager: Permission ownership changed. Updating all permissions.
07-11 16:59:04.096   569  1870 D ConnectivityService: ConnectivityService NetworkRequestInfo binderDied(NetworkRequest [ LISTEN id=54, [ Capabilities: INTERNET&NOT_RESTRICTED&TRUSTED&FOREGROUND Uid: 10042 AdministratorUids: [] RequestorUid: 10042 RequestorPackageName: com.google.android.katniss] ], android.os.BinderProxy@e7d0a26)
07-11 16:59:04.096   569  1870 D ConnectivityService: ConnectivityService NetworkRequestInfo binderDied(NetworkRequest [ TRACK_DEFAULT id=53, [ Capabilities: INTERNET&NOT_RESTRICTED&TRUSTED Uid: 10042 AdministratorUids: [] RequestorUid: 10042 RequestorPackageName: com.google.android.katniss] ], android.os.BinderProxy@3b91667)
07-11 16:59:04.097   569   646 D ConnectivityService: releasing NetworkRequest [ TRACK_DEFAULT id=53, [ Capabilities: INTERNET&NOT_RESTRICTED&TRUSTED Uid: 10042 AdministratorUids: [] RequestorUid: 10042 RequestorPackageName: com.google.android.katniss] ] (release request)
07-11 16:59:04.228   569   569 W Looper  : Slow dispatch took 121ms main h=com.android.server.job.JobSchedulerService$JobHandler c=null m=1
07-11 16:59:04.607   569   609 D PowerManagerService: updateSuspendBlockerLocked mWakefulness=1,needWakeLockSuspendBlocker=true
07-11 16:59:24.066   569   609 D PowerManagerService: updateSuspendBlockerLocked mWakefulness=1,needWakeLockSuspendBlocker=true
07-11 16:59:24.129     0     0 I         : [ 2710.025182@0]  show_ctx_mem_pool_size
07-11 16:59:24.137     0     0 I         : [ 2710.045153@0]  show_ctx_mem_pool_size
07-11 16:59:24.183   569   609 I ActivityManager: Force stopping com.google.android.katniss appid=10042 user=0: pkg removed
07-11 16:59:24.197   569   609 I ActivityManager: Force stopping com.google.android.katniss appid=10042 user=0: pkg removed
07-11 16:59:24.210   569   593 W BroadcastQueue: Background execution not allowed: receiving Intent { act=android.intent.action.PACKAGE_REMOVED dat=package:com.google.android.katniss flg=0x4000010 (has extras) } to com.android.vending/com.google.android.finsky.packagemonitor.impl.PackageMonitorReceiverImpl$RegisteredReceiver
07-11 16:59:24.225   569   593 W BroadcastQueue: Background execution not allowed: receiving Intent { act=android.intent.action.PACKAGE_REMOVED dat=package:com.google.android.katniss flg=0x4000010 (has extras) } to com.android.vending/com.google.android.finsky.packagemonitor.backgroundimpl.BackgroundPackageMonitorReceiverImpl$RegisteredReceiver
07-11 16:59:24.225   569   593 W BroadcastQueue: Background execution not allowed: receiving Intent { act=android.intent.action.PACKAGE_REMOVED dat=package:com.google.android.katniss flg=0x4000010 (has extras) } to com.android.vending/com.google.android.finsky.instantapps.appmanagement.InstantAppRemoveMonitor
07-11 16:59:24.254   569   593 W BroadcastQueue: Background execution not allowed: receiving Intent { act=android.intent.action.PACKAGE_REMOVED dat=package:com.google.android.katniss flg=0x4000010 (has extras) } to com.google.android.gms/.games.chimera.GamesSystemBroadcastReceiverProxy
07-11 16:59:24.258   569   593 W BroadcastQueue: Background execution not allowed: receiving Intent { act=android.intent.action.PACKAGE_REMOVED dat=package:com.google.android.katniss flg=0x4000010 (has extras) } to com.google.android.gms/.chimera.GmsIntentOperationService$PersistentTrustedReceiver
07-11 16:59:24.258   569   593 W BroadcastQueue: Background execution not allowed: receiving Intent { act=android.intent.action.PACKAGE_REMOVED dat=package:com.google.android.katniss flg=0x4000010 (has extras) } to com.xiaomi.android.tvsetup.partnercustomizer/.PartnerReceiver
07-11 16:59:24.272   569   569 D CompatibilityChangeReporter: Compat change id reported: 135634846; UID 1000; state: DISABLED
07-11 16:59:24.319   569  1887 D PowerManagerService: updateSuspendBlockerLocked mWakefulness=1,needWakeLockSuspendBlocker=true
07-11 16:59:24.328   569   594 W ActivityManager: Slow operation: 59ms so far, now at startProcess: done updating battery stats
07-11 16:59:24.335   569   594 W ActivityManager: Slow operation: 66ms so far, now at startProcess: building log message
07-11 16:59:24.335   569   594 I ActivityManager: Start proc 5972:com.android.keychain/1000 for service {com.android.keychain/com.android.keychain.KeyChainService}
07-11 16:59:24.335   569   594 W ActivityManager: Slow operation: 66ms so far, now at startProcess: starting to update pids map
07-11 16:59:24.336   569   594 W ActivityManager: Slow operation: 66ms so far, now at startProcess: done updating pids map
07-11 16:59:24.343   569  1373 D PowerManagerService: updateSuspendBlockerLocked mWakefulness=1,needWakeLockSuspendBlocker=true
07-11 16:59:24.349   569  1887 D PowerManagerService: updateSuspendBlockerLocked mWakefulness=1,needWakeLockSuspendBlocker=true
07-11 16:59:24.351   569  1897 D PowerManagerService: updateSuspendBlockerLocked mWakefulness=1,needWakeLockSuspendBlocker=true
07-11 16:59:24.357   569   686 D PowerManagerService: updateSuspendBlockerLocked mWakefulness=1,needWakeLockSuspendBlocker=true
07-11 16:59:24.368   569  1403 D PowerManagerService: updateSuspendBlockerLocked mWakefulness=1,needWakeLockSuspendBlocker=true
07-11 16:59:24.382   569   584 I RoleManagerService: Granting default roles...
07-11 16:59:24.392   569  1373 D CompatibilityChangeReporter: Compat change id reported: 135634846; UID 10042; state: DISABLED
07-11 16:59:24.393   569   594 D CompatibilityChangeReporter: Compat change id reported: 143937733; UID 10042; state: ENABLED
07-11 16:59:24.395   569  1887 D PowerManagerService: updateSuspendBlockerLocked mWakefulness=1,needWakeLockSuspendBlocker=true
07-11 16:59:24.399   569   584 D CompatibilityChangeReporter: Compat change id reported: 135634846; UID 10068; state: DISABLED
07-11 16:59:24.406   569   849 D PowerManagerService: updateSuspendBlockerLocked mWakefulness=1,needWakeLockSuspendBlocker=true
07-11 16:59:24.440   569   594 I ActivityManager: Start proc 6003:com.google.android.katniss:interactor/u0a42 for content provider {com.google.android.katniss/com.google.android.apps.tvsearch.providers.launcher.WidgetInfoProvider}
07-11 16:59:24.441   569   594 D CompatibilityChangeReporter: Compat change id reported: 143937733; UID 10068; state: DISABLED
07-11 16:59:24.450   569  1881 D PowerManagerService: updateSuspendBlockerLocked mWakefulness=1,needWakeLockSuspendBlocker=true
07-11 16:59:24.460   569  1887 D PowerManagerService: updateSuspendBlockerLocked mWakefulness=1,needWakeLockSuspendBlocker=true
07-11 16:59:24.481   569   849 D PowerManagerService: updateSuspendBlockerLocked mWakefulness=1,needWakeLockSuspendBlocker=true
07-11 16:59:24.563   569   849 D PowerManagerService: updateSuspendBlockerLocked mWakefulness=1,needWakeLockSuspendBlocker=true
07-11 16:59:24.564   569   594 W ActivityManager: Slow operation: 166ms so far, now at startProcess: returned from zygote!
07-11 16:59:24.565   569   594 W ActivityManager: Slow operation: 166ms so far, now at startProcess: done updating battery stats
07-11 16:59:24.565   569   594 W ActivityManager: Slow operation: 167ms so far, now at startProcess: building log message
07-11 16:59:24.565   569   594 I ActivityManager: Start proc 6028:com.google.android.permissioncontroller/u0a68 for service {com.google.android.permissioncontroller/com.android.permissioncontroller.role.service.RoleControllerServiceImpl}
07-11 16:59:24.565   569   594 W ActivityManager: Slow operation: 167ms so far, now at startProcess: starting to update pids map
07-11 16:59:24.565   569   594 W ActivityManager: Slow operation: 167ms so far, now at startProcess: done updating pids map
07-11 16:59:24.585   569  1897 D PowerManagerService: updateSuspendBlockerLocked mWakefulness=1,needWakeLockSuspendBlocker=true
07-11 16:59:24.738   569   686 W BroadcastQueue: Background execution not allowed: receiving Intent { act=android.intent.action.PACKAGE_ADDED dat=package:com.google.android.katniss flg=0x4000010 (has extras) } to com.google.android.packageinstaller/com.android.packageinstaller.PackageInstalledReceiver
07-11 16:59:24.751   569   593 W BroadcastQueue: Background execution not allowed: receiving Intent { act=android.intent.action.PACKAGE_ADDED dat=package:com.google.android.katniss flg=0x4000010 (has extras) } to com.android.vending/com.google.android.finsky.packagemonitor.impl.PackageMonitorReceiverImpl$RegisteredReceiver
07-11 16:59:24.751   569   593 W BroadcastQueue: Background execution not allowed: receiving Intent { act=android.intent.action.PACKAGE_ADDED dat=package:com.google.android.katniss flg=0x4000010 (has extras) } to com.android.vending/com.google.android.finsky.packagemonitor.backgroundimpl.BackgroundPackageMonitorReceiverImpl$RegisteredReceiver
07-11 16:59:24.751   569   593 W BroadcastQueue: Background execution not allowed: receiving Intent { act=android.intent.action.PACKAGE_ADDED dat=package:com.google.android.katniss flg=0x4000010 (has extras) } to com.google.android.gms/.games.chimera.GamesSystemBroadcastReceiverProxy
07-11 16:59:24.751   569   593 W BroadcastQueue: Background execution not allowed: receiving Intent { act=android.intent.action.PACKAGE_ADDED dat=package:com.google.android.katniss flg=0x4000010 (has extras) } to com.google.android.gms/.gass.chimera.PackageChangeBroadcastReceiver
07-11 16:59:24.751   569   593 W BroadcastQueue: Background execution not allowed: receiving Intent { act=android.intent.action.PACKAGE_ADDED dat=package:com.google.android.katniss flg=0x4000010 (has extras) } to com.google.android.gms/.chimera.GmsIntentOperationService$PersistentTrustedReceiver
07-11 16:59:24.751   569   593 W BroadcastQueue: Background execution not allowed: receiving Intent { act=android.intent.action.PACKAGE_ADDED dat=package:com.google.android.katniss flg=0x4000010 (has extras) } to com.xiaomi.android.tvsetup.partnercustomizer/.PartnerReceiver
07-11 16:59:24.867   569   582 W ActivityManager: Unable to start service Intent { cmp=com.google.android.katniss/bhu } U=0: not found
07-11 16:59:25.018   569  1887 W BroadcastQueue: Background execution not allowed: receiving Intent { act=android.intent.action.PACKAGE_REPLACED dat=package:com.google.android.katniss flg=0x4000010 (has extras) } to com.google.android.gms/.gass.chimera.PackageChangeBroadcastReceiver
07-11 16:59:25.021   569   593 W BroadcastQueue: Background execution not allowed: receiving Intent { act=android.intent.action.PACKAGE_REPLACED dat=package:com.google.android.katniss flg=0x4000010 (has extras) } to com.google.android.gms/.chimera.GmsIntentOperationService$PersistentTrustedReceiver
07-11 16:59:25.397   569  1372 D CompatibilityChangeReporter: Compat change id reported: 135634846; UID 10042; state: DISABLED
07-11 16:59:25.398   569   594 D CompatibilityChangeReporter: Compat change id reported: 143937733; UID 10042; state: ENABLED
07-11 16:59:25.438   569   594 I ActivityManager: Start proc 6110:com.google.android.katniss:search/u0a42 for broadcast {com.google.android.katniss/com.google.android.apps.tvsearch.fcm.FcmRegistrationReceiver_Receiver}
07-11 16:59:25.692   569  1879 D PowerManagerService: updateSuspendBlockerLocked mWakefulness=1,needWakeLockSuspendBlocker=true
07-11 16:59:25.761   569   569 W Looper  : Slow dispatch took 1385ms main h=android.app.ActivityThread$H c=android.app.-$$Lambda$LoadedApk$ReceiverDispatcher$Args$_BumDX2UKsnxLVrE6UJsJZkotuA@68676d9 m=0
07-11 16:59:25.761   569   569 W Looper  : Slow delivery took 1521ms main h=android.app.ActivityThread$H c=android.app.-$$Lambda$LoadedApk$ReceiverDispatcher$Args$_BumDX2UKsnxLVrE6UJsJZkotuA@44ce89e m=0
07-11 16:59:25.884   569   569 W Looper  : Slow dispatch took 120ms main h=android.app.ActivityThread$H c=android.app.-$$Lambda$LoadedApk$ReceiverDispatcher$Args$_BumDX2UKsnxLVrE6UJsJZkotuA@77d0dfe m=0
07-11 16:59:25.907   569   569 V BackupManagerConstants: getFullBackupIntervalMilliseconds(...) returns 86400000
07-11 16:59:25.907   569   569 V BackupManagerConstants: getFullBackupRequiredNetworkType(...) returns 2
07-11 16:59:25.907   569   569 V BackupManagerConstants: getFullBackupRequireCharging(...) returns true
07-11 16:59:25.941   569   592 W TextServicesManagerService: no available spell checker services found
07-11 16:59:25.949   569  1879 D ConnectivityService: requestNetwork for uid/pid:10042/6003 NetworkRequest [ TRACK_DEFAULT id=67, [ Capabilities: INTERNET&NOT_RESTRICTED&TRUSTED Uid: 10042 AdministratorUids: [] RequestorUid: 10042 RequestorPackageName: com.google.android.katniss] ]
07-11 16:59:25.950   569   646 D ConnectivityService: NetReassign [67 : null  100]
07-11 16:59:25.972   569   569 D PowerManagerService: updateSuspendBlockerLocked mWakefulness=1,needWakeLockSuspendBlocker=true
07-11 16:59:25.996   569  1372 D PowerManagerService: updateSuspendBlockerLocked mWakefulness=1,needWakeLockSuspendBlocker=true
07-11 16:59:26.066   569   569 W Looper  : Drained
07-11 16:59:26.074  6003  6069 E ActivityThread: Failed to find provider info for atv.hotwordmic
07-11 16:59:26.121   569   569 D PowerManagerService: updateSuspendBlockerLocked mWakefulness=1,needWakeLockSuspendBlocker=true
07-11 16:59:26.163   569  1403 W SettingsStatsUtil: Can not parse value to float: network
07-11 16:59:26.178   569  1881 D PowerManagerService: updateSuspendBlockerLocked mWakefulness=1,needWakeLockSuspendBlocker=true
07-11 16:59:26.190   569  1373 D PowerManagerService: updateSuspendBlockerLocked mWakefulness=1,needWakeLockSuspendBlocker=true
07-11 16:59:26.278   569  1373 D PowerManagerService: updateSuspendBlockerLocked mWakefulness=1,needWakeLockSuspendBlocker=true
07-11 16:59:26.390   569  1403 D PowerManagerService: updateSuspendBlockerLocked mWakefulness=1,needWakeLockSuspendBlocker=true
07-11 16:59:26.466  6003  6068 E ActivityThread: Failed to find provider info for atv.hotwordmic
07-11 16:59:26.483  6003  6069 E ActivityThread: Failed to find provider info for atv.hotwordmic
07-11 16:59:26.721     0     0 I         : [ 2710.054999@1]  show_ctx_mem_pool_size
07-11 16:59:26.721     0     0 I         : [ 2712.636422@1]  [TEE] E/TA:   _oecc104:1063 Unexpected provisioning method = 2.
07-11 16:59:26.907  6110  6110 E ActivityThread: Failed to find provider info for atv.hotwordmic
07-11 16:59:26.924   569  1372 D PowerManagerService: updateSuspendBlockerLocked mWakefulness=1,needWakeLockSuspendBlocker=true
07-11 16:59:26.954   569  1372 D PowerManagerService: updateSuspendBlockerLocked mWakefulness=1,needWakeLockSuspendBlocker=true
07-11 16:59:27.022   569  1373 D PowerManagerService: updateSuspendBlockerLocked mWakefulness=1,needWakeLockSuspendBlocker=false
07-11 16:59:29.505   569   629 D PowerManagerService: updateSuspendBlockerLocked mWakefulness=1,needWakeLockSuspendBlocker=true
07-11 16:59:29.514   569   569 D PowerManagerService: updateSuspendBlockerLocked mWakefulness=1,needWakeLockSuspendBlocker=false
07-11 16:59:29.515   569   569 D PowerManagerService: updateSuspendBlockerLocked mWakefulness=1,needWakeLockSuspendBlocker=true
07-11 16:59:29.623   569   569 I chatty  : uid=1000(system) Binder:569_3 identical 4 lines
07-11 16:59:29.632   569   569 D PowerManagerService: updateSuspendBlockerLocked mWakefulness=1,needWakeLockSuspendBlocker=true
07-11 16:59:29.664   569  1887 D PowerManagerService: updateSuspendBlockerLocked mWakefulness=1,needWakeLockSuspendBlocker=true
07-11 16:59:29.668   569  1887 I chatty  : uid=1000(system) Binder:569_1B identical 1 line
07-11 16:59:29.720   569  1887 D PowerManagerService: updateSuspendBlockerLocked mWakefulness=1,needWakeLockSuspendBlocker=true
07-11 16:59:29.722   569   569 D PowerManagerService: updateSuspendBlockerLocked mWakefulness=1,needWakeLockSuspendBlocker=true
07-11 16:59:29.776   569  1403 D ConnectivityService: requestNetwork for uid/pid:10042/6110 NetworkRequest [ TRACK_DEFAULT id=68, [ Capabilities: INTERNET&NOT_RESTRICTED&TRUSTED Uid: 10042 AdministratorUids: [] RequestorUid: 10042 RequestorPackageName: com.google.android.katniss] ]
07-11 16:59:29.777   569   646 D ConnectivityService: NetReassign [68 : null  100]
07-11 16:59:29.781   569   646 D ConnectivityService: NetReassign [no changes]
07-11 16:59:29.782   569  1403 D PowerManagerService: updateSuspendBlockerLocked mWakefulness=1,needWakeLockSuspendBlocker=true
07-11 16:59:29.873   569   569 D PowerManagerService: updateSuspendBlockerLocked mWakefulness=1,needWakeLockSuspendBlocker=true
07-11 16:59:29.881   569  1881 D PowerManagerService: updateSuspendBlockerLocked mWakefulness=1,needWakeLockSuspendBlocker=true
07-11 16:59:29.905     0     0 I         : [ 2712.745321@1]  show_ctx_mem_pool_size
07-11 16:59:29.905     0     0 I [ 2715.821687@1]  binder_alloc: 6110: binder_alloc_buf size 1056768 failed, no address space
07-11 16:59:29.905     0     0 I [ 2715.821697@1]  binder_alloc: allocated: 992 (num: 13 largest: 864), free: 1039392 (num: 7 largest: 1034752)
07-11 16:59:29.905     0     0 I [ 2715.821708@1]  binder: 1266:2057 transaction failed 29201/-28, size 1056768-0 line 2906
07-11 16:59:29.905     0     0 I [ 2715.821879@1]  binder: send failed reply for transaction 573671 to 6110:6144
07-11 16:59:29.919   569  1887 D PowerManagerService: updateSuspendBlockerLocked mWakefulness=1,needWakeLockSuspendBlocker=true
07-11 16:59:31.850   569  1881 D PowerManagerService: updateSuspendBlockerLocked mWakefulness=1,needWakeLockSuspendBlocker=true
07-11 16:59:31.953   569   629 D PowerManagerService: updateSuspendBlockerLocked mWakefulness=1,needWakeLockSuspendBlocker=true
07-11 16:59:31.956   569  1403 D PowerManagerService: updateSuspendBlockerLocked mWakefulness=1,needWakeLockSuspendBlocker=true
07-11 16:59:31.959   569   569 D PowerManagerService: updateSuspendBlockerLocked mWakefulness=1,needWakeLockSuspendBlocker=true
07-11 16:59:31.983   569  1887 D PowerManagerService: updateSuspendBlockerLocked mWakefulness=1,needWakeLockSuspendBlocker=true
07-11 16:59:32.005   569  1403 D PowerManagerService: updateSuspendBlockerLocked mWakefulness=1,needWakeLockSuspendBlocker=true
07-11 16:59:34.945     0     0 I [ 2720.862126@0]  binder_alloc: 6110: binder_alloc_buf size 1056768 failed, no address space
07-11 16:59:34.945     0     0 I [ 2720.862140@0]  binder_alloc: allocated: 144 (num: 14 largest: 40), free: 1040240 (num: 5 largest: 1034752)
07-11 16:59:34.945     0     0 I [ 2720.862152@0]  binder: 1266:2276 transaction failed 29201/-28, size 1056768-0 line 2906
07-11 16:59:34.945     0     0 I [ 2720.862388@0]  binder: send failed reply for transaction 575459 to 6110:6144
07-11 16:59:35.486   569   629 D PowerManagerService: updateSuspendBlockerLocked mWakefulness=1,needWakeLockSuspendBlocker=true
07-11 16:59:35.495   569   569 D PowerManagerService: updateSuspendBlockerLocked mWakefulness=1,needWakeLockSuspendBlocker=true
07-11 16:59:35.530   569   569 D PowerManagerService: updateSuspendBlockerLocked mWakefulness=1,needWakeLockSuspendBlocker=true
07-11 16:59:35.577   569  1887 D PowerManagerService: updateSuspendBlockerLocked mWakefulness=1,needWakeLockSuspendBlocker=true
07-11 16:59:35.579   569  1881 D PowerManagerService: updateSuspendBlockerLocked mWakefulness=1,needWakeLockSuspendBlocker=true
07-11 16:59:36.323   569  1881 I chatty  : uid=1000(system) Binder:569_18 identical 1 line
07-11 16:59:36.324   569  1881 D PowerManagerService: updateSuspendBlockerLocked mWakefulness=1,needWakeLockSuspendBlocker=true
07-11 16:59:36.342   569  1373 D PowerManagerService: updateSuspendBlockerLocked mWakefulness=1,needWakeLockSuspendBlocker=true
07-11 16:59:36.839   569  1887 D PowerManagerService: updateSuspendBlockerLocked mWakefulness=1,needWakeLockSuspendBlocker=true
07-11 16:59:39.617   569   629 D PowerManagerService: updateSuspendBlockerLocked mWakefulness=1,needWakeLockSuspendBlocker=true
07-11 16:59:39.624   569   569 D PowerManagerService: updateSuspendBlockerLocked mWakefulness=1,needWakeLockSuspendBlocker=true
07-11 16:59:39.641   569   569 D PowerManagerService: updateSuspendBlockerLocked mWakefulness=1,needWakeLockSuspendBlocker=true
07-11 16:59:39.981     0     0 I [ 2725.900351@2]  binder_alloc: 6110: binder_alloc_buf size 1056768 failed, no address space
07-11 16:59:39.981     0     0 I [ 2725.900373@2]  binder_alloc: allocated: 144 (num: 14 largest: 40), free: 1040240 (num: 5 largest: 1034752)
07-11 16:59:39.981     0     0 I [ 2725.900390@2]  binder: 1266:2276 transaction failed 29201/-28, size 1056768-0 line 2906
07-11 16:59:39.981     0     0 I [ 2725.900465@2]  binder: send failed reply for transaction 576954 to 6110:6144
07-11 16:59:40.249   569  1373 D PowerManagerService: updateSuspendBlockerLocked mWakefulness=1,needWakeLockSuspendBlocker=true
07-11 16:59:44.841     0     0 I         : [ 2727.068010@1]  show_ctx_mem_pool_size
07-11 16:59:44.857     0     0 I         : [ 2730.756676@3]  show_ctx_mem_pool_size
07-11 16:59:45.021     0     0 I         : [ 2730.774957@0]  show_ctx_mem_pool_size
07-11 16:59:45.021     0     0 I [ 2730.938044@0]  binder_alloc: 6110: binder_alloc_buf size 1056768 failed, no address space
07-11 16:59:45.021     0     0 I [ 2730.938055@0]  binder_alloc: allocated: 144 (num: 14 largest: 40), free: 1040240 (num: 5 largest: 1034752)
07-11 16:59:45.021     0     0 I [ 2730.938064@0]  binder: 1266:2276 transaction failed 29201/-28, size 1056768-0 line 2906
07-11 16:59:45.021     0     0 I [ 2730.938083@0]  binder: send failed reply for transaction 577633 to 6110:6144
07-11 16:59:50.065     0     0 I         : [ 2733.836655@0]  show_ctx_mem_pool_size
07-11 16:59:50.065     0     0 I [ 2735.981036@0]  binder_alloc: 6110: binder_alloc_buf size 1056768 failed, no address space
07-11 16:59:50.065     0     0 I [ 2735.981054@0]  binder_alloc: allocated: 144 (num: 14 largest: 40), free: 1040240 (num: 5 largest: 1034752)
07-11 16:59:50.065     0     0 I [ 2735.981070@0]  binder: 1266:2276 transaction failed 29201/-28, size 1056768-0 line 2906
07-11 16:59:50.065     0     0 I [ 2735.981100@0]  binder: send failed reply for transaction 578438 to 6110:6144
07-11 16:59:55.117     0     0 I [ 2741.032598@1]  binder_alloc: 6110: binder_alloc_buf size 1056768 failed, no address space
07-11 16:59:55.117     0     0 I [ 2741.032613@1]  binder_alloc: allocated: 144 (num: 14 largest: 40), free: 1040240 (num: 5 largest: 1034752)
07-11 16:59:55.117     0     0 I [ 2741.032622@1]  binder: 1266:2276 transaction failed 29201/-28, size 1056768-0 line 2906
07-11 16:59:55.117     0     0 I [ 2741.032640@1]  binder: send failed reply for transaction 579073 to 6110:6144
07-11 16:59:56.143   569   629 D PowerManagerService: updateSuspendBlockerLocked mWakefulness=1,needWakeLockSuspendBlocker=true
07-11 16:59:56.148   569   569 D PowerManagerService: updateSuspendBlockerLocked mWakefulness=1,needWakeLockSuspendBlocker=true
07-11 16:59:56.165   569   569 D PowerManagerService: updateSuspendBlockerLocked mWakefulness=1,needWakeLockSuspendBlocker=true
07-11 16:59:56.195   569  1373 D PowerManagerService: updateSuspendBlockerLocked mWakefulness=1,needWakeLockSuspendBlocker=true
07-11 17:00:00.000   569   629 D PowerManagerService: updateSuspendBlockerLocked mWakefulness=1,needWakeLockSuspendBlocker=true
07-11 17:00:00.001   569   569 D PowerManagerService: updateSuspendBlockerLocked mWakefulness=1,needWakeLockSuspendBlocker=true
07-11 17:00:00.157     0     0 I [ 2746.075307@1]  binder_alloc: 6110: binder_alloc_buf size 1056768 failed, no address space
07-11 17:00:00.157     0     0 I [ 2746.075322@1]  binder_alloc: allocated: 136 (num: 13 largest: 40), free: 1040248 (num: 4 largest: 1034752)
07-11 17:00:00.157     0     0 I [ 2746.075331@1]  binder: 1266:2276 transaction failed 29201/-28, size 1056768-0 line 2906
07-11 17:00:00.157     0     0 I [ 2746.075350@1]  binder: send failed reply for transaction 579887 to 6110:6144
07-11 17:00:03.585     0     0 I         : [ 2749.500428@1]  [TEE] E/TA:   _oecc104:1063 Unexpected provisioning method = 2.
07-11 17:00:04.877     0     0 I         : [ 2750.780698@1]  show_ctx_mem_pool_size
07-11 17:00:04.885     0     0 I         : [ 2750.793829@0]  show_ctx_mem_pool_size
07-11 17:00:05.209     0     0 I         : [ 2750.803030@2]  show_ctx_mem_pool_size
07-11 17:00:05.209     0     0 I [ 2751.127505@2]  binder_alloc: 6110: binder_alloc_buf size 1056768 failed, no address space
07-11 17:00:05.209     0     0 I [ 2751.127520@2]  binder_alloc: allocated: 128 (num: 12 largest: 40), free: 1040256 (num: 4 largest: 1034752)
07-11 17:00:05.209     0     0 I [ 2751.127533@2]  binder: 1266:2276 transaction failed 29201/-28, size 1056768-0 line 2906
07-11 17:00:05.209     0     0 I [ 2751.127560@2]  binder: send failed reply for transaction 580785 to 6110:6144
07-11 17:00:10.265     0     0 I         : [ 2756.137822@2]  show_ctx_mem_pool_size
07-11 17:00:10.265     0     0 I [ 2756.183993@2]  binder_alloc: 6110: binder_alloc_buf size 1056768 failed, no address space
07-11 17:00:10.265     0     0 I [ 2756.184008@2]  binder_alloc: allocated: 128 (num: 12 largest: 40), free: 1040256 (num: 4 largest: 1034752)
07-11 17:00:10.265     0     0 I [ 2756.184021@2]  binder: 1266:2276 transaction failed 29201/-28, size 1056768-0 line 2906
07-11 17:00:10.265     0     0 I [ 2756.184054@2]  binder: send failed reply for transaction 581459 to 6110:6144
07-11 17:00:15.305     0     0 I [ 2761.223007@2]  binder_alloc: 6110: binder_alloc_buf size 1056768 failed, no address space
07-11 17:00:15.305     0     0 I [ 2761.223025@2]  binder_alloc: allocated: 128 (num: 12 largest: 40), free: 1040256 (num: 4 largest: 1034752)
07-11 17:00:15.305     0     0 I [ 2761.223037@2]  binder: 1266:2276 transaction failed 29201/-28, size 1056768-0 line 2906
07-11 17:00:15.305     0     0 I [ 2761.223061@2]  binder: send failed reply for transaction 582203 to 6110:6144
07-11 17:00:20.357     0     0 I [ 2766.275879@2]  binder_alloc: 6110: binder_alloc_buf size 1056768 failed, no address space
07-11 17:00:20.357     0     0 I [ 2766.275898@2]  binder_alloc: allocated: 128 (num: 12 largest: 40), free: 1040256 (num: 4 largest: 1034752)
07-11 17:00:20.357     0     0 I [ 2766.275913@2]  binder: 1266:2276 transaction failed 29201/-28, size 1056768-0 line 2906
07-11 17:00:20.357     0     0 I [ 2766.275941@2]  binder: send failed reply for transaction 582828 to 6110:6144
07-11 17:00:25.377     0     0 I         : [ 2771.285297@1]  show_ctx_mem_pool_size
07-11 17:00:25.409     0     0 I         : [ 2771.295763@3]  show_ctx_mem_pool_size
07-11 17:00:25.409     0     0 I [ 2771.325647@3]  binder_alloc: 6110: binder_alloc_buf size 1056768 failed, no address space
07-11 17:00:25.409     0     0 I [ 2771.325657@3]  binder_alloc: allocated: 128 (num: 12 largest: 40), free: 1040256 (num: 4 largest: 1034752)
07-11 17:00:25.409     0     0 I [ 2771.325666@3]  binder: 1266:2276 transaction failed 29201/-28, size 1056768-0 line 2906
07-11 17:00:25.409     0     0 I [ 2771.325684@3]  binder: send failed reply for transaction 583706 to 6110:6144
07-11 17:00:27.100   569   629 D PowerManagerService: updateSuspendBlockerLocked mWakefulness=1,needWakeLockSuspendBlocker=true
07-11 17:00:27.108   569   569 D PowerManagerService: updateSuspendBlockerLocked mWakefulness=1,needWakeLockSuspendBlocker=true
07-11 17:00:27.134   569   569 I chatty  : uid=1000(system) Binder:569_3 identical 1 line
07-11 17:00:27.135   569   569 D PowerManagerService: updateSuspendBlockerLocked mWakefulness=1,needWakeLockSuspendBlocker=true
07-11 17:00:27.176   569  1887 D PowerManagerService: updateSuspendBlockerLocked mWakefulness=1,needWakeLockSuspendBlocker=true
07-11 17:00:27.185   569   569 D PowerManagerService: updateSuspendBlockerLocked mWakefulness=1,needWakeLockSuspendBlocker=true
07-11 17:00:27.220   569  1887 D PowerManagerService: updateSuspendBlockerLocked mWakefulness=1,needWakeLockSuspendBlocker=true
07-11 17:00:27.226   569   569 D PowerManagerService: updateSuspendBlockerLocked mWakefulness=1,needWakeLockSuspendBlocker=true
07-11 17:00:27.263   569   569 I chatty  : uid=1000(system) Binder:569_3 identical 2 lines
07-11 17:00:27.283   569   569 D PowerManagerService: updateSuspendBlockerLocked mWakefulness=1,needWakeLockSuspendBlocker=true
